Archive member included because of file (symbol)

contiki-micaz.a(abc.o)        clock_test.co (abc_send)
contiki-micaz.a(channel.o)    contiki-micaz.a(abc.o) (channel_close)
contiki-micaz.a(list.o)       contiki-micaz.a(channel.o) (list_init)
contiki-micaz.a(etimer.o)     clock_test.co (etimer_expired)
contiki-micaz.a(packetbuf.o)  clock_test.co (packetbuf_dataptr)
contiki-micaz.a(contiki-micaz-m)
                              /usr/bin/../lib/gcc/avr/4.1.2/../../../../avr/lib/avr5/crtm128.o (main)
contiki-micaz.a(init-net.o)   contiki-micaz.a(contiki-micaz-m) (init_net)
contiki-micaz.a(node-id.o)    contiki-micaz.a(contiki-micaz-m) (node_id_restore)
contiki-micaz.a(clock.o)      clock_test.co (clock_init)
contiki-micaz.a(ds2401.o)     contiki-micaz.a(contiki-micaz-m) (ds2401_init)
contiki-micaz.a(eeprom.o)     contiki-micaz.a(node-id.o) (eeprom_read)
contiki-micaz.a(leds.o)       clock_test.co (leds_invert)
contiki-micaz.a(rimeaddr.o)   contiki-micaz.a(packetbuf.o) (rimeaddr_copy)
contiki-micaz.a(rime.o)       contiki-micaz.a(abc.o) (rime_output)
contiki-micaz.a(announcement.o)
                              contiki-micaz.a(rime.o) (announcement_init)
contiki-micaz.a(broadcast-annou)
                              contiki-micaz.a(rime.o) (broadcast_announcement_init)
contiki-micaz.a(broadcast.o)  contiki-micaz.a(broadcast-annou) (broadcast_send)
contiki-micaz.a(chameleon.o)  contiki-micaz.a(rime.o) (chameleon_create)
contiki-micaz.a(chameleon-bitop)
                              contiki-micaz.a(chameleon.o) (chameleon_bitopt)
contiki-micaz.a(cxmac.o)      contiki-micaz.a(init-net.o) (cxmac_driver)
contiki-micaz.a(mac.o)        contiki-micaz.a(cxmac.o) (mac_call_sent_callback)
contiki-micaz.a(framer-802154.o)
                              contiki-micaz.a(cxmac.o) (framer_802154)
contiki-micaz.a(csma.o)       contiki-micaz.a(init-net.o) (csma_driver)
contiki-micaz.a(process.o)    contiki-micaz.a(etimer.o) (process_current)
contiki-micaz.a(autostart.o)  contiki-micaz.a(contiki-micaz-m) (autostart_start)
contiki-micaz.a(compower.o)   contiki-micaz.a(cxmac.o) (compower_clear)
contiki-micaz.a(memb.o)       contiki-micaz.a(cxmac.o) (memb_alloc)
contiki-micaz.a(timer.o)      contiki-micaz.a(etimer.o) (timer_reset)
contiki-micaz.a(ctimer.o)     contiki-micaz.a(broadcast-annou) (ctimer_stop)
contiki-micaz.a(energest.o)   contiki-micaz.a(compower.o) (energest_type_time)
contiki-micaz.a(rtimer.o)     contiki-micaz.a(contiki-micaz-m) (rtimer_init)
contiki-micaz.a(random.o)     contiki-micaz.a(broadcast-annou) (random_rand)
contiki-micaz.a(queuebuf.o)   contiki-micaz.a(cxmac.o) (queuebuf_to_packetbuf)
contiki-micaz.a(rs232.o)      contiki-micaz.a(contiki-micaz-m) (rs232_init)
contiki-micaz.a(leds-arch.o)  contiki-micaz.a(leds.o) (leds_arch_init)
contiki-micaz.a(cc2420.o)     contiki-micaz.a(init-net.o) (cc2420_set_pan_addr)
contiki-micaz.a(cc2420-arch.o)
                              contiki-micaz.a(cc2420.o) (cc2420_arch_init)
contiki-micaz.a(rtimer-arch.o)
                              contiki-micaz.a(rtimer.o) (rtimer_arch_init)
contiki-micaz.a(watchdog.o)   contiki-micaz.a(cxmac.o) (watchdog_start)
contiki-micaz.a(frame802154.o)
                              contiki-micaz.a(framer-802154.o) (frame802154_parse)
contiki-micaz.a(spi.o)        contiki-micaz.a(cc2420-arch.o) (spi_init)
/usr/bin/../lib/gcc/avr/4.1.2/avr5/libgcc.a(_udivmodhi4.o)
                              contiki-micaz.a(init-net.o) (__udivmodhi4)
/usr/bin/../lib/gcc/avr/4.1.2/avr5/libgcc.a(_divmodhi4.o)
                              contiki-micaz.a(chameleon-bitop) (__divmodhi4)
/usr/bin/../lib/gcc/avr/4.1.2/avr5/libgcc.a(_exit.o)
                              /usr/bin/../lib/gcc/avr/4.1.2/../../../../avr/lib/avr5/crtm128.o (exit)
/usr/bin/../lib/gcc/avr/4.1.2/avr5/libgcc.a(_clear_bss.o)
                              clock_test.co (__do_clear_bss)
/usr/bin/../lib/gcc/avr/4.1.2/../../../../avr/lib/avr5/libc.a(rand.o)
                              contiki-micaz.a(random.o) (rand)
/usr/bin/../lib/gcc/avr/4.1.2/../../../../avr/lib/avr5/libc.a(atoi.o)
                              clock_test.co (atoi)
/usr/bin/../lib/gcc/avr/4.1.2/../../../../avr/lib/avr5/libc.a(memcmp.o)
                              contiki-micaz.a(rimeaddr.o) (memcmp)
/usr/bin/../lib/gcc/avr/4.1.2/../../../../avr/lib/avr5/libc.a(memcpy.o)
                              contiki-micaz.a(packetbuf.o) (memcpy)
/usr/bin/../lib/gcc/avr/4.1.2/../../../../avr/lib/avr5/libc.a(memset.o)
                              contiki-micaz.a(chameleon-bitop) (memset)
/usr/bin/../lib/gcc/avr/4.1.2/../../../../avr/lib/avr5/libc.a(mul10.o)
                              /usr/bin/../lib/gcc/avr/4.1.2/../../../../avr/lib/avr5/libc.a(atoi.o) (__mulhi_const_10)
/usr/bin/../lib/gcc/avr/4.1.2/../../../../avr/lib/avr5/libc.a(iob.o)
                              contiki-micaz.a(rs232.o) (__iob)
/usr/bin/../lib/gcc/avr/4.1.2/../../../../avr/lib/avr5/libc.a(printf.o)
                              clock_test.co (printf)
[...]
Memory Configuration

Name             Origin             Length             Attributes
text             0x0000000000000000 0x0000000000020000 xr
data             0x0000000000800060 0x000000000000ffa0 rw !x
eeprom           0x0000000000810000 0x0000000000010000 rw !x
*default*        0x0000000000000000 0xffffffffffffffff

Linker script and memory map

Address of section .data set to 0x800100
LOAD /usr/bin/../lib/gcc/avr/4.1.2/../../../../avr/lib/avr5/crtm128.o
Address of section .bootloader set to 0x1f800
LOAD clock_test.co
LOAD contiki-micaz.a
LOAD /usr/bin/../lib/gcc/avr/4.1.2/avr5/libgcc.a
LOAD /usr/bin/../lib/gcc/avr/4.1.2/../../../../avr/lib/avr5/libc.a
LOAD /usr/bin/../lib/gcc/avr/4.1.2/avr5/libgcc.a

.hash
 *(.hash)

.dynsym
 *(.dynsym)

.dynstr
 *(.dynstr)

.gnu.version
 *(.gnu.version)

.gnu.version_d
 *(.gnu.version_d)

.gnu.version_r
 *(.gnu.version_r)

.rel.init
 *(.rel.init)

.rela.init
 *(.rela.init)

.rel.text
 *(.rel.text)
 *(.rel.text.*)
 *(.rel.gnu.linkonce.t*)

.rela.text
 *(.rela.text)
 *(.rela.text.*)
 *(.rela.gnu.linkonce.t*)

.rel.fini
 *(.rel.fini)

.rela.fini
 *(.rela.fini)

.rel.rodata
 *(.rel.rodata)
 *(.rel.rodata.*)
 *(.rel.gnu.linkonce.r*)

.rela.rodata
 *(.rela.rodata)
 *(.rela.rodata.*)
 *(.rela.gnu.linkonce.r*)

.rel.data
 *(.rel.data)
 *(.rel.data.*)
 *(.rel.gnu.linkonce.d*)

.rela.data
 *(.rela.data)
 *(.rela.data.*)
 *(.rela.gnu.linkonce.d*)

.rel.ctors
 *(.rel.ctors)

.rela.ctors
 *(.rela.ctors)

.rel.dtors
 *(.rel.dtors)

.rela.dtors
 *(.rela.dtors)

.rel.got
 *(.rel.got)

.rela.got
 *(.rela.got)

.rel.bss
 *(.rel.bss)

.rela.bss
 *(.rela.bss)

.rel.plt
 *(.rel.plt)

.rela.plt
 *(.rela.plt)

.text           0x0000000000000000     0x4be0
 *(.vectors)
 .vectors       0x0000000000000000       0x8c /usr/bin/../lib/gcc/avr/4.1.2/../../../../avr/lib/avr5/crtm128.o
                0x0000000000000000                __vectors
                0x0000000000000000                __vector_default
 *(.vectors)
 *(.progmem.gcc*)
 *(.progmem*)
 .progmem.data  0x000000000000008c       0x21 contiki-micaz.a(contiki-micaz-m)
 .progmem.data  0x00000000000000ad       0x83 contiki-micaz.a(init-net.o)
                0x0000000000000130                . = ALIGN (0x2)
                0x0000000000000130                __trampolines_start = .
 *(.trampolines)
 .trampolines   0x0000000000000130        0x0 linker stubs
 *(.trampolines*)
                0x0000000000000130                __trampolines_end = .
 *(.jumptables)
 *(.jumptables*)
 *(.lowtext)
 *(.lowtext*)
                0x0000000000000130                __ctors_start = .
 *(.ctors)
                0x0000000000000130                __ctors_end = .
                0x0000000000000130                __dtors_start = .
 *(.dtors)
                0x0000000000000130                __dtors_end = .
 SORT(*)(.ctors)
 SORT(*)(.dtors)
 *(.init0)
 .init0         0x0000000000000130        0x0 /usr/bin/../lib/gcc/avr/4.1.2/../../../../avr/lib/avr5/crtm128.o
                0x0000000000000130                __init
 *(.init0)
 *(.init1)
 *(.init1)
 *(.init2)
 .init2         0x0000000000000130        0xc /usr/bin/../lib/gcc/avr/4.1.2/../../../../avr/lib/avr5/crtm128.o
 *(.init2)
 *(.init3)
 *(.init3)
 *(.init4)
 .init4         0x000000000000013c       0x1a /usr/bin/../lib/gcc/avr/4.1.2/../../../../avr/lib/avr5/crtm128.o
                0x000000000000013c                __do_copy_data
 .init4         0x0000000000000156       0x10 /usr/bin/../lib/gcc/avr/4.1.2/avr5/libgcc.a(_clear_bss.o)
                0x0000000000000156                __do_clear_bss
 *(.init4)
 *(.init5)
 *(.init5)
 *(.init6)
 *(.init6)
 *(.init7)
 *(.init7)
 *(.init8)
 *(.init8)
 *(.init9)
 .init9         0x0000000000000166        0x8 /usr/bin/../lib/gcc/avr/4.1.2/../../../../avr/lib/avr5/crtm128.o
 *(.init9)
 *(.text)
 .text          0x000000000000016e        0x4 /usr/bin/../lib/gcc/avr/4.1.2/../../../../avr/lib/avr5/crtm128.o
                0x000000000000016e                __vector_22
                0x000000000000016e                __vector_28
                0x000000000000016e                __vector_1
                0x000000000000016e                __vector_32
                0x000000000000016e                __vector_34
                0x000000000000016e                __vector_24
                0x000000000000016e                __vector_12
                0x000000000000016e                __bad_interrupt
                0x000000000000016e                __vector_6
                0x000000000000016e                __vector_31
                0x000000000000016e                __vector_3
                0x000000000000016e                __vector_23
                0x000000000000016e                __vector_25
                0x000000000000016e                __vector_11
                0x000000000000016e                __vector_13
                0x000000000000016e                __vector_17
                0x000000000000016e                __vector_19
                0x000000000000016e                __vector_27
                0x000000000000016e                __vector_5
                0x000000000000016e                __vector_33
                0x000000000000016e                __vector_4
                0x000000000000016e                __vector_9
                0x000000000000016e                __vector_2
                0x000000000000016e                __vector_21
                0x000000000000016e                __vector_29
                0x000000000000016e                __vector_8
                0x000000000000016e                __vector_14
                0x000000000000016e                __vector_10
                0x000000000000016e                __vector_16
                0x000000000000016e                __vector_20
                0x0000000000000172                . = ALIGN (0x2)
 *(.text.*)
 .text.process_thread_clock_test
                0x0000000000000172       0xf8 clock_test.co
 .text.abc_recv
                0x000000000000026a       0xb2 clock_test.co
 .text.abc_input
                0x000000000000031c       0x1c contiki-micaz.a(abc.o)
                0x000000000000031c                abc_input
 .text.abc_sent
                0x0000000000000338       0x1c contiki-micaz.a(abc.o)
                0x0000000000000338                abc_sent
 .text.abc_send
                0x0000000000000354        0x6 contiki-micaz.a(abc.o)
                0x0000000000000354                abc_send
 .text.abc_close
                0x000000000000035a        0x6 contiki-micaz.a(abc.o)
                0x000000000000035a                abc_close
 .text.abc_open
                0x0000000000000360       0x34 contiki-micaz.a(abc.o)
                0x0000000000000360                abc_open
 .text.channel_lookup
                0x0000000000000394       0x2e contiki-micaz.a(channel.o)
                0x0000000000000394                channel_lookup
 .text.channel_close
                0x00000000000003c2        0xc contiki-micaz.a(channel.o)
                0x00000000000003c2                channel_close
 .text.channel_open
                0x00000000000003ce       0x12 contiki-micaz.a(channel.o)
                0x00000000000003ce                channel_open
 .text.channel_set_attributes
                0x00000000000003e0       0x2a contiki-micaz.a(channel.o)
                0x00000000000003e0                channel_set_attributes
 .text.channel_init
                0x000000000000040a        0xa contiki-micaz.a(channel.o)
                0x000000000000040a                channel_init
 .text.list_init
                0x0000000000000414        0x8 contiki-micaz.a(list.o)
                0x0000000000000414                list_init
 .text.list_head
                0x000000000000041c        0x8 contiki-micaz.a(list.o)
                0x000000000000041c                list_head
 .text.list_remove
                0x0000000000000424       0x46 contiki-micaz.a(list.o)
                0x0000000000000424                list_remove
 .text.list_push
                0x000000000000046a       0x2c contiki-micaz.a(list.o)
                0x000000000000046a                list_push
 .text.list_length
                0x0000000000000496       0x1c contiki-micaz.a(list.o)
                0x0000000000000496                list_length
 .text.list_item_next
                0x00000000000004b2       0x12 contiki-micaz.a(list.o)
                0x00000000000004b2                list_item_next
 .text.list_add
                0x00000000000004c4       0x3c contiki-micaz.a(list.o)
                0x00000000000004c4                list_add
 .text.etimer_expired
                0x0000000000000500       0x16 contiki-micaz.a(etimer.o)
                0x0000000000000500                etimer_expired
 .text.etimer_pending
                0x0000000000000516       0x12 contiki-micaz.a(etimer.o)
                0x0000000000000516                etimer_pending
 .text.update_time
                0x0000000000000528       0x66 contiki-micaz.a(etimer.o)
 .text.etimer_stop
                0x000000000000058e       0x4c contiki-micaz.a(etimer.o)
                0x000000000000058e                etimer_stop
 .text.etimer_request_poll
                0x00000000000005da        0xa contiki-micaz.a(etimer.o)
                0x00000000000005da                etimer_request_poll
 .text.add_timer
                0x00000000000005e4       0x64 contiki-micaz.a(etimer.o)
 .text.etimer_set
                0x0000000000000648       0x16 contiki-micaz.a(etimer.o)
                0x0000000000000648                etimer_set
 .text.process_thread_etimer_process
                0x000000000000065e      0x106 contiki-micaz.a(etimer.o)
 .text.packetbuf_hdrreduce
                0x0000000000000764       0x3c contiki-micaz.a(packetbuf.o)
                0x0000000000000764                packetbuf_hdrreduce
 .text.packetbuf_set_datalen
                0x00000000000007a0        0xa contiki-micaz.a(packetbuf.o)
                0x00000000000007a0                packetbuf_set_datalen
 .text.packetbuf_dataptr
                0x00000000000007aa       0x18 contiki-micaz.a(packetbuf.o)
                0x00000000000007aa                packetbuf_dataptr
 .text.packetbuf_hdrptr
                0x00000000000007c2       0x12 contiki-micaz.a(packetbuf.o)
                0x00000000000007c2                packetbuf_hdrptr
 .text.packetbuf_is_reference
                0x00000000000007d4       0x24 contiki-micaz.a(packetbuf.o)
                0x00000000000007d4                packetbuf_is_reference
 .text.packetbuf_reference_ptr
                0x00000000000007f8        0xa contiki-micaz.a(packetbuf.o)
                0x00000000000007f8                packetbuf_reference_ptr
 .text.packetbuf_datalen
                0x0000000000000802        0xa contiki-micaz.a(packetbuf.o)
                0x0000000000000802                packetbuf_datalen
 .text.packetbuf_totlen
                0x000000000000080c       0x16 contiki-micaz.a(packetbuf.o)
                0x000000000000080c                packetbuf_totlen
 .text.packetbuf_attr_copyfrom
                0x0000000000000822       0x22 contiki-micaz.a(packetbuf.o)
                0x0000000000000822                packetbuf_attr_copyfrom
 .text.packetbuf_attr_copyto
                0x0000000000000844       0x22 contiki-micaz.a(packetbuf.o)
                0x0000000000000844                packetbuf_attr_copyto
 .text.packetbuf_copyto
                0x0000000000000866       0x8a contiki-micaz.a(packetbuf.o)
                0x0000000000000866                packetbuf_copyto
 .text.packetbuf_copyto_hdr
                0x00000000000008f0       0x34 contiki-micaz.a(packetbuf.o)
                0x00000000000008f0                packetbuf_copyto_hdr
 .text.packetbuf_attr_clear
                0x0000000000000924       0x32 contiki-micaz.a(packetbuf.o)
                0x0000000000000924                packetbuf_attr_clear
 .text.packetbuf_clear
                0x0000000000000956       0x2e contiki-micaz.a(packetbuf.o)
                0x0000000000000956                packetbuf_clear
 .text.packetbuf_copyfrom
                0x0000000000000984       0x3e contiki-micaz.a(packetbuf.o)
                0x0000000000000984                packetbuf_copyfrom
 .text.packetbuf_hdralloc
                0x00000000000009c2       0x3c contiki-micaz.a(packetbuf.o)
                0x00000000000009c2                packetbuf_hdralloc
 .text.packetbuf_compact
                0x00000000000009fe       0x68 contiki-micaz.a(packetbuf.o)
                0x00000000000009fe                packetbuf_compact
 .text.init_usart
                0x0000000000000a66       0x12 contiki-micaz.a(contiki-micaz-m)
                0x0000000000000a66                init_usart
 .text.main     0x0000000000000a78       0x8a contiki-micaz.a(contiki-micaz-m)
                0x0000000000000a78                main
 .text.init_net
                0x0000000000000b02      0x1be contiki-micaz.a(init-net.o)
                0x0000000000000b02                init_net
 .text.node_id_restore
                0x0000000000000cc0       0x5e contiki-micaz.a(node-id.o)
                0x0000000000000cc0                node_id_restore
 .text.clock_init
                0x0000000000000d1e       0x38 contiki-micaz.a(clock.o)
                0x0000000000000d1e                clock_init
 .text.clock_time
                0x0000000000000d56       0x1a contiki-micaz.a(clock.o)
                0x0000000000000d56                clock_time
 .text.clock_delay
                0x0000000000000d70       0x16 contiki-micaz.a(clock.o)
                0x0000000000000d70                clock_delay
 .text.__vector_15
                0x0000000000000d86       0xb0 contiki-micaz.a(clock.o)
                0x0000000000000d86                __vector_15
 .text.clock_wait
                0x0000000000000e36       0x3a contiki-micaz.a(clock.o)
                0x0000000000000e36                clock_wait
 .text.read_byte
                0x0000000000000e70       0x4e contiki-micaz.a(ds2401.o)
 .text.crc8_add
                0x0000000000000ebe       0x2e contiki-micaz.a(ds2401.o)
 .text.ds2401_init
                0x0000000000000eec      0x13c contiki-micaz.a(ds2401.o)
                0x0000000000000eec                ds2401_init
 .text.eeprom_read
                0x0000000000001028       0x10 contiki-micaz.a(eeprom.o)
                0x0000000000001028                eeprom_read
 .text.show_leds
                0x0000000000001038       0x10 contiki-micaz.a(leds.o)
 .text.leds_invert
                0x0000000000001048       0x10 contiki-micaz.a(leds.o)
                0x0000000000001048                leds_invert
 .text.leds_off
                0x0000000000001058       0x18 contiki-micaz.a(leds.o)
                0x0000000000001058                leds_off
 .text.leds_on  0x0000000000001070       0x18 contiki-micaz.a(leds.o)
                0x0000000000001070                leds_on
 .text.leds_init
                0x0000000000001088        0xe contiki-micaz.a(leds.o)
                0x0000000000001088                leds_init
 .text.rimeaddr_cmp
                0x0000000000001096       0x20 contiki-micaz.a(rimeaddr.o)
                0x0000000000001096                rimeaddr_cmp
 .text.rimeaddr_copy
                0x00000000000010b6        0xe contiki-micaz.a(rimeaddr.o)
                0x00000000000010b6                rimeaddr_copy
 .text.rimeaddr_set_node_addr
                0x00000000000010c4        0xc contiki-micaz.a(rimeaddr.o)
                0x00000000000010c4                rimeaddr_set_node_addr
 .text.input    0x00000000000010d0       0x44 contiki-micaz.a(rime.o)
 .text.init     0x0000000000001114       0x26 contiki-micaz.a(rime.o)
 .text.rime_output
                0x000000000000113a       0x32 contiki-micaz.a(rime.o)
                0x000000000000113a                rime_output
 .text.packet_sent
                0x000000000000116c       0x54 contiki-micaz.a(rime.o)
 .text.announcement_register_observer_callback
                0x00000000000011c0        0xa contiki-micaz.a(announcement.o)
                0x00000000000011c0                announcement_register_observer_callback
 .text.announcement_list
                0x00000000000011ca        0xa contiki-micaz.a(announcement.o)
                0x00000000000011ca                announcement_list
 .text.announcement_heard
                0x00000000000011d4       0x56 contiki-micaz.a(announcement.o)
                0x00000000000011d4                announcement_heard
 .text.announcement_init
                0x000000000000122a        0xa contiki-micaz.a(announcement.o)
                0x000000000000122a                announcement_init
 .text.adv_packet_sent
                0x0000000000001234        0x2 contiki-micaz.a(broadcast-annou)
 .text.broadcast_announcement_init
                0x0000000000001236       0x4e contiki-micaz.a(broadcast-annou)
                0x0000000000001236                broadcast_announcement_init
 .text.adv_packet_received
                0x0000000000001284       0xa4 contiki-micaz.a(broadcast-annou)
 .text.set_timers
                0x0000000000001328       0x48 contiki-micaz.a(broadcast-annou)
 .text.new_announcement
                0x0000000000001370       0x1e contiki-micaz.a(broadcast-annou)
 .text.send_timer
                0x000000000000138e       0x2a contiki-micaz.a(broadcast-annou)
 .text.send_adv
                0x00000000000013b8       0x96 contiki-micaz.a(broadcast-annou)
 .text.sent_by_abc
                0x000000000000144e       0x1c contiki-micaz.a(broadcast.o)
 .text.recv_from_abc
                0x000000000000146a       0x5e contiki-micaz.a(broadcast.o)
 .text.broadcast_send
                0x00000000000014c8       0x1e contiki-micaz.a(broadcast.o)
                0x00000000000014c8                broadcast_send
 .text.broadcast_open
                0x00000000000014e6       0x38 contiki-micaz.a(broadcast.o)
                0x00000000000014e6                broadcast_open
 .text.chameleon_create
                0x000000000000151e       0x32 contiki-micaz.a(chameleon.o)
                0x000000000000151e                chameleon_create
 .text.chameleon_hdrsize
                0x0000000000001550        0xc contiki-micaz.a(chameleon.o)
                0x0000000000001550                chameleon_hdrsize
 .text.chameleon_init
                0x000000000000155c        0x6 contiki-micaz.a(chameleon.o)
                0x000000000000155c                chameleon_init
 .text.chameleon_parse
                0x0000000000001562       0x20 contiki-micaz.a(chameleon.o)
                0x0000000000001562                chameleon_parse
 .text.get_bits_in_byte
                0x0000000000001582       0x44 contiki-micaz.a(chameleon-bitop)
                0x0000000000001582                get_bits_in_byte
 .text.get_bits
                0x00000000000015c6       0xd8 contiki-micaz.a(chameleon-bitop)
                0x00000000000015c6                get_bits
 .text.header_size
                0x000000000000169e       0x1a contiki-micaz.a(chameleon-bitop)
 .text.set_bits_in_byte
                0x00000000000016b8       0x2e contiki-micaz.a(chameleon-bitop)
                0x00000000000016b8                set_bits_in_byte
 .text.set_bits
                0x00000000000016e6      0x104 contiki-micaz.a(chameleon-bitop)
                0x00000000000016e6                set_bits
 .text.pack_header
                0x00000000000017ea      0x128 contiki-micaz.a(chameleon-bitop)
 .text.unpack_header
                0x0000000000001912      0x14c contiki-micaz.a(chameleon-bitop)
 .text.on       0x0000000000001a5e       0x22 contiki-micaz.a(cxmac.o)
 .text.off      0x0000000000001a80       0x30 contiki-micaz.a(cxmac.o)
 .text.turn_off
                0x0000000000001ab0       0x20 contiki-micaz.a(cxmac.o)
 .text.channel_check_interval
                0x0000000000001ad0        0x6 contiki-micaz.a(cxmac.o)
 .text.cschedule_powercycle
                0x0000000000001ad6       0x26 contiki-micaz.a(cxmac.o)
 .text.turn_on  0x0000000000001afc       0x14 contiki-micaz.a(cxmac.o)
 .text.packetbuf_set_addr
                0x0000000000001b10       0x14 contiki-micaz.a(cxmac.o)
 .text.powercycle_turn_radio_off
                0x0000000000001b24       0x1e contiki-micaz.a(cxmac.o)
 .text.cpowercycle
                0x0000000000001b42       0xe8 contiki-micaz.a(cxmac.o)
 .text.qsend_packet
                0x0000000000001c2a      0x46c contiki-micaz.a(cxmac.o)
 .text.qsend_list
                0x0000000000002096       0x2c contiki-micaz.a(cxmac.o)
 .text.cxmac_init
                0x00000000000020c2       0x30 contiki-micaz.a(cxmac.o)
                0x00000000000020c2                cxmac_init
 .text.input_packet
                0x00000000000020f2      0x110 contiki-micaz.a(cxmac.o)
 .text.mac_call_sent_callback
                0x0000000000002202       0x10 contiki-micaz.a(mac.o)
                0x0000000000002202                mac_call_sent_callback
 .text.packetbuf_set_addr
                0x0000000000002212       0x14 contiki-micaz.a(framer-802154.o)
 .text.parse    0x0000000000002226       0xda contiki-micaz.a(framer-802154.o)
 .text.create   0x0000000000002300      0x12e contiki-micaz.a(framer-802154.o)
 .text.default_timebase
                0x000000000000242e       0x14 contiki-micaz.a(csma.o)
 .text.input_packet
                0x0000000000002442        0xc contiki-micaz.a(csma.o)
 .text.on       0x000000000000244e        0xc contiki-micaz.a(csma.o)
 .text.off      0x000000000000245a        0xc contiki-micaz.a(csma.o)
 .text.channel_check_interval
                0x0000000000002466       0x16 contiki-micaz.a(csma.o)
 .text.transmit_packet_list
                0x000000000000247c       0x2e contiki-micaz.a(csma.o)
 .text.free_packet
                0x00000000000024aa       0x8c contiki-micaz.a(csma.o)
 .text.init     0x0000000000002536       0x1a contiki-micaz.a(csma.o)
 .text.packet_sent
                0x0000000000002550      0x152 contiki-micaz.a(csma.o)
 .text.send_packet
                0x00000000000026a2      0x1a0 contiki-micaz.a(csma.o)
 .text.call_process
                0x0000000000002842       0x54 contiki-micaz.a(process.o)
 .text.exit_process
                0x0000000000002896       0xea contiki-micaz.a(process.o)
 .text.process_init
                0x0000000000002980       0x24 contiki-micaz.a(process.o)
                0x0000000000002980                process_init
 .text.do_poll  0x00000000000029a4       0x3a contiki-micaz.a(process.o)
 .text.process_run
                0x00000000000029de       0xe0 contiki-micaz.a(process.o)
                0x00000000000029de                process_run
 .text.process_post
                0x0000000000002abe       0x5a contiki-micaz.a(process.o)
                0x0000000000002abe                process_post
 .text.process_post_synch
                0x0000000000002b18       0x1e contiki-micaz.a(process.o)
                0x0000000000002b18                process_post_synch
 .text.process_start
                0x0000000000002b36       0x46 contiki-micaz.a(process.o)
                0x0000000000002b36                process_start
 .text.process_poll
                0x0000000000002b7c       0x18 contiki-micaz.a(process.o)
                0x0000000000002b7c                process_poll
 .text.autostart_start
                0x0000000000002b94       0x1e contiki-micaz.a(autostart.o)
                0x0000000000002b94                autostart_start
 .text.compower_clear
                0x0000000000002bb2       0x14 contiki-micaz.a(compower.o)
                0x0000000000002bb2                compower_clear
 .text.compower_accumulate
                0x0000000000002bc6       0xbc contiki-micaz.a(compower.o)
                0x0000000000002bc6                compower_accumulate
 .text.compower_attrconv
                0x0000000000002c82       0x34 contiki-micaz.a(compower.o)
                0x0000000000002c82                compower_attrconv
 .text.memb_alloc
                0x0000000000002cb6       0x5a contiki-micaz.a(memb.o)
                0x0000000000002cb6                memb_alloc
 .text.memb_free
                0x0000000000002d10       0x58 contiki-micaz.a(memb.o)
                0x0000000000002d10                memb_free
 .text.memb_inmemb
                0x0000000000002d68       0x42 contiki-micaz.a(memb.o)
                0x0000000000002d68                memb_inmemb
 .text.memb_init
                0x0000000000002daa       0x42 contiki-micaz.a(memb.o)
                0x0000000000002daa                memb_init
 .text.timer_expired
                0x0000000000002dec       0x30 contiki-micaz.a(timer.o)
                0x0000000000002dec                timer_expired
 .text.timer_set
                0x0000000000002e1c       0x1c contiki-micaz.a(timer.o)
                0x0000000000002e1c                timer_set
 .text.process_thread_ctimer_process
                0x0000000000002e38       0xd2 contiki-micaz.a(ctimer.o)
 .text.ctimer_stop
                0x0000000000002f0a       0x30 contiki-micaz.a(ctimer.o)
                0x0000000000002f0a                ctimer_stop
 .text.ctimer_set
                0x0000000000002f3a       0x6e contiki-micaz.a(ctimer.o)
                0x0000000000002f3a                ctimer_set
 .text.ctimer_init
                0x0000000000002fa8       0x1a contiki-micaz.a(ctimer.o)
                0x0000000000002fa8                ctimer_init
 .text.energest_type_time
                0x0000000000002fc2        0xa contiki-micaz.a(energest.o)
                0x0000000000002fc2                energest_type_time
 .text.energest_flush
                0x0000000000002fcc        0x2 contiki-micaz.a(energest.o)
                0x0000000000002fcc                energest_flush
 .text.rtimer_run_next
                0x0000000000002fce       0x40 contiki-micaz.a(rtimer.o)
                0x0000000000002fce                rtimer_run_next
 .text.rtimer_init
                0x000000000000300e        0x6 contiki-micaz.a(rtimer.o)
                0x000000000000300e                rtimer_init
 .text.random_rand
                0x0000000000003014        0x6 contiki-micaz.a(random.o)
                0x0000000000003014                random_rand
 .text.random_init
                0x000000000000301a        0x6 contiki-micaz.a(random.o)
                0x000000000000301a                random_init
 .text.queuebuf_to_packetbuf
                0x0000000000003020       0x7a contiki-micaz.a(queuebuf.o)
                0x0000000000003020                queuebuf_to_packetbuf
 .text.queuebuf_free
                0x000000000000309a       0x46 contiki-micaz.a(queuebuf.o)
                0x000000000000309a                queuebuf_free
 .text.queuebuf_new_from_packetbuf
                0x00000000000030e0       0x88 contiki-micaz.a(queuebuf.o)
                0x00000000000030e0                queuebuf_new_from_packetbuf
 .text.queuebuf_init
                0x0000000000003168       0x1a contiki-micaz.a(queuebuf.o)
                0x0000000000003168                queuebuf_init
 .text.queuebuf_update_attr_from_packetbuf
                0x0000000000003182       0x14 contiki-micaz.a(queuebuf.o)
                0x0000000000003182                queuebuf_update_attr_from_packetbuf
 .text.queuebuf_attr
                0x0000000000003196       0x1c contiki-micaz.a(queuebuf.o)
                0x0000000000003196                queuebuf_attr
 .text.__vector_18
                0x00000000000031b2       0x54 contiki-micaz.a(rs232.o)
                0x00000000000031b2                __vector_18
 .text.__vector_30
                0x0000000000003206       0x56 contiki-micaz.a(rs232.o)
                0x0000000000003206                __vector_30
 .text.rs232_init
                0x000000000000325c       0x3c contiki-micaz.a(rs232.o)
                0x000000000000325c                rs232_init
 .text.rs232_send
                0x0000000000003298       0x1e contiki-micaz.a(rs232.o)
                0x0000000000003298                rs232_send
 .text.rs232_stdout_putchar
                0x00000000000032b6       0x2a contiki-micaz.a(rs232.o)
                0x00000000000032b6                rs232_stdout_putchar
 .text.rs232_redirect_stdout
                0x00000000000032e0       0x12 contiki-micaz.a(rs232.o)
                0x00000000000032e0                rs232_redirect_stdout
 .text.leds_arch_init
                0x00000000000032f2        0xe contiki-micaz.a(leds-arch.o)
                0x00000000000032f2                leds_arch_init
 .text.leds_arch_set
                0x0000000000003300       0x2c contiki-micaz.a(leds-arch.o)
                0x0000000000003300                leds_arch_set
 .text.strobe   0x000000000000332c        0xc contiki-micaz.a(cc2420.o)
 .text.status   0x0000000000003338       0x10 contiki-micaz.a(cc2420.o)
 .text.on       0x0000000000003348       0x42 contiki-micaz.a(cc2420.o)
 .text.getreg   0x000000000000338a       0x2c contiki-micaz.a(cc2420.o)
 .text.setreg   0x00000000000033b6       0x22 contiki-micaz.a(cc2420.o)
 .text.set_txpower
                0x00000000000033d8       0x2a contiki-micaz.a(cc2420.o)
 .text.cc2420_receiving_packet
                0x0000000000003402       0x14 contiki-micaz.a(cc2420.o)
 .text.pending_packet
                0x0000000000003416       0x14 contiki-micaz.a(cc2420.o)
 .text.flushrx  0x000000000000342a       0x38 contiki-micaz.a(cc2420.o)
 .text.off      0x0000000000003462       0x48 contiki-micaz.a(cc2420.o)
 .text.RELEASE_LOCK
                0x00000000000034aa       0x34 contiki-micaz.a(cc2420.o)
 .text.cc2420_get_txpower
                0x00000000000034de       0x28 contiki-micaz.a(cc2420.o)
                0x00000000000034de                cc2420_get_txpower
 .text.cc2420_set_pan_addr
                0x0000000000003506      0x136 contiki-micaz.a(cc2420.o)
                0x0000000000003506                cc2420_set_pan_addr
 .text.cc2420_set_channel
                0x000000000000363c       0xa0 contiki-micaz.a(cc2420.o)
                0x000000000000363c                cc2420_set_channel
 .text.cc2420_on
                0x00000000000036dc       0x2c contiki-micaz.a(cc2420.o)
                0x00000000000036dc                cc2420_on
 .text.cc2420_off
                0x0000000000003708       0x3e contiki-micaz.a(cc2420.o)
                0x0000000000003708                cc2420_off
 .text.cc2420_cca
                0x0000000000003746       0x98 contiki-micaz.a(cc2420.o)
 .text.cc2420_prepare
                0x00000000000037de       0x7a contiki-micaz.a(cc2420.o)
 .text.cc2420_transmit
                0x0000000000003858      0x172 contiki-micaz.a(cc2420.o)
 .text.cc2420_send
                0x00000000000039ca       0x16 contiki-micaz.a(cc2420.o)
 .text.getrxdata
                0x00000000000039e0       0x40 contiki-micaz.a(cc2420.o)
 .text.cc2420_read
                0x0000000000003a20      0x10a contiki-micaz.a(cc2420.o)
 .text.cc2420_interrupt
                0x0000000000003b2a       0x3e contiki-micaz.a(cc2420.o)
                0x0000000000003b2a                cc2420_interrupt
 .text.process_thread_cc2420_process
                0x0000000000003b68       0x68 contiki-micaz.a(cc2420.o)
 .text.cc2420_init
                0x0000000000003bd0       0xce contiki-micaz.a(cc2420.o)
                0x0000000000003bd0                cc2420_init
 .text.__vector_7
                0x0000000000003c9e       0x48 contiki-micaz.a(cc2420-arch.o)
                0x0000000000003c9e                __vector_7
 .text.cc2420_arch_init
                0x0000000000003ce6       0x1e contiki-micaz.a(cc2420-arch.o)
                0x0000000000003ce6                cc2420_arch_init
 .text.rtimer_arch_init
                0x0000000000003d04       0x38 contiki-micaz.a(rtimer-arch.o)
                0x0000000000003d04                rtimer_arch_init
 .text.rtimer_arch_schedule
                0x0000000000003d3c       0x24 contiki-micaz.a(rtimer-arch.o)
                0x0000000000003d3c                rtimer_arch_schedule
 .text.__vector_26
                0x0000000000003d60       0x52 contiki-micaz.a(rtimer-arch.o)
                0x0000000000003d60                __vector_26
 .text.watchdog_start
                0x0000000000003db2       0x14 contiki-micaz.a(watchdog.o)
                0x0000000000003db2                watchdog_start
 .text.watchdog_stop
                0x0000000000003dc6        0xe contiki-micaz.a(watchdog.o)
                0x0000000000003dc6                watchdog_stop
 .text.frame802154_parse
                0x0000000000003dd4      0x206 contiki-micaz.a(frame802154.o)
                0x0000000000003dd4                frame802154_parse
 .text.field_len
                0x0000000000003fda       0xac contiki-micaz.a(frame802154.o)
 .text.frame802154_create
                0x0000000000004086      0x1c0 contiki-micaz.a(frame802154.o)
                0x0000000000004086                frame802154_create
 .text.frame802154_hdrlen
                0x0000000000004246       0x52 contiki-micaz.a(frame802154.o)
                0x0000000000004246                frame802154_hdrlen
 .text.spi_init
                0x0000000000004298       0x16 contiki-micaz.a(spi.o)
                0x0000000000004298                spi_init
 .text.libgcc   0x00000000000042ae       0x28 /usr/bin/../lib/gcc/avr/4.1.2/avr5/libgcc.a(_udivmodhi4.o)
                0x00000000000042ae                __udivmodhi4
 .text.libgcc   0x00000000000042d6       0x26 /usr/bin/../lib/gcc/avr/4.1.2/avr5/libgcc.a(_divmodhi4.o)
                0x00000000000042d6                __divmodhi4
                0x00000000000042d6                _div
 .text.avr-libc
                0x00000000000042fc       0xca /usr/bin/../lib/gcc/avr/4.1.2/../../../../avr/lib/avr5/libc.a(rand.o)
                0x00000000000043a0                rand_r
                0x00000000000043a6                rand
                0x00000000000043b0                srand
 .text.avr-libc
                0x00000000000043c6       0x3c /usr/bin/../lib/gcc/avr/4.1.2/../../../../avr/lib/avr5/libc.a(atoi.o)
                0x00000000000043c6                atoi
 .text.avr-libc
                0x0000000000004402       0x1a /usr/bin/../lib/gcc/avr/4.1.2/../../../../avr/lib/avr5/libc.a(memcmp.o)
                0x0000000000004402                memcmp
 .text.avr-libc
                0x000000000000441c       0x12 /usr/bin/../lib/gcc/avr/4.1.2/../../../../avr/lib/avr5/libc.a(memcpy.o)
                0x000000000000441c                memcpy
 .text.avr-libc
                0x000000000000442e        0xe /usr/bin/../lib/gcc/avr/4.1.2/../../../../avr/lib/avr5/libc.a(memset.o)
                0x000000000000442e                memset
 .text.avr-libc
                0x000000000000443c       0x10 /usr/bin/../lib/gcc/avr/4.1.2/../../../../avr/lib/avr5/libc.a(mul10.o)
                0x000000000000443c                __mulhi_const_10
 .text.avr-libc
                0x000000000000444c       0x2e /usr/bin/../lib/gcc/avr/4.1.2/../../../../avr/lib/avr5/libc.a(printf.o)
                0x000000000000444c                printf
 .text.avr-libc
                0x000000000000447a       0x4c /usr/bin/../lib/gcc/avr/4.1.2/../../../../avr/lib/avr5/libc.a(printf_p.o)
                0x000000000000447a                printf_P
 .text.avr-libc
                0x00000000000044c6       0x66 /usr/bin/../lib/gcc/avr/4.1.2/../../../../avr/lib/avr5/libc.a(puts.o)
                0x00000000000044c6                puts
 .text.avr-libc
                0x000000000000452c       0x4a /usr/bin/../lib/gcc/avr/4.1.2/../../../../avr/lib/avr5/libc.a(sprintf.o)
                0x000000000000452c                sprintf
 .text.avr-libc
                0x0000000000004576      0x3e0 /usr/bin/../lib/gcc/avr/4.1.2/../../../../avr/lib/avr5/libc.a(vfprintf_std.o)
                0x0000000000004576                vfprintf
 .text.avr-libc
                0x0000000000004956       0x20 /usr/bin/../lib/gcc/avr/4.1.2/../../../../avr/lib/avr5/libc.a(eerd_block_atmega128.o)
                0x000000000000495a                __eerd_blraw_m128
                0x0000000000004956                __eerd_block_m128
 .text.avr-libc
                0x0000000000004976       0x16 /usr/bin/../lib/gcc/avr/4.1.2/../../../../avr/lib/avr5/libc.a(strnlen_P.o)
                0x0000000000004976                strnlen_P
 .text.avr-libc
                0x000000000000498c       0x16 /usr/bin/../lib/gcc/avr/4.1.2/../../../../avr/lib/avr5/libc.a(strnlen.o)
                0x000000000000498c                strnlen
 .text.avr-libc
                0x00000000000049a2       0x5a /usr/bin/../lib/gcc/avr/4.1.2/../../../../avr/lib/avr5/libc.a(fputc.o)
                0x00000000000049a2                fputc
 .text.avr-libc
                0x00000000000049fc       0xbc /usr/bin/../lib/gcc/avr/4.1.2/../../../../avr/lib/avr5/libc.a(ultoa_invert.o)
                0x00000000000049fc                __ultoa_invert
 .text.libgcc   0x0000000000004ab8       0x3e /usr/bin/../lib/gcc/avr/4.1.2/avr5/libgcc.a(_mulsi3.o)
                0x0000000000004ab8                __mulsi3
 .text.libgcc   0x0000000000004af6       0x36 /usr/bin/../lib/gcc/avr/4.1.2/avr5/libgcc.a(_divmodsi4.o)
                0x0000000000004af6                __divmodsi4
 .text.libgcc   0x0000000000004b2c       0x38 /usr/bin/../lib/gcc/avr/4.1.2/avr5/libgcc.a(_prologue.o)
                0x0000000000004b2c                __prologue_saves__
 .text.libgcc   0x0000000000004b64       0x36 /usr/bin/../lib/gcc/avr/4.1.2/avr5/libgcc.a(_epilogue.o)
                0x0000000000004b64                __epilogue_restores__
 .text.libgcc   0x0000000000004b9a       0x44 /usr/bin/../lib/gcc/avr/4.1.2/avr5/libgcc.a(_udivmodsi4.o)
                0x0000000000004b9a                __udivmodsi4
                0x0000000000004bde                . = ALIGN (0x2)
 *(.fini9)
 .fini9         0x0000000000004bde        0x0 /usr/bin/../lib/gcc/avr/4.1.2/avr5/libgcc.a(_exit.o)
                0x0000000000004bde                exit
                0x0000000000004bde                _exit
 *(.fini9)
 *(.fini8)
 *(.fini8)
 *(.fini7)
 *(.fini7)
 *(.fini6)
 *(.fini6)
 *(.fini5)
 *(.fini5)
 *(.fini4)
 *(.fini4)
 *(.fini3)
 *(.fini3)
 *(.fini2)
 *(.fini2)
 *(.fini1)
 *(.fini1)
 *(.fini0)
 .fini0         0x0000000000004bde        0x2 /usr/bin/../lib/gcc/avr/4.1.2/avr5/libgcc.a(_exit.o)
 *(.fini0)
                0x0000000000004be0                _etext = .

.data           0x0000000000800100      0x122 load address 0x0000000000004be0
                0x0000000000800100                PROVIDE (__data_start, .)
 *(.data)
 .data          0x0000000000800100       0x39 clock_test.co
 .data          0x0000000000800139        0x5 contiki-micaz.a(rime.o)
 .data          0x000000000080013e        0x7 contiki-micaz.a(cxmac.o)
 .data          0x0000000000800145        0x5 contiki-micaz.a(csma.o)
 .data          0x000000000080014a        0x4 /usr/bin/../lib/gcc/avr/4.1.2/../../../../avr/lib/avr5/libc.a(rand.o)
 *(.data*)
 .data.clock_test
                0x000000000080014e        0x8 clock_test.co
                0x000000000080014e                clock_test
 .data.etimer_process
                0x0000000000800156        0x8 contiki-micaz.a(etimer.o)
                0x0000000000800156                etimer_process
 .data.cxmac_config
                0x000000000080015e        0x8 contiki-micaz.a(cxmac.o)
                0x000000000080015e                cxmac_config
 .data.encounter_memb
                0x0000000000800166        0x8 contiki-micaz.a(cxmac.o)
 .data.neighbor_memb
                0x000000000080016e        0x8 contiki-micaz.a(csma.o)
 .data.packet_memb
                0x0000000000800176        0x8 contiki-micaz.a(csma.o)
 .data.metadata_memb
                0x000000000080017e        0x8 contiki-micaz.a(csma.o)
 .data.ctimer_process
                0x0000000000800186        0x8 contiki-micaz.a(ctimer.o)
                0x0000000000800186                ctimer_process
 .data.bufmem   0x000000000080018e        0x8 contiki-micaz.a(queuebuf.o)
 .data.refbufmem
                0x0000000000800196        0x8 contiki-micaz.a(queuebuf.o)
 .data.buframmem
                0x000000000080019e        0x8 contiki-micaz.a(queuebuf.o)
 .data.rs232_stdout
                0x00000000008001a6        0xe contiki-micaz.a(rs232.o)
 .data.cc2420_process
                0x00000000008001b4        0x8 contiki-micaz.a(cc2420.o)
                0x00000000008001b4                cc2420_process
 *(.rodata)
 *(.rodata*)
 .rodata.autostart_processes
                0x00000000008001bc        0x4 clock_test.co
                0x00000000008001bc                autostart_processes
 .rodata.abc_call
                0x00000000008001c0        0x4 clock_test.co
 .rodata.attributes
                0x00000000008001c4        0x2 contiki-micaz.a(abc.o)
 .rodata.packetbuf
                0x00000000008001c6        0x2 contiki-micaz.a(packetbuf.o)
 .rodata.rimeaddr_null
                0x00000000008001c8        0x2 contiki-micaz.a(rimeaddr.o)
                0x00000000008001c8                rimeaddr_null
 .rodata.rime_driver
                0x00000000008001ca        0x6 contiki-micaz.a(rime.o)
                0x00000000008001ca                rime_driver
 .rodata.broadcast_callbacks
                0x00000000008001d0        0x4 contiki-micaz.a(broadcast-annou)
 .rodata.broadcast
                0x00000000008001d4        0x4 contiki-micaz.a(broadcast.o)
 .rodata.attributes
                0x00000000008001d8        0x4 contiki-micaz.a(broadcast.o)
 .rodata.chameleon_bitopt
                0x00000000008001dc        0x6 contiki-micaz.a(chameleon-bitop)
                0x00000000008001dc                chameleon_bitopt
 .rodata.bitmask
                0x00000000008001e2        0x9 contiki-micaz.a(chameleon-bitop)
 .rodata.cxmac_driver
                0x00000000008001eb       0x10 contiki-micaz.a(cxmac.o)
                0x00000000008001eb                cxmac_driver
 .rodata.framer_802154
                0x00000000008001fb        0x4 contiki-micaz.a(framer-802154.o)
                0x00000000008001fb                framer_802154
 .rodata.csma_driver
                0x00000000008001ff        0xe contiki-micaz.a(csma.o)
                0x00000000008001ff                csma_driver
 .rodata.cc2420_driver
                0x000000000080020d       0x14 contiki-micaz.a(cc2420.o)
                0x000000000080020d                cc2420_driver
 *(.gnu.linkonce.d*)
                0x0000000000800222                . = ALIGN (0x2)
 *fill*         0x0000000000800221        0x1 00
                0x0000000000800222                _edata = .
                0x0000000000800222                PROVIDE (__data_end, .)

.bss            0x0000000000800222      0x917
                0x0000000000800222                PROVIDE (__bss_start, .)
 *(.bss)
 *(.bss*)
 .bss.et.2938   0x0000000000800222        0x8 clock_test.co
 .bss.abc       0x000000000080022a        0xb clock_test.co
 .bss.channel_list_list
                0x0000000000800235        0x2 contiki-micaz.a(channel.o)
 .bss.timerlist
                0x0000000000800237        0x2 contiki-micaz.a(etimer.o)
 .bss.next_expiration
                0x0000000000800239        0x2 contiki-micaz.a(etimer.o)
 .bss.buflen    0x000000000080023b        0x2 contiki-micaz.a(packetbuf.o)
 .bss.bufptr    0x000000000080023d        0x2 contiki-micaz.a(packetbuf.o)
 .bss.hdrptr    0x000000000080023f        0x1 contiki-micaz.a(packetbuf.o)
 .bss.packetbufptr
                0x0000000000800240        0x2 contiki-micaz.a(packetbuf.o)
 .bss.packetbuf_aligned
                0x0000000000800242       0xb2 contiki-micaz.a(packetbuf.o)
 .bss.node_id   0x00000000008002f4        0x2 contiki-micaz.a(node-id.o)
                0x00000000008002f4                node_id
 .bss.count     0x00000000008002f6        0x2 contiki-micaz.a(clock.o)
 .bss.scount    0x00000000008002f8        0x2 contiki-micaz.a(clock.o)
 .bss.seconds   0x00000000008002fa        0x4 contiki-micaz.a(clock.o)
 .bss.leds      0x00000000008002fe        0x1 contiki-micaz.a(leds.o)
 .bss.invert    0x00000000008002ff        0x1 contiki-micaz.a(leds.o)
 .bss.sniffers_list
                0x0000000000800300        0x2 contiki-micaz.a(rime.o)
 .bss.announcements_list
                0x0000000000800302        0x2 contiki-micaz.a(announcement.o)
 .bss.observer_callback
                0x0000000000800304        0x2 contiki-micaz.a(announcement.o)
 .bss.c         0x0000000000800306       0x37 contiki-micaz.a(broadcast-annou)
 .bss.cxmac_is_on
                0x000000000080033d        0x1 contiki-micaz.a(cxmac.o)
 .bss.someone_is_sending
                0x000000000080033e        0x1 contiki-micaz.a(cxmac.o)
 .bss.waiting_for_packet
                0x000000000080033f        0x1 contiki-micaz.a(cxmac.o)
 .bss.we_are_sending
                0x0000000000800340        0x1 contiki-micaz.a(cxmac.o)
 .bss.radio_is_on
                0x0000000000800341        0x1 contiki-micaz.a(cxmac.o)
 .bss.encounter_list_list
                0x0000000000800342        0x2 contiki-micaz.a(cxmac.o)
 .bss.pt        0x0000000000800344        0x2 contiki-micaz.a(cxmac.o)
 .bss.is_listening
                0x0000000000800346        0x1 contiki-micaz.a(cxmac.o)
 .bss.current_packet
                0x0000000000800347        0x8 contiki-micaz.a(cxmac.o)
 .bss.is_streaming
                0x000000000080034f        0x1 contiki-micaz.a(cxmac.o)
 .bss.is_streaming_to
                0x0000000000800350        0x2 contiki-micaz.a(cxmac.o)
 .bss.is_streaming_to_too
                0x0000000000800352        0x2 contiki-micaz.a(cxmac.o)
 .bss.stream_until
                0x0000000000800354        0x2 contiki-micaz.a(cxmac.o)
 .bss.cpowercycle_ctimer
                0x0000000000800356       0x10 contiki-micaz.a(cxmac.o)
 .bss.encounter_memb_memb_count
                0x0000000000800366        0x4 contiki-micaz.a(cxmac.o)
 .bss.encounter_memb_memb_mem
                0x000000000080036a       0x18 contiki-micaz.a(cxmac.o)
 .bss.initialized
                0x0000000000800382        0x1 contiki-micaz.a(framer-802154.o)
 .bss.mac_dsn   0x0000000000800383        0x1 contiki-micaz.a(framer-802154.o)
 .bss.seqno.2158
                0x0000000000800384        0x2 contiki-micaz.a(csma.o)
 .bss.neighbor_list_list
                0x0000000000800386        0x2 contiki-micaz.a(csma.o)
 .bss.neighbor_memb_memb_count
                0x0000000000800388        0x2 contiki-micaz.a(csma.o)
 .bss.neighbor_memb_memb_mem
                0x000000000080038a       0x36 contiki-micaz.a(csma.o)
 .bss.packet_memb_memb_count
                0x00000000008003c0        0x8 contiki-micaz.a(csma.o)
 .bss.packet_memb_memb_mem
                0x00000000008003c8       0x30 contiki-micaz.a(csma.o)
 .bss.metadata_memb_memb_count
                0x00000000008003f8        0x8 contiki-micaz.a(csma.o)
 .bss.metadata_memb_memb_mem
                0x0000000000800400       0x28 contiki-micaz.a(csma.o)
 .bss.process_list
                0x0000000000800428        0x2 contiki-micaz.a(process.o)
                0x0000000000800428                process_list
 .bss.process_current
                0x000000000080042a        0x2 contiki-micaz.a(process.o)
                0x000000000080042a                process_current
 .bss.snum.1659
                0x000000000080042c        0x1 contiki-micaz.a(process.o)
 .bss.p.1616    0x000000000080042d        0x2 contiki-micaz.a(process.o)
 .bss.receiver.1615
                0x000000000080042f        0x2 contiki-micaz.a(process.o)
 .bss.data.1614
                0x0000000000800431        0x2 contiki-micaz.a(process.o)
 .bss.ev.1613   0x0000000000800433        0x1 contiki-micaz.a(process.o)
 .bss.lastevent
                0x0000000000800434        0x1 contiki-micaz.a(process.o)
 .bss.nevents   0x0000000000800435        0x1 contiki-micaz.a(process.o)
 .bss.fevent    0x0000000000800436        0x1 contiki-micaz.a(process.o)
 .bss.events    0x0000000000800437       0x28 contiki-micaz.a(process.o)
 .bss.poll_requested
                0x000000000080045f        0x1 contiki-micaz.a(process.o)
 .bss.last_transmit.1528
                0x0000000000800460        0x4 contiki-micaz.a(compower.o)
 .bss.last_listen.1527
                0x0000000000800464        0x4 contiki-micaz.a(compower.o)
 .bss.ctimer_list_list
                0x0000000000800468        0x2 contiki-micaz.a(ctimer.o)
 .bss.initialized
                0x000000000080046a        0x1 contiki-micaz.a(ctimer.o)
 .bss.next_rtimer
                0x000000000080046b        0x2 contiki-micaz.a(rtimer.o)
 .bss.bufmem_memb_count
                0x000000000080046d        0x8 contiki-micaz.a(queuebuf.o)
 .bss.bufmem_memb_mem
                0x0000000000800475       0x10 contiki-micaz.a(queuebuf.o)
 .bss.refbufmem_memb_count
                0x0000000000800485        0x2 contiki-micaz.a(queuebuf.o)
 .bss.refbufmem_memb_mem
                0x0000000000800487       0x6a contiki-micaz.a(queuebuf.o)
 .bss.buframmem_memb_count
                0x00000000008004f1        0x8 contiki-micaz.a(queuebuf.o)
 .bss.buframmem_memb_mem
                0x00000000008004f9      0x5d0 contiki-micaz.a(queuebuf.o)
 .bss.stdout_rs232_port
                0x0000000000800ac9        0x1 contiki-micaz.a(rs232.o)
 .bss.pending   0x0000000000800aca        0x1 contiki-micaz.a(cc2420.o)
 .bss.last_packet_timestamp
                0x0000000000800acb        0x2 contiki-micaz.a(cc2420.o)
 .bss.receive_on
                0x0000000000800acd        0x1 contiki-micaz.a(cc2420.o)
 .bss.channel   0x0000000000800ace        0x2 contiki-micaz.a(cc2420.o)
 .bss.locked    0x0000000000800ad0        0x1 contiki-micaz.a(cc2420.o)
 .bss.lock_on   0x0000000000800ad1        0x1 contiki-micaz.a(cc2420.o)
 .bss.lock_off  0x0000000000800ad2        0x1 contiki-micaz.a(cc2420.o)
 *(COMMON)
 COMMON         0x0000000000800ad3       0x38 contiki-micaz.a(packetbuf.o)
                0x0000000000800ad3                packetbuf_addrs
                0x0000000000800adb                packetbuf_attrs
 COMMON         0x0000000000800b0b        0x8 contiki-micaz.a(ds2401.o)
                0x0000000000800b0b                ds2401_id
 COMMON         0x0000000000800b13        0x2 contiki-micaz.a(rimeaddr.o)
                0x0000000000800b13                rimeaddr_node_addr
 COMMON         0x0000000000800b15        0x1 contiki-micaz.a(process.o)
                0x0000000000800b15                process_maxevents
 COMMON         0x0000000000800b16        0x8 contiki-micaz.a(compower.o)
                0x0000000000800b16                compower_idle_activity
 COMMON         0x0000000000800b1e        0x4 contiki-micaz.a(rs232.o)
                0x0000000000800b1e                input_handler_1
                0x0000000000800b20                input_handler_0
 COMMON         0x0000000000800b22       0x11 contiki-micaz.a(cc2420.o)
                0x0000000000800b22                cc2420_last_rssi
                0x0000000000800b23                cc2420_packets_read
                0x0000000000800b25                cc2420_packets_seen
                0x0000000000800b27                cc2420_sfd_start_time
                0x0000000000800b29                cc2420_time_of_departure
                0x0000000000800b2b                cc2420_time_of_arrival
                0x0000000000800b2d                cc2420_last_correlation
                0x0000000000800b2e                cc2420_authority_level_of_sender
                0x0000000000800b30                cc2420_sfd_counter
                0x0000000000800b31                cc2420_sfd_end_time
 COMMON         0x0000000000800b33        0x6 /usr/bin/../lib/gcc/avr/4.1.2/../../../../avr/lib/avr5/libc.a(iob.o)
                0x0000000000800b33                __iob
                0x0000000000800b39                PROVIDE (__bss_end, .)
                0x0000000000004be0                __data_load_start = LOADADDR (.data)
                0x0000000000004d02                __data_load_end = (__data_load_start + SIZEOF (.data))

.noinit         0x0000000000800b39        0x0
                0x0000000000800b39                PROVIDE (__noinit_start, .)
 *(.noinit*)
                0x0000000000800b39                PROVIDE (__noinit_end, .)
                0x0000000000800b39                _end = .
                0x0000000000800b39                PROVIDE (__heap_start, .)

.eeprom         0x0000000000810000        0x0
 *(.eeprom*)
                0x0000000000810000                __eeprom_end = .

.stab           0x0000000000000000     0x2b80
 *(.stab)
 .stab          0x0000000000000000      0x750 /usr/bin/../lib/gcc/avr/4.1.2/../../../../avr/lib/avr5/crtm128.o
 .stab          0x0000000000000750      0x318 /usr/bin/../lib/gcc/avr/4.1.2/../../../../avr/lib/avr5/libc.a(rand.o)
                                        0x324 (size before relaxing)
 .stab          0x0000000000000a68      0x174 /usr/bin/../lib/gcc/avr/4.1.2/../../../../avr/lib/avr5/libc.a(atoi.o)
                                        0x180 (size before relaxing)
 .stab          0x0000000000000bdc       0xb4 /usr/bin/../lib/gcc/avr/4.1.2/../../../../avr/lib/avr5/libc.a(memcmp.o)
                                         0xc0 (size before relaxing)
 .stab          0x0000000000000c90       0x84 /usr/bin/../lib/gcc/avr/4.1.2/../../../../avr/lib/avr5/libc.a(memcpy.o)
                                         0x90 (size before relaxing)
 .stab          0x0000000000000d14       0x6c /usr/bin/../lib/gcc/avr/4.1.2/../../../../avr/lib/avr5/libc.a(memset.o)
                                         0x78 (size before relaxing)
 .stab          0x0000000000000d80       0x78 /usr/bin/../lib/gcc/avr/4.1.2/../../../../avr/lib/avr5/libc.a(mul10.o)
                                         0x84 (size before relaxing)
 .stab          0x0000000000000df8      0x300 /usr/bin/../lib/gcc/avr/4.1.2/../../../../avr/lib/avr5/libc.a(iob.o)
                                        0x30c (size before relaxing)
 .stab          0x00000000000010f8      0x1b0 /usr/bin/../lib/gcc/avr/4.1.2/../../../../avr/lib/avr5/libc.a(printf.o)
                                        0x390 (size before relaxing)
 .stab          0x00000000000012a8      0x1c8 /usr/bin/../lib/gcc/avr/4.1.2/../../../../avr/lib/avr5/libc.a(printf_p.o)
                                        0x3a8 (size before relaxing)
 .stab          0x0000000000001470      0x1e0 /usr/bin/../lib/gcc/avr/4.1.2/../../../../avr/lib/avr5/libc.a(puts.o)
                                        0x3c0 (size before relaxing)
 .stab          0x0000000000001650      0x1f8 /usr/bin/../lib/gcc/avr/4.1.2/../../../../avr/lib/avr5/libc.a(sprintf.o)
                                        0x3d8 (size before relaxing)
 .stab          0x0000000000001848      0x930 /usr/bin/../lib/gcc/avr/4.1.2/../../../../avr/lib/avr5/libc.a(vfprintf_std.o)
                                        0xb40 (size before relaxing)
 .stab          0x0000000000002178      0x108 /usr/bin/../lib/gcc/avr/4.1.2/../../../../avr/lib/avr5/libc.a(eerd_block_atmega128.o)
                                        0x114 (size before relaxing)
 .stab          0x0000000000002280       0x9c /usr/bin/../lib/gcc/avr/4.1.2/../../../../avr/lib/avr5/libc.a(eewr_block_atmega128.o)
                                         0xa8 (size before relaxing)
 .stab          0x000000000000231c       0xd8 /usr/bin/../lib/gcc/avr/4.1.2/../../../../avr/lib/avr5/libc.a(eewr_byte_atmega128.o)
                                         0xe4 (size before relaxing)
 .stab          0x00000000000023f4       0x9c /usr/bin/../lib/gcc/avr/4.1.2/../../../../avr/lib/avr5/libc.a(strnlen_P.o)
                                         0xa8 (size before relaxing)
 .stab          0x0000000000002490       0x9c /usr/bin/../lib/gcc/avr/4.1.2/../../../../avr/lib/avr5/libc.a(strnlen.o)
                                         0xa8 (size before relaxing)
 .stab          0x000000000000252c      0x1d4 /usr/bin/../lib/gcc/avr/4.1.2/../../../../avr/lib/avr5/libc.a(fputc.o)
                                        0x3b4 (size before relaxing)
 .stab          0x0000000000002700      0x480 /usr/bin/../lib/gcc/avr/4.1.2/../../../../avr/lib/avr5/libc.a(ultoa_invert.o)
                                        0x48c (size before relaxing)

.stabstr        0x0000000000000000     0x10c3
 *(.stabstr)
 .stabstr       0x0000000000000000     0x10c3 /usr/bin/../lib/gcc/avr/4.1.2/../../../../avr/lib/avr5/crtm128.o

.stab.excl
 *(.stab.excl)

.stab.exclstr
 *(.stab.exclstr)

.stab.index
 *(.stab.index)

.stab.indexstr
 *(.stab.indexstr)

.comment
 *(.comment)

.debug
 *(.debug)

.line
 *(.line)

.debug_srcinfo
 *(.debug_srcinfo)

.debug_sfnames
 *(.debug_sfnames)

.debug_aranges  0x0000000000000000      0xdb0
 *(.debug_aranges)
 .debug_aranges
                0x0000000000000000       0x38 clock_test.co
 .debug_aranges
                0x0000000000000038       0x48 contiki-micaz.a(abc.o)
 .debug_aranges
                0x0000000000000080       0x48 contiki-micaz.a(channel.o)
 .debug_aranges
                0x00000000000000c8       0x80 contiki-micaz.a(list.o)
 .debug_aranges
                0x0000000000000148       0x90 contiki-micaz.a(etimer.o)
 .debug_aranges
                0x00000000000001d8       0xc8 contiki-micaz.a(packetbuf.o)
 .debug_aranges
                0x00000000000002a0       0x30 contiki-micaz.a(contiki-micaz-m)
 .debug_aranges
                0x00000000000002d0       0x28 contiki-micaz.a(init-net.o)
 .debug_aranges
                0x00000000000002f8       0x30 contiki-micaz.a(node-id.o)
 .debug_aranges
                0x0000000000000328       0x58 contiki-micaz.a(clock.o)
 .debug_aranges
                0x0000000000000380       0x38 contiki-micaz.a(ds2401.o)
 .debug_aranges
                0x00000000000003b8       0x30 contiki-micaz.a(eeprom.o)
 .debug_aranges
                0x00000000000003e8       0x60 contiki-micaz.a(leds.o)
 .debug_aranges
                0x0000000000000448       0x38 contiki-micaz.a(rimeaddr.o)
 .debug_aranges
                0x0000000000000480       0x50 contiki-micaz.a(rime.o)
 .debug_aranges
                0x00000000000004d0       0x78 contiki-micaz.a(announcement.o)
 .debug_aranges
                0x0000000000000548       0x68 contiki-micaz.a(broadcast-annou)
 .debug_aranges
                0x00000000000005b0       0x48 contiki-micaz.a(broadcast.o)
 .debug_aranges
                0x00000000000005f8       0x40 contiki-micaz.a(chameleon.o)
 .debug_aranges
                0x0000000000000638       0x58 contiki-micaz.a(chameleon-bitop)
 .debug_aranges
                0x0000000000000690       0x90 contiki-micaz.a(cxmac.o)
 .debug_aranges
                0x0000000000000720       0x28 contiki-micaz.a(mac.o)
 .debug_aranges
                0x0000000000000748       0x38 contiki-micaz.a(framer-802154.o)
 .debug_aranges
                0x0000000000000780       0x70 contiki-micaz.a(csma.o)
 .debug_aranges
                0x00000000000007f0       0x88 contiki-micaz.a(process.o)
 .debug_aranges
                0x0000000000000878       0x30 contiki-micaz.a(autostart.o)
 .debug_aranges
                0x00000000000008a8       0x48 contiki-micaz.a(compower.o)
 .debug_aranges
                0x00000000000008f0       0x40 contiki-micaz.a(memb.o)
 .debug_aranges
                0x0000000000000930       0x48 contiki-micaz.a(timer.o)
 .debug_aranges
                0x0000000000000978       0x58 contiki-micaz.a(ctimer.o)
 .debug_aranges
                0x00000000000009d0       0x40 contiki-micaz.a(energest.o)
 .debug_aranges
                0x0000000000000a10       0x38 contiki-micaz.a(rtimer.o)
 .debug_aranges
                0x0000000000000a48       0x30 contiki-micaz.a(random.o)
 .debug_aranges
                0x0000000000000a78       0x70 contiki-micaz.a(queuebuf.o)
 .debug_aranges
                0x0000000000000ae8       0x68 contiki-micaz.a(rs232.o)
 .debug_aranges
                0x0000000000000b50       0x38 contiki-micaz.a(leds-arch.o)
 .debug_aranges
                0x0000000000000b88      0x110 contiki-micaz.a(cc2420.o)
 .debug_aranges
                0x0000000000000c98       0x30 contiki-micaz.a(cc2420-arch.o)
 .debug_aranges
                0x0000000000000cc8       0x38 contiki-micaz.a(rtimer-arch.o)
 .debug_aranges
                0x0000000000000d00       0x48 contiki-micaz.a(watchdog.o)
 .debug_aranges
                0x0000000000000d48       0x40 contiki-micaz.a(frame802154.o)
 .debug_aranges
                0x0000000000000d88       0x28 contiki-micaz.a(spi.o)

.debug_pubnames
                0x0000000000000000     0x1563
 *(.debug_pubnames)
 .debug_pubnames
                0x0000000000000000       0x48 clock_test.co
 .debug_pubnames
                0x0000000000000048       0x55 contiki-micaz.a(abc.o)
 .debug_pubnames
                0x000000000000009d       0x74 contiki-micaz.a(channel.o)
 .debug_pubnames
                0x0000000000000111       0xc3 contiki-micaz.a(list.o)
 .debug_pubnames
                0x00000000000001d4      0x109 contiki-micaz.a(etimer.o)
 .debug_pubnames
                0x00000000000002dd      0x22c contiki-micaz.a(packetbuf.o)
 .debug_pubnames
                0x0000000000000509       0x2a contiki-micaz.a(contiki-micaz-m)
 .debug_pubnames
                0x0000000000000533       0x1f contiki-micaz.a(init-net.o)
 .debug_pubnames
                0x0000000000000552       0x43 contiki-micaz.a(node-id.o)
 .debug_pubnames
                0x0000000000000595       0x87 contiki-micaz.a(clock.o)
 .debug_pubnames
                0x000000000000061c       0x30 contiki-micaz.a(ds2401.o)
 .debug_pubnames
                0x000000000000064c       0x33 contiki-micaz.a(eeprom.o)
 .debug_pubnames
                0x000000000000067f       0x75 contiki-micaz.a(leds.o)
 .debug_pubnames
                0x00000000000006f4       0x79 contiki-micaz.a(rimeaddr.o)
 .debug_pubnames
                0x000000000000076d       0x5f contiki-micaz.a(rime.o)
 .debug_pubnames
                0x00000000000007cc      0x144 contiki-micaz.a(announcement.o)
 .debug_pubnames
                0x0000000000000910       0x7d contiki-micaz.a(broadcast-annou)
 .debug_pubnames
                0x000000000000098d       0x4c contiki-micaz.a(broadcast.o)
 .debug_pubnames
                0x00000000000009d9       0x64 contiki-micaz.a(chameleon.o)
 .debug_pubnames
                0x0000000000000a3d       0x6b contiki-micaz.a(chameleon-bitop)
 .debug_pubnames
                0x0000000000000aa8       0x6c contiki-micaz.a(cxmac.o)
 .debug_pubnames
                0x0000000000000b14       0x2d contiki-micaz.a(mac.o)
 .debug_pubnames
                0x0000000000000b41       0x24 contiki-micaz.a(framer-802154.o)
 .debug_pubnames
                0x0000000000000b65       0x22 contiki-micaz.a(csma.o)
 .debug_pubnames
                0x0000000000000b87      0x10d contiki-micaz.a(process.o)
 .debug_pubnames
                0x0000000000000c94       0x39 contiki-micaz.a(autostart.o)
 .debug_pubnames
                0x0000000000000ccd       0x9e contiki-micaz.a(compower.o)
 .debug_pubnames
                0x0000000000000d6b       0x4d contiki-micaz.a(memb.o)
 .debug_pubnames
                0x0000000000000db8       0x68 contiki-micaz.a(timer.o)
 .debug_pubnames
                0x0000000000000e20       0x8b contiki-micaz.a(ctimer.o)
 .debug_pubnames
                0x0000000000000eab       0x64 contiki-micaz.a(energest.o)
 .debug_pubnames
                0x0000000000000f0f       0x45 contiki-micaz.a(rtimer.o)
 .debug_pubnames
                0x0000000000000f54       0x32 contiki-micaz.a(random.o)
 .debug_pubnames
                0x0000000000000f86       0xff contiki-micaz.a(queuebuf.o)
 .debug_pubnames
                0x0000000000001085       0xe4 contiki-micaz.a(rs232.o)
 .debug_pubnames
                0x0000000000001169       0x49 contiki-micaz.a(leds-arch.o)
 .debug_pubnames
                0x00000000000011b2      0x236 contiki-micaz.a(cc2420.o)
 .debug_pubnames
                0x00000000000013e8       0x36 contiki-micaz.a(cc2420-arch.o)
 .debug_pubnames
                0x000000000000141e       0x50 contiki-micaz.a(rtimer-arch.o)
 .debug_pubnames
                0x000000000000146e       0x73 contiki-micaz.a(watchdog.o)
 .debug_pubnames
                0x00000000000014e1       0x56 contiki-micaz.a(frame802154.o)
 .debug_pubnames
                0x0000000000001537       0x2c contiki-micaz.a(spi.o)

.debug_info     0x0000000000000000     0x9f63
 *(.debug_info)
 .debug_info    0x0000000000000000      0x521 clock_test.co
 .debug_info    0x0000000000000521      0x386 contiki-micaz.a(abc.o)
 .debug_info    0x00000000000008a7      0x2c9 contiki-micaz.a(channel.o)
 .debug_info    0x0000000000000b70      0x370 contiki-micaz.a(list.o)
 .debug_info    0x0000000000000ee0      0x49c contiki-micaz.a(etimer.o)
 .debug_info    0x000000000000137c      0x53e contiki-micaz.a(packetbuf.o)
 .debug_info    0x00000000000018ba      0x2bf contiki-micaz.a(contiki-micaz-m)
 .debug_info    0x0000000000001b79      0x4b8 contiki-micaz.a(init-net.o)
 .debug_info    0x0000000000002031      0x11a contiki-micaz.a(node-id.o)
 .debug_info    0x000000000000214b      0x23d contiki-micaz.a(clock.o)
 .debug_info    0x0000000000002388      0x35f contiki-micaz.a(ds2401.o)
 .debug_info    0x00000000000026e7       0xfd contiki-micaz.a(eeprom.o)
 .debug_info    0x00000000000027e4      0x1ae contiki-micaz.a(leds.o)
 .debug_info    0x0000000000002992      0x162 contiki-micaz.a(rimeaddr.o)
 .debug_info    0x0000000000002af4      0x48d contiki-micaz.a(rime.o)
 .debug_info    0x0000000000002f81      0x3c5 contiki-micaz.a(announcement.o)
 .debug_info    0x0000000000003346      0x83b contiki-micaz.a(broadcast-annou)
 .debug_info    0x0000000000003b81      0x4b1 contiki-micaz.a(broadcast.o)
 .debug_info    0x0000000000004032      0x32d contiki-micaz.a(chameleon.o)
 .debug_info    0x000000000000435f      0x6bd contiki-micaz.a(chameleon-bitop)
 .debug_info    0x0000000000004a1c      0xdd5 contiki-micaz.a(cxmac.o)
 .debug_info    0x00000000000057f1       0xde contiki-micaz.a(mac.o)
 .debug_info    0x00000000000058cf      0x587 contiki-micaz.a(framer-802154.o)
 .debug_info    0x0000000000005e56      0xa90 contiki-micaz.a(csma.o)
 .debug_info    0x00000000000068e6      0x523 contiki-micaz.a(process.o)
 .debug_info    0x0000000000006e09      0x18d contiki-micaz.a(autostart.o)
 .debug_info    0x0000000000006f96      0x315 contiki-micaz.a(compower.o)
 .debug_info    0x00000000000072ab      0x1a7 contiki-micaz.a(memb.o)
 .debug_info    0x0000000000007452      0x173 contiki-micaz.a(timer.o)
 .debug_info    0x00000000000075c5      0x43d contiki-micaz.a(ctimer.o)
 .debug_info    0x0000000000007a02       0xf7 contiki-micaz.a(energest.o)
 .debug_info    0x0000000000007af9      0x18d contiki-micaz.a(rtimer.o)
 .debug_info    0x0000000000007c86       0x99 contiki-micaz.a(random.o)
 .debug_info    0x0000000000007d1f      0x5e9 contiki-micaz.a(queuebuf.o)
 .debug_info    0x0000000000008308      0x3a7 contiki-micaz.a(rs232.o)
 .debug_info    0x00000000000086af       0xad contiki-micaz.a(leds-arch.o)
 .debug_info    0x000000000000875c     0x1014 contiki-micaz.a(cc2420.o)
 .debug_info    0x0000000000009770      0x144 contiki-micaz.a(cc2420-arch.o)
 .debug_info    0x00000000000098b4       0xe7 contiki-micaz.a(rtimer-arch.o)
 .debug_info    0x000000000000999b       0xba contiki-micaz.a(watchdog.o)
 .debug_info    0x0000000000009a55      0x48b contiki-micaz.a(frame802154.o)
 .debug_info    0x0000000000009ee0       0x83 contiki-micaz.a(spi.o)
 *(.gnu.linkonce.wi.*)

.debug_abbrev   0x0000000000000000     0x3d16
 *(.debug_abbrev)
 .debug_abbrev  0x0000000000000000      0x1df clock_test.co
 .debug_abbrev  0x00000000000001df      0x166 contiki-micaz.a(abc.o)
 .debug_abbrev  0x0000000000000345      0x172 contiki-micaz.a(channel.o)
 .debug_abbrev  0x00000000000004b7      0x1a3 contiki-micaz.a(list.o)
 .debug_abbrev  0x000000000000065a      0x201 contiki-micaz.a(etimer.o)
 .debug_abbrev  0x000000000000085b      0x209 contiki-micaz.a(packetbuf.o)
 .debug_abbrev  0x0000000000000a64      0x144 contiki-micaz.a(contiki-micaz-m)
 .debug_abbrev  0x0000000000000ba8      0x191 contiki-micaz.a(init-net.o)
 .debug_abbrev  0x0000000000000d39       0xa1 contiki-micaz.a(node-id.o)
 .debug_abbrev  0x0000000000000dda      0x12b contiki-micaz.a(clock.o)
 .debug_abbrev  0x0000000000000f05      0x184 contiki-micaz.a(ds2401.o)
 .debug_abbrev  0x0000000000001089       0x86 contiki-micaz.a(eeprom.o)
 .debug_abbrev  0x000000000000110f       0xb8 contiki-micaz.a(leds.o)
 .debug_abbrev  0x00000000000011c7       0xdd contiki-micaz.a(rimeaddr.o)
 .debug_abbrev  0x00000000000012a4      0x1fd contiki-micaz.a(rime.o)
 .debug_abbrev  0x00000000000014a1      0x15d contiki-micaz.a(announcement.o)
 .debug_abbrev  0x00000000000015fe      0x207 contiki-micaz.a(broadcast-annou)
 .debug_abbrev  0x0000000000001805      0x1d1 contiki-micaz.a(broadcast.o)
 .debug_abbrev  0x00000000000019d6      0x1b4 contiki-micaz.a(chameleon.o)
 .debug_abbrev  0x0000000000001b8a      0x297 contiki-micaz.a(chameleon-bitop)
 .debug_abbrev  0x0000000000001e21      0x36d contiki-micaz.a(cxmac.o)
 .debug_abbrev  0x000000000000218e       0x86 contiki-micaz.a(mac.o)
 .debug_abbrev  0x0000000000002214      0x221 contiki-micaz.a(framer-802154.o)
 .debug_abbrev  0x0000000000002435      0x33c contiki-micaz.a(csma.o)
 .debug_abbrev  0x0000000000002771      0x28b contiki-micaz.a(process.o)
 .debug_abbrev  0x00000000000029fc       0xef contiki-micaz.a(autostart.o)
 .debug_abbrev  0x0000000000002aeb      0x1be contiki-micaz.a(compower.o)
 .debug_abbrev  0x0000000000002ca9       0xdc contiki-micaz.a(memb.o)
 .debug_abbrev  0x0000000000002d85       0xca contiki-micaz.a(timer.o)
 .debug_abbrev  0x0000000000002e4f      0x1ad contiki-micaz.a(ctimer.o)
 .debug_abbrev  0x0000000000002ffc       0x89 contiki-micaz.a(energest.o)
 .debug_abbrev  0x0000000000003085      0x10c contiki-micaz.a(rtimer.o)
 .debug_abbrev  0x0000000000003191       0x61 contiki-micaz.a(random.o)
 .debug_abbrev  0x00000000000031f2      0x1d5 contiki-micaz.a(queuebuf.o)
 .debug_abbrev  0x00000000000033c7      0x171 contiki-micaz.a(rs232.o)
 .debug_abbrev  0x0000000000003538       0x76 contiki-micaz.a(leds-arch.o)
 .debug_abbrev  0x00000000000035ae      0x40c contiki-micaz.a(cc2420.o)
 .debug_abbrev  0x00000000000039ba       0xc4 contiki-micaz.a(cc2420-arch.o)
 .debug_abbrev  0x0000000000003a7e       0x7d contiki-micaz.a(rtimer-arch.o)
 .debug_abbrev  0x0000000000003afb       0x3b contiki-micaz.a(watchdog.o)
 .debug_abbrev  0x0000000000003b36      0x194 contiki-micaz.a(frame802154.o)
 .debug_abbrev  0x0000000000003cca       0x4c contiki-micaz.a(spi.o)

.debug_line     0x0000000000000000     0xa0ed
 *(.debug_line)
 .debug_line    0x0000000000000000      0x4d5 clock_test.co
 .debug_line    0x00000000000004d5      0x49a contiki-micaz.a(abc.o)
 .debug_line    0x000000000000096f      0x41f contiki-micaz.a(channel.o)
 .debug_line    0x0000000000000d8e      0x2ea contiki-micaz.a(list.o)
 .debug_line    0x0000000000001078      0x47e contiki-micaz.a(etimer.o)
 .debug_line    0x00000000000014f6      0x7bf contiki-micaz.a(packetbuf.o)
 .debug_line    0x0000000000001cb5      0x4d1 contiki-micaz.a(contiki-micaz-m)
 .debug_line    0x0000000000002186      0x33e contiki-micaz.a(init-net.o)
 .debug_line    0x00000000000024c4      0x182 contiki-micaz.a(node-id.o)
 .debug_line    0x0000000000002646      0x2da contiki-micaz.a(clock.o)
 .debug_line    0x0000000000002920      0x3b3 contiki-micaz.a(ds2401.o)
 .debug_line    0x0000000000002cd3      0x169 contiki-micaz.a(eeprom.o)
 .debug_line    0x0000000000002e3c      0x265 contiki-micaz.a(leds.o)
 .debug_line    0x00000000000030a1      0x1b9 contiki-micaz.a(rimeaddr.o)
 .debug_line    0x000000000000325a      0x4b3 contiki-micaz.a(rime.o)
 .debug_line    0x000000000000370d      0x30e contiki-micaz.a(announcement.o)
 .debug_line    0x0000000000003a1b      0x57e contiki-micaz.a(broadcast-annou)
 .debug_line    0x0000000000003f99      0x4ec contiki-micaz.a(broadcast.o)
 .debug_line    0x0000000000004485      0x45a contiki-micaz.a(chameleon.o)
 .debug_line    0x00000000000048df      0x662 contiki-micaz.a(chameleon-bitop)
 .debug_line    0x0000000000004f41      0xabe contiki-micaz.a(cxmac.o)
 .debug_line    0x00000000000059ff      0x156 contiki-micaz.a(mac.o)
 .debug_line    0x0000000000005b55      0x36f contiki-micaz.a(framer-802154.o)
 .debug_line    0x0000000000005ec4      0x622 contiki-micaz.a(csma.o)
 .debug_line    0x00000000000064e6      0x564 contiki-micaz.a(process.o)
 .debug_line    0x0000000000006a4a      0x17d contiki-micaz.a(autostart.o)
 .debug_line    0x0000000000006bc7      0x232 contiki-micaz.a(compower.o)
 .debug_line    0x0000000000006df9      0x2a2 contiki-micaz.a(memb.o)
 .debug_line    0x000000000000709b      0x1c4 contiki-micaz.a(timer.o)
 .debug_line    0x000000000000725f      0x3b4 contiki-micaz.a(ctimer.o)
 .debug_line    0x0000000000007613      0x17a contiki-micaz.a(energest.o)
 .debug_line    0x000000000000778d      0x233 contiki-micaz.a(rtimer.o)
 .debug_line    0x00000000000079c0      0x184 contiki-micaz.a(random.o)
 .debug_line    0x0000000000007b44      0x65f contiki-micaz.a(queuebuf.o)
 .debug_line    0x00000000000081a3      0x3c9 contiki-micaz.a(rs232.o)
 .debug_line    0x000000000000856c      0x17a contiki-micaz.a(leds-arch.o)
 .debug_line    0x00000000000086e6      0xc49 contiki-micaz.a(cc2420.o)
 .debug_line    0x000000000000932f      0x494 contiki-micaz.a(cc2420-arch.o)
 .debug_line    0x00000000000097c3      0x244 contiki-micaz.a(rtimer-arch.o)
 .debug_line    0x0000000000009a07      0x159 contiki-micaz.a(watchdog.o)
 .debug_line    0x0000000000009b60      0x45b contiki-micaz.a(frame802154.o)
 .debug_line    0x0000000000009fbb      0x132 contiki-micaz.a(spi.o)

.debug_frame    0x0000000000000000     0x1380
 *(.debug_frame)
 .debug_frame   0x0000000000000000       0x40 clock_test.co
 .debug_frame   0x0000000000000040       0x60 contiki-micaz.a(abc.o)
 .debug_frame   0x00000000000000a0       0x60 contiki-micaz.a(channel.o)
 .debug_frame   0x0000000000000100       0xd0 contiki-micaz.a(list.o)
 .debug_frame   0x00000000000001d0       0xf0 contiki-micaz.a(etimer.o)
 .debug_frame   0x00000000000002c0      0x160 contiki-micaz.a(packetbuf.o)
 .debug_frame   0x0000000000000420       0x30 contiki-micaz.a(contiki-micaz-m)
 .debug_frame   0x0000000000000450       0x20 contiki-micaz.a(init-net.o)
 .debug_frame   0x0000000000000470       0x30 contiki-micaz.a(node-id.o)
 .debug_frame   0x00000000000004a0       0x80 contiki-micaz.a(clock.o)
 .debug_frame   0x0000000000000520       0x40 contiki-micaz.a(ds2401.o)
 .debug_frame   0x0000000000000560       0x30 contiki-micaz.a(eeprom.o)
 .debug_frame   0x0000000000000590       0x90 contiki-micaz.a(leds.o)
 .debug_frame   0x0000000000000620       0x40 contiki-micaz.a(rimeaddr.o)
 .debug_frame   0x0000000000000660       0x70 contiki-micaz.a(rime.o)
 .debug_frame   0x00000000000006d0       0xc0 contiki-micaz.a(announcement.o)
 .debug_frame   0x0000000000000790       0xa0 contiki-micaz.a(broadcast-annou)
 .debug_frame   0x0000000000000830       0x60 contiki-micaz.a(broadcast.o)
 .debug_frame   0x0000000000000890       0x50 contiki-micaz.a(chameleon.o)
 .debug_frame   0x00000000000008e0       0x80 contiki-micaz.a(chameleon-bitop)
 .debug_frame   0x0000000000000960       0xf0 contiki-micaz.a(cxmac.o)
 .debug_frame   0x0000000000000a50       0x20 contiki-micaz.a(mac.o)
 .debug_frame   0x0000000000000a70       0x40 contiki-micaz.a(framer-802154.o)
 .debug_frame   0x0000000000000ab0       0xb0 contiki-micaz.a(csma.o)
 .debug_frame   0x0000000000000b60       0xe0 contiki-micaz.a(process.o)
 .debug_frame   0x0000000000000c40       0x30 contiki-micaz.a(autostart.o)
 .debug_frame   0x0000000000000c70       0x60 contiki-micaz.a(compower.o)
 .debug_frame   0x0000000000000cd0       0x50 contiki-micaz.a(memb.o)
 .debug_frame   0x0000000000000d20       0x60 contiki-micaz.a(timer.o)
 .debug_frame   0x0000000000000d80       0x80 contiki-micaz.a(ctimer.o)
 .debug_frame   0x0000000000000e00       0x50 contiki-micaz.a(energest.o)
 .debug_frame   0x0000000000000e50       0x40 contiki-micaz.a(rtimer.o)
 .debug_frame   0x0000000000000e90       0x30 contiki-micaz.a(random.o)
 .debug_frame   0x0000000000000ec0       0xb0 contiki-micaz.a(queuebuf.o)
 .debug_frame   0x0000000000000f70       0xa0 contiki-micaz.a(rs232.o)
 .debug_frame   0x0000000000001010       0x40 contiki-micaz.a(leds-arch.o)
 .debug_frame   0x0000000000001050      0x1f0 contiki-micaz.a(cc2420.o)
 .debug_frame   0x0000000000001240       0x30 contiki-micaz.a(cc2420-arch.o)
 .debug_frame   0x0000000000001270       0x40 contiki-micaz.a(rtimer-arch.o)
 .debug_frame   0x00000000000012b0       0x60 contiki-micaz.a(watchdog.o)
 .debug_frame   0x0000000000001310       0x50 contiki-micaz.a(frame802154.o)
 .debug_frame   0x0000000000001360       0x20 contiki-micaz.a(spi.o)

.debug_str      0x0000000000000000     0x261e
 *(.debug_str)
 .debug_str     0x0000000000000000      0x1fe clock_test.co
                                        0x2a7 (size before relaxing)
 .debug_str     0x00000000000001fe       0x57 contiki-micaz.a(abc.o)
                                        0x1f6 (size before relaxing)
 .debug_str     0x0000000000000255       0x92 contiki-micaz.a(channel.o)
                                        0x1fb (size before relaxing)
 .debug_str     0x00000000000002e7       0xad contiki-micaz.a(list.o)
                                         0xfd (size before relaxing)
 .debug_str     0x0000000000000394      0x143 contiki-micaz.a(etimer.o)
                                        0x29a (size before relaxing)
 .debug_str     0x00000000000004d7      0x1ed contiki-micaz.a(packetbuf.o)
                                        0x344 (size before relaxing)
 .debug_str     0x00000000000006c4       0x60 contiki-micaz.a(contiki-micaz-m)
                                        0x204 (size before relaxing)
 .debug_str     0x0000000000000724       0xda contiki-micaz.a(init-net.o)
                                        0x21f (size before relaxing)
 .debug_str     0x00000000000007fe       0x49 contiki-micaz.a(node-id.o)
                                        0x11d (size before relaxing)
 .debug_str     0x0000000000000847       0x81 contiki-micaz.a(clock.o)
                                        0x15b (size before relaxing)
 .debug_str     0x00000000000008c8       0x72 contiki-micaz.a(ds2401.o)
                                        0x156 (size before relaxing)
 .debug_str     0x000000000000093a       0x42 contiki-micaz.a(eeprom.o)
                                        0x105 (size before relaxing)
 .debug_str     0x000000000000097c       0x74 contiki-micaz.a(leds.o)
                                        0x134 (size before relaxing)
 .debug_str     0x00000000000009f0       0x5d contiki-micaz.a(rimeaddr.o)
                                        0x142 (size before relaxing)
 .debug_str     0x0000000000000a4d       0x8f contiki-micaz.a(rime.o)
                                        0x286 (size before relaxing)
 .debug_str     0x0000000000000adc      0x179 contiki-micaz.a(announcement.o)
                                        0x2af (size before relaxing)
 .debug_str     0x0000000000000c55      0x1a4 contiki-micaz.a(broadcast-annou)
                                        0x402 (size before relaxing)
 .debug_str     0x0000000000000df9       0x7b contiki-micaz.a(broadcast.o)
                                        0x265 (size before relaxing)
 .debug_str     0x0000000000000e74       0x97 contiki-micaz.a(chameleon.o)
                                        0x20d (size before relaxing)
 .debug_str     0x0000000000000f0b       0xc4 contiki-micaz.a(chameleon-bitop)
                                        0x2a4 (size before relaxing)
 .debug_str     0x0000000000000fcf      0x367 contiki-micaz.a(cxmac.o)
                                        0x682 (size before relaxing)
 .debug_str     0x0000000000001336       0x30 contiki-micaz.a(mac.o)
                                        0x10b (size before relaxing)
 .debug_str     0x0000000000001366      0x1b3 contiki-micaz.a(framer-802154.o)
                                        0x353 (size before relaxing)
 .debug_str     0x0000000000001519      0x1e0 contiki-micaz.a(csma.o)
                                        0x4c2 (size before relaxing)
 .debug_str     0x00000000000016f9      0x168 contiki-micaz.a(process.o)
                                        0x28d (size before relaxing)
 .debug_str     0x0000000000001861       0x3a contiki-micaz.a(autostart.o)
                                        0x145 (size before relaxing)
 .debug_str     0x000000000000189b       0x91 contiki-micaz.a(compower.o)
                                        0x20f (size before relaxing)
 .debug_str     0x000000000000192c       0x46 contiki-micaz.a(memb.o)
                                        0x10f (size before relaxing)
 .debug_str     0x0000000000001972       0x27 contiki-micaz.a(timer.o)
                                        0x134 (size before relaxing)
 .debug_str     0x0000000000001999       0xad contiki-micaz.a(ctimer.o)
                                        0x22e (size before relaxing)
 .debug_str     0x0000000000001a46       0x5c contiki-micaz.a(energest.o)
                                        0x115 (size before relaxing)
 .debug_str     0x0000000000001aa2       0x71 contiki-micaz.a(rtimer.o)
                                        0x145 (size before relaxing)
 .debug_str     0x0000000000001b13       0x35 contiki-micaz.a(random.o)
                                         0xe9 (size before relaxing)
 .debug_str     0x0000000000001b48      0x18a contiki-micaz.a(queuebuf.o)
                                        0x312 (size before relaxing)
 .debug_str     0x0000000000001cd2      0x10a contiki-micaz.a(rs232.o)
                                        0x208 (size before relaxing)
 .debug_str     0x0000000000001ddc       0x50 contiki-micaz.a(leds-arch.o)
                                        0x109 (size before relaxing)
 .debug_str     0x0000000000001e2c      0x605 contiki-micaz.a(cc2420.o)
                                        0x8fe (size before relaxing)
 .debug_str     0x0000000000002431       0x43 contiki-micaz.a(cc2420-arch.o)
                                        0x164 (size before relaxing)
 .debug_str     0x0000000000002474       0x50 contiki-micaz.a(rtimer-arch.o)
                                        0x125 (size before relaxing)
 .debug_str     0x00000000000024c4       0x68 contiki-micaz.a(watchdog.o)
                                        0x109 (size before relaxing)
 .debug_str     0x000000000000252c       0xca contiki-micaz.a(frame802154.o)
                                        0x308 (size before relaxing)
 .debug_str     0x00000000000025f6       0x28 contiki-micaz.a(spi.o)
                                         0xdc (size before relaxing)

.debug_loc      0x0000000000000000     0x3ba6
 *(.debug_loc)
 .debug_loc     0x0000000000000000       0xf0 clock_test.co
 .debug_loc     0x00000000000000f0      0x148 contiki-micaz.a(abc.o)
 .debug_loc     0x0000000000000238      0x140 contiki-micaz.a(channel.o)
 .debug_loc     0x0000000000000378      0x358 contiki-micaz.a(list.o)
 .debug_loc     0x00000000000006d0      0x33e contiki-micaz.a(etimer.o)
 .debug_loc     0x0000000000000a0e      0x1f0 contiki-micaz.a(packetbuf.o)
 .debug_loc     0x0000000000000bfe       0x18 contiki-micaz.a(init-net.o)
 .debug_loc     0x0000000000000c16       0x40 contiki-micaz.a(node-id.o)
 .debug_loc     0x0000000000000c56       0x28 contiki-micaz.a(clock.o)
 .debug_loc     0x0000000000000c7e      0x22e contiki-micaz.a(ds2401.o)
 .debug_loc     0x0000000000000eac       0xd0 contiki-micaz.a(eeprom.o)
 .debug_loc     0x0000000000000f7c       0x75 contiki-micaz.a(leds.o)
 .debug_loc     0x0000000000000ff1       0x80 contiki-micaz.a(rimeaddr.o)
 .debug_loc     0x0000000000001071      0x180 contiki-micaz.a(rime.o)
 .debug_loc     0x00000000000011f1      0x270 contiki-micaz.a(announcement.o)
 .debug_loc     0x0000000000001461      0x206 contiki-micaz.a(broadcast-annou)
 .debug_loc     0x0000000000001667      0x170 contiki-micaz.a(broadcast.o)
 .debug_loc     0x00000000000017d7       0x78 contiki-micaz.a(chameleon.o)
 .debug_loc     0x000000000000184f      0x57b contiki-micaz.a(chameleon-bitop)
 .debug_loc     0x0000000000001dca      0x579 contiki-micaz.a(cxmac.o)
 .debug_loc     0x0000000000002343       0xd0 contiki-micaz.a(mac.o)
 .debug_loc     0x0000000000002413       0x63 contiki-micaz.a(framer-802154.o)
 .debug_loc     0x0000000000002476      0x2f8 contiki-micaz.a(csma.o)
 .debug_loc     0x000000000000276e      0x2c1 contiki-micaz.a(process.o)
 .debug_loc     0x0000000000002a2f       0x50 contiki-micaz.a(autostart.o)
 .debug_loc     0x0000000000002a7f       0x96 contiki-micaz.a(compower.o)
 .debug_loc     0x0000000000002b15      0x100 contiki-micaz.a(memb.o)
 .debug_loc     0x0000000000002c15       0xe0 contiki-micaz.a(timer.o)
 .debug_loc     0x0000000000002cf5      0x2a9 contiki-micaz.a(ctimer.o)
 .debug_loc     0x0000000000002f9e       0xb0 contiki-micaz.a(rtimer.o)
 .debug_loc     0x000000000000304e       0x18 contiki-micaz.a(random.o)
 .debug_loc     0x0000000000003066      0x228 contiki-micaz.a(queuebuf.o)
 .debug_loc     0x000000000000328e      0x176 contiki-micaz.a(rs232.o)
 .debug_loc     0x0000000000003404       0x13 contiki-micaz.a(leds-arch.o)
 .debug_loc     0x0000000000003417      0x55b contiki-micaz.a(cc2420.o)
 .debug_loc     0x0000000000003972       0x18 contiki-micaz.a(rtimer-arch.o)
 .debug_loc     0x000000000000398a      0x21c contiki-micaz.a(frame802154.o)

.debug_macinfo
 *(.debug_macinfo)
OUTPUT(clock_test.micaz elf32-avr)
LOAD linker stubs

.bootloader     0x000000000001f800        0x0

.debug_ranges   0x0000000000000000      0x180
 .debug_ranges  0x0000000000000000       0x20 contiki-micaz.a(init-net.o)
 .debug_ranges  0x0000000000000020      0x118 contiki-micaz.a(cxmac.o)
 .debug_ranges  0x0000000000000138       0x18 contiki-micaz.a(csma.o)
 .debug_ranges  0x0000000000000150       0x30 contiki-micaz.a(cc2420.o)
