Archive member included because of file (symbol)

contiki-native.a(contiki-main.o)
                              /usr/lib/gcc/x86_64-linux-gnu/4.6/../../../x86_64-linux-gnu/crt1.o (main)
contiki-native.a(button-sensor.o)
                              contiki-native.a(contiki-main.o) (button_sensor)
contiki-native.a(pir-sensor.o)
                              contiki-native.a(contiki-main.o) (pir_sensor)
contiki-native.a(vib-sensor.o)
                              contiki-native.a(contiki-main.o) (vib_sensor)
contiki-native.a(sensors.o)   contiki-native.a(button-sensor.o) (sensors_changed)
contiki-native.a(rimeaddr.o)  contiki-native.a(contiki-main.o) (rimeaddr_set_node_addr)
contiki-native.a(rime.o)      contiki-native.a(contiki-main.o) (rime_driver)
contiki-native.a(announcement.o)
                              contiki-native.a(rime.o) (announcement_init)
contiki-native.a(broadcast-annou)
                              contiki-native.a(rime.o) (broadcast_announcement_init)
contiki-native.a(broadcast.o)
                              contiki-native.a(broadcast-annou) (broadcast_open)
contiki-native.a(abc.o)       contiki-native.a(broadcast.o) (abc_open)
contiki-native.a(chameleon.o)
                              contiki-native.a(rime.o) (chameleon_init)
contiki-native.a(channel.o)   contiki-native.a(chameleon.o) (channel_init)
contiki-native.a(chameleon-bitop)
                              contiki-native.a(chameleon.o) (chameleon_bitopt)
contiki-native.a(nullmac.o)   contiki-native.a(contiki-main.o) (nullmac_driver)
contiki-native.a(nullrdc.o)   contiki-native.a(contiki-main.o) (nullrdc_driver)
contiki-native.a(mac.o)       contiki-native.a(nullrdc.o) (mac_call_sent_callback)
contiki-native.a(framer-nullmac.)
                              contiki-native.a(nullrdc.o) (framer_nullmac)
contiki-native.a(process.o)   contiki-native.a(sensors.o) (process_alloc_event)
contiki-native.a(autostart.o)
                              contiki-native.a(contiki-main.o) (autostart_start)
contiki-native.a(serial-line.o)
                              contiki-native.a(contiki-main.o) (serial_line_input_byte)
contiki-native.a(list.o)      contiki-native.a(announcement.o) (list_init)
contiki-native.a(etimer.o)    contiki-native.a(contiki-main.o) (etimer_request_poll)
contiki-native.a(ctimer.o)    contiki-native.a(contiki-main.o) (ctimer_init)
contiki-native.a(random.o)    contiki-native.a(broadcast-annou) (random_rand)
contiki-native.a(ringbuf.o)   contiki-native.a(serial-line.o) (ringbuf_init)
contiki-native.a(netstack.o)  contiki-native.a(contiki-main.o) (netstack_init)
contiki-native.a(packetbuf.o)
                              contiki-native.a(chameleon-bitop) (packetbuf_hdrreduce)
contiki-native.a(queuebuf.o)  contiki-native.a(contiki-main.o) (queuebuf_init)
contiki-native.a(tcpip.o)     contiki-native.a(contiki-main.o) (tcpip_process)
contiki-native.a(uip.o)       contiki-native.a(tcpip.o) (uip_conn)
contiki-native.a(nullradio.o)
                              contiki-native.a(nullrdc.o) (nullradio_driver)
contiki-native.a(clock.o)     contiki-native.a(etimer.o) (clock_time)
contiki-native.a(memb.o)      contiki-native.a(queuebuf.o) (memb_init)
contiki-native.a(timer.o)     contiki-native.a(etimer.o) (timer_set)
/usr/lib/x86_64-linux-gnu/libc_nonshared.a(elf-init.oS)
                              /usr/lib/gcc/x86_64-linux-gnu/4.6/../../../x86_64-linux-gnu/crt1.o (__libc_csu_init)

Allocating common symbols
Common symbol       size              file

uip_draddr          0x4               contiki-native.a(uip.o)
uip_slen            0x2               contiki-native.a(uip.o)
uip_acc32           0x4               contiki-native.a(uip.o)
uip_conns           0x780             contiki-native.a(uip.o)
uip_netmask         0x4               contiki-native.a(uip.o)
uip_hostaddr        0x4               contiki-native.a(uip.o)
serial_line_event_message
                    0x1               contiki-native.a(serial-line.o)
uip_appdata         0x8               contiki-native.a(uip.o)
uip_flags           0x1               contiki-native.a(uip.o)
packetbuf_attrs     0x30              contiki-native.a(packetbuf.o)
uip_aligned_buf     0x1a4             contiki-native.a(uip.o)
contiki_argv        0x8               contiki-native.a(contiki-main.o)
uip_listenports     0x50              contiki-native.a(uip.o)
uip_len             0x2               contiki-native.a(uip.o)
tcpip_event         0x1               contiki-native.a(tcpip.o)
uip_sappdata        0x8               contiki-native.a(uip.o)
sensors_event       0x1               contiki-native.a(sensors.o)
uip_udp_conns       0x140             contiki-native.a(uip.o)
rimeaddr_node_addr  0x2               contiki-native.a(rimeaddr.o)
packetbuf_addrs     0x8               contiki-native.a(packetbuf.o)
uip_udp_conn        0x8               contiki-native.a(uip.o)
sensors_flags       0x4               contiki-native.a(contiki-main.o)
uip_conn            0x8               contiki-native.a(uip.o)

Discarded input sections

 .note.GNU-stack
                0x0000000000000000        0x0 /usr/lib/gcc/x86_64-linux-gnu/4.6/../../../x86_64-linux-gnu/crt1.o
 .gnu_debuglink
                0x0000000000000000        0xc /usr/lib/gcc/x86_64-linux-gnu/4.6/../../../x86_64-linux-gnu/crt1.o
 .note.GNU-stack
                0x0000000000000000        0x0 /usr/lib/gcc/x86_64-linux-gnu/4.6/../../../x86_64-linux-gnu/crti.o
 .gnu_debuglink
                0x0000000000000000        0xc /usr/lib/gcc/x86_64-linux-gnu/4.6/../../../x86_64-linux-gnu/crti.o
 .note.GNU-stack
                0x0000000000000000        0x0 /usr/lib/gcc/x86_64-linux-gnu/4.6/crtbegin.o
 .note.GNU-stack
                0x0000000000000000        0x0 ts_test.co
 .note.GNU-stack
                0x0000000000000000        0x0 obj_native/timestamp.o
 .note.GNU-stack
                0x0000000000000000        0x0 contiki-native.a(contiki-main.o)
 .note.GNU-stack
                0x0000000000000000        0x0 contiki-native.a(button-sensor.o)
 .note.GNU-stack
                0x0000000000000000        0x0 contiki-native.a(pir-sensor.o)
 .note.GNU-stack
                0x0000000000000000        0x0 contiki-native.a(vib-sensor.o)
 .note.GNU-stack
                0x0000000000000000        0x0 contiki-native.a(sensors.o)
 .note.GNU-stack
                0x0000000000000000        0x0 contiki-native.a(rimeaddr.o)
 .note.GNU-stack
                0x0000000000000000        0x0 contiki-native.a(rime.o)
 .note.GNU-stack
                0x0000000000000000        0x0 contiki-native.a(announcement.o)
 .note.GNU-stack
                0x0000000000000000        0x0 contiki-native.a(broadcast-annou)
 .note.GNU-stack
                0x0000000000000000        0x0 contiki-native.a(broadcast.o)
 .note.GNU-stack
                0x0000000000000000        0x0 contiki-native.a(abc.o)
 .note.GNU-stack
                0x0000000000000000        0x0 contiki-native.a(chameleon.o)
 .note.GNU-stack
                0x0000000000000000        0x0 contiki-native.a(channel.o)
 .note.GNU-stack
                0x0000000000000000        0x0 contiki-native.a(chameleon-bitop)
 .note.GNU-stack
                0x0000000000000000        0x0 contiki-native.a(nullmac.o)
 .note.GNU-stack
                0x0000000000000000        0x0 contiki-native.a(nullrdc.o)
 .note.GNU-stack
                0x0000000000000000        0x0 contiki-native.a(mac.o)
 .note.GNU-stack
                0x0000000000000000        0x0 contiki-native.a(framer-nullmac.)
 .note.GNU-stack
                0x0000000000000000        0x0 contiki-native.a(process.o)
 .note.GNU-stack
                0x0000000000000000        0x0 contiki-native.a(autostart.o)
 .note.GNU-stack
                0x0000000000000000        0x0 contiki-native.a(serial-line.o)
 .note.GNU-stack
                0x0000000000000000        0x0 contiki-native.a(list.o)
 .note.GNU-stack
                0x0000000000000000        0x0 contiki-native.a(etimer.o)
 .note.GNU-stack
                0x0000000000000000        0x0 contiki-native.a(ctimer.o)
 .note.GNU-stack
                0x0000000000000000        0x0 contiki-native.a(random.o)
 .note.GNU-stack
                0x0000000000000000        0x0 contiki-native.a(ringbuf.o)
 .note.GNU-stack
                0x0000000000000000        0x0 contiki-native.a(netstack.o)
 .note.GNU-stack
                0x0000000000000000        0x0 contiki-native.a(packetbuf.o)
 .note.GNU-stack
                0x0000000000000000        0x0 contiki-native.a(queuebuf.o)
 .note.GNU-stack
                0x0000000000000000        0x0 contiki-native.a(tcpip.o)
 .note.GNU-stack
                0x0000000000000000        0x0 contiki-native.a(uip.o)
 .note.GNU-stack
                0x0000000000000000        0x0 contiki-native.a(nullradio.o)
 .note.GNU-stack
                0x0000000000000000        0x0 contiki-native.a(clock.o)
 .note.GNU-stack
                0x0000000000000000        0x0 contiki-native.a(memb.o)
 .note.GNU-stack
                0x0000000000000000        0x0 contiki-native.a(timer.o)
 .note.GNU-stack
                0x0000000000000000        0x0 /usr/lib/x86_64-linux-gnu/libc_nonshared.a(elf-init.oS)
 .note.GNU-stack
                0x0000000000000000        0x0 /usr/lib/gcc/x86_64-linux-gnu/4.6/crtend.o
 .note.GNU-stack
                0x0000000000000000        0x0 /usr/lib/gcc/x86_64-linux-gnu/4.6/../../../x86_64-linux-gnu/crtn.o
 .gnu_debuglink
                0x0000000000000000        0xc /usr/lib/gcc/x86_64-linux-gnu/4.6/../../../x86_64-linux-gnu/crtn.o

Memory Configuration

Name             Origin             Length             Attributes
*default*        0x0000000000000000 0xffffffffffffffff

Linker script and memory map

LOAD /usr/lib/gcc/x86_64-linux-gnu/4.6/../../../x86_64-linux-gnu/crt1.o
LOAD /usr/lib/gcc/x86_64-linux-gnu/4.6/../../../x86_64-linux-gnu/crti.o
LOAD /usr/lib/gcc/x86_64-linux-gnu/4.6/crtbegin.o
LOAD ts_test.co
LOAD obj_native/timestamp.o
LOAD contiki-native.a
LOAD /usr/lib/gcc/x86_64-linux-gnu/4.6/../../../x86_64-linux-gnu/libncurses.so
LOAD /lib/x86_64-linux-gnu/libncurses.so.5
LOAD /usr/lib/gcc/x86_64-linux-gnu/4.6/../../../x86_64-linux-gnu/libtinfo.so
LOAD /usr/lib/gcc/x86_64-linux-gnu/4.6/libgcc.a
LOAD /usr/lib/gcc/x86_64-linux-gnu/4.6/libgcc_s.so
LOAD /usr/lib/gcc/x86_64-linux-gnu/4.6/../../../x86_64-linux-gnu/libc.so
START GROUP
LOAD /lib/x86_64-linux-gnu/libc.so.6
LOAD /usr/lib/x86_64-linux-gnu/libc_nonshared.a
LOAD /lib/x86_64-linux-gnu/ld-linux-x86-64.so.2
END GROUP
LOAD /usr/lib/gcc/x86_64-linux-gnu/4.6/libgcc.a
LOAD /usr/lib/gcc/x86_64-linux-gnu/4.6/libgcc_s.so
LOAD /usr/lib/gcc/x86_64-linux-gnu/4.6/crtend.o
LOAD /usr/lib/gcc/x86_64-linux-gnu/4.6/../../../x86_64-linux-gnu/crtn.o
                0x0000000000400000                PROVIDE (__executable_start, 0x400000)
                0x0000000000400238                . = (0x400000 + SIZEOF_HEADERS)

.interp         0x0000000000400238       0x1c
 *(.interp)
 .interp        0x0000000000400238       0x1c /usr/lib/gcc/x86_64-linux-gnu/4.6/../../../x86_64-linux-gnu/crt1.o

.note.ABI-tag   0x0000000000400254       0x20
 .note.ABI-tag  0x0000000000400254       0x20 /usr/lib/gcc/x86_64-linux-gnu/4.6/../../../x86_64-linux-gnu/crt1.o

.note.gnu.build-id
                0x0000000000400274       0x24
 *(.note.gnu.build-id)
 .note.gnu.build-id
                0x0000000000400274       0x24 /usr/lib/gcc/x86_64-linux-gnu/4.6/../../../x86_64-linux-gnu/crt1.o

.hash
 *(.hash)

.gnu.hash       0x0000000000400298      0x808
 *(.gnu.hash)
 .gnu.hash      0x0000000000400298      0x808 /usr/lib/gcc/x86_64-linux-gnu/4.6/../../../x86_64-linux-gnu/crt1.o

.dynsym         0x0000000000400aa0     0x1938
 *(.dynsym)
 .dynsym        0x0000000000400aa0     0x1938 /usr/lib/gcc/x86_64-linux-gnu/4.6/../../../x86_64-linux-gnu/crt1.o

.dynstr         0x00000000004023d8      0xf44
 *(.dynstr)
 .dynstr        0x00000000004023d8      0xf44 /usr/lib/gcc/x86_64-linux-gnu/4.6/../../../x86_64-linux-gnu/crt1.o

.gnu.version    0x000000000040331c      0x21a
 *(.gnu.version)
 .gnu.version   0x000000000040331c      0x21a /usr/lib/gcc/x86_64-linux-gnu/4.6/../../../x86_64-linux-gnu/crt1.o

.gnu.version_d  0x0000000000403538        0x0
 *(.gnu.version_d)
 .gnu.version_d
                0x0000000000000000        0x0 /usr/lib/gcc/x86_64-linux-gnu/4.6/../../../x86_64-linux-gnu/crt1.o

.gnu.version_r  0x0000000000403538       0x50
 *(.gnu.version_r)
 .gnu.version_r
                0x0000000000403538       0x50 /usr/lib/gcc/x86_64-linux-gnu/4.6/../../../x86_64-linux-gnu/crt1.o

.rela.dyn       0x0000000000403588       0x48
 *(.rela.init)
 *(.rela.text .rela.text.* .rela.gnu.linkonce.t.*)
 .rela.text     0x0000000000000000        0x0 /usr/lib/gcc/x86_64-linux-gnu/4.6/../../../x86_64-linux-gnu/crt1.o
 *(.rela.fini)
 *(.rela.rodata .rela.rodata.* .rela.gnu.linkonce.r.*)
 *(.rela.data .rela.data.* .rela.gnu.linkonce.d.*)
 .rela.data     0x0000000000000000        0x0 /usr/lib/gcc/x86_64-linux-gnu/4.6/../../../x86_64-linux-gnu/crt1.o
 *(.rela.tdata .rela.tdata.* .rela.gnu.linkonce.td.*)
 *(.rela.tbss .rela.tbss.* .rela.gnu.linkonce.tb.*)
 *(.rela.ctors)
 *(.rela.dtors)
 *(.rela.got)
 .rela.got      0x0000000000403588       0x18 /usr/lib/gcc/x86_64-linux-gnu/4.6/../../../x86_64-linux-gnu/crt1.o
 *(.rela.bss .rela.bss.* .rela.gnu.linkonce.b.*)
 .rela.bss      0x00000000004035a0       0x30 /usr/lib/gcc/x86_64-linux-gnu/4.6/../../../x86_64-linux-gnu/crt1.o
 *(.rela.ldata .rela.ldata.* .rela.gnu.linkonce.l.*)
 *(.rela.lbss .rela.lbss.* .rela.gnu.linkonce.lb.*)
 *(.rela.lrodata .rela.lrodata.* .rela.gnu.linkonce.lr.*)
 *(.rela.ifunc)

.rela.plt       0x00000000004035d0      0x198
 *(.rela.plt)
 .rela.plt      0x00000000004035d0      0x198 /usr/lib/gcc/x86_64-linux-gnu/4.6/../../../x86_64-linux-gnu/crt1.o
                0x0000000000403768                PROVIDE (__rela_iplt_start, .)
 *(.rela.iplt)
 .rela.iplt     0x0000000000000000        0x0 /usr/lib/gcc/x86_64-linux-gnu/4.6/../../../x86_64-linux-gnu/crt1.o
                0x0000000000403768                PROVIDE (__rela_iplt_end, .)

.init           0x0000000000403768       0x18
 *(.init)
 .init          0x0000000000403768        0x9 /usr/lib/gcc/x86_64-linux-gnu/4.6/../../../x86_64-linux-gnu/crti.o
                0x0000000000403768                _init
 .init          0x0000000000403771        0x5 /usr/lib/gcc/x86_64-linux-gnu/4.6/crtbegin.o
 .init          0x0000000000403776        0x5 /usr/lib/gcc/x86_64-linux-gnu/4.6/crtend.o
 .init          0x000000000040377b        0x5 /usr/lib/gcc/x86_64-linux-gnu/4.6/../../../x86_64-linux-gnu/crtn.o

.plt            0x0000000000403780      0x120
 *(.plt)
 .plt           0x0000000000403780      0x120 /usr/lib/gcc/x86_64-linux-gnu/4.6/../../../x86_64-linux-gnu/crt1.o
                0x0000000000403790                strncmp@@GLIBC_2.2.5
                0x00000000004037a0                puts@@GLIBC_2.2.5
                0x00000000004037b0                __stack_chk_fail@@GLIBC_2.4
                0x00000000004037c0                gettimeofday@@GLIBC_2.2.5
                0x00000000004037d0                memset@@GLIBC_2.2.5
                0x00000000004037e0                read@@GLIBC_2.2.5
                0x00000000004037f0                __libc_start_main@@GLIBC_2.2.5
                0x0000000000403800                srand@@GLIBC_2.2.5
                0x0000000000403810                memcmp@@GLIBC_2.2.5
                0x0000000000403820                __memcpy_chk@@GLIBC_2.3.4
                0x0000000000403830                memcpy@@GLIBC_2.14
                0x0000000000403840                select@@GLIBC_2.2.5
                0x0000000000403850                __printf_chk@@GLIBC_2.3.4
                0x0000000000403860                setvbuf@@GLIBC_2.2.5
                0x0000000000403870                perror@@GLIBC_2.2.5
                0x0000000000403880                __fprintf_chk@@GLIBC_2.3.4
                0x0000000000403890                rand@@GLIBC_2.2.5
 *(.iplt)
 .iplt          0x0000000000000000        0x0 /usr/lib/gcc/x86_64-linux-gnu/4.6/../../../x86_64-linux-gnu/crt1.o

.text           0x00000000004038a0     0x5248
 *(.text.unlikely .text.*_unlikely)
 *(.text.exit .text.exit.*)
 *(.text.startup .text.startup.*)
 *(.text.hot .text.hot.*)
 *(.text .stub .text.* .gnu.linkonce.t.*)
 .text          0x00000000004038a0       0x2c /usr/lib/gcc/x86_64-linux-gnu/4.6/../../../x86_64-linux-gnu/crt1.o
                0x00000000004038a0                _start
 .text          0x00000000004038cc       0x17 /usr/lib/gcc/x86_64-linux-gnu/4.6/../../../x86_64-linux-gnu/crti.o
 *fill*         0x00000000004038e3        0xd 90909090
 .text          0x00000000004038f0       0x92 /usr/lib/gcc/x86_64-linux-gnu/4.6/crtbegin.o
 *fill*         0x0000000000403982        0x2 90909090
 .text          0x0000000000403984       0xaf ts_test.co
 *fill*         0x0000000000403a33        0x1 90909090
 .text          0x0000000000403a34      0x798 obj_native/timestamp.o
                0x0000000000403a34                timestamp_arrange
                0x0000000000403b1a                timestamp_is_overflow
                0x0000000000403b4e                timestamp_is_empty
                0x0000000000403b74                timestamp_init
                0x0000000000403b92                timestamp_plus
                0x0000000000403bfb                timestamp_minus
                0x0000000000403d21                packet_get_index
                0x0000000000403d3b                timestamp_to_packet
                0x0000000000403eb5                timestamp_from_packet
                0x0000000000404178                print_timestamp
 *fill*         0x00000000004041cc        0x4 90909090
 .text          0x00000000004041d0      0x346 contiki-native.a(contiki-main.o)
                0x000000000040420b                select_set_callback
                0x00000000004042ac                main
                0x00000000004044c5                log_message
                0x00000000004044ef                uip_log
 *fill*         0x0000000000404516        0x2 90909090
 .text          0x0000000000404518       0x25 contiki-native.a(button-sensor.o)
                0x000000000040452a                button_press
 *fill*         0x000000000040453d        0x3 90909090
 .text          0x0000000000404540       0x2c contiki-native.a(pir-sensor.o)
                0x0000000000404553                pir_sensor_changed
 .text          0x000000000040456c       0x2d contiki-native.a(vib-sensor.o)
                0x000000000040457f                vib_sensor_changed
 *fill*         0x0000000000404599        0x3 90909090
 .text          0x000000000040459c      0x21e contiki-native.a(sensors.o)
                0x0000000000404708                sensors_first
                0x0000000000404710                sensors_next
                0x0000000000404723                sensors_changed
                0x0000000000404744                sensors_find
 *fill*         0x00000000004047ba        0x2 90909090
 .text          0x00000000004047bc       0x31 contiki-native.a(rimeaddr.o)
                0x00000000004047bc                rimeaddr_copy
                0x00000000004047c3                rimeaddr_cmp
                0x00000000004047de                rimeaddr_set_node_addr
 *fill*         0x00000000004047ed        0x3 90909090
 .text          0x00000000004047f0      0x138 contiki-native.a(rime.o)
                0x00000000004048ce                rime_sniffer_add
                0x00000000004048e4                rime_sniffer_remove
                0x00000000004048fa                rime_output
 *fill*         0x0000000000404928        0x8 90909090
 .text          0x0000000000404930      0x194 contiki-native.a(announcement.o)
                0x0000000000404930                announcement_init
                0x0000000000404943                announcement_register
                0x0000000000404987                announcement_remove
                0x000000000040499d                announcement_remove_value
                0x00000000004049d1                announcement_set_value
                0x0000000000404a09                announcement_bump
                0x0000000000404a34                announcement_listen
                0x0000000000404a4b                announcement_register_listen_callback
                0x0000000000404a53                announcement_register_observer_callback
                0x0000000000404a5b                announcement_list
                0x0000000000404a6e                announcement_heard
 .text          0x0000000000404ac4      0x220 contiki-native.a(broadcast-annou)
                0x0000000000404c55                broadcast_announcement_init
                0x0000000000404cb5                broadcast_announcement_stop
                0x0000000000404cdc                broadcast_announcement_beacon_interval
 .text          0x0000000000404ce4       0xc5 contiki-native.a(broadcast.o)
                0x0000000000404d33                broadcast_open
                0x0000000000404d7e                broadcast_close
                0x0000000000404d8c                broadcast_send
 *fill*         0x0000000000404da9        0x3 90909090
 .text          0x0000000000404dac       0x91 contiki-native.a(abc.o)
                0x0000000000404dac                abc_open
                0x0000000000404df2                abc_close
                0x0000000000404e00                abc_send
                0x0000000000404e0e                abc_input
                0x0000000000404e25                abc_sent
 *fill*         0x0000000000404e3d        0x3 90909090
 .text          0x0000000000404e40       0x7d contiki-native.a(chameleon.o)
                0x0000000000404e40                chameleon_init
                0x0000000000404e4e                chameleon_parse
                0x0000000000404e70                chameleon_create
                0x0000000000404eae                chameleon_hdrsize
 *fill*         0x0000000000404ebd        0x3 90909090
 .text          0x0000000000404ec0       0xb1 contiki-native.a(channel.o)
                0x0000000000404ec0                channel_init
                0x0000000000404ed3                channel_open
                0x0000000000404eed                channel_close
                0x0000000000404f03                channel_lookup
                0x0000000000404f32                channel_set_attributes
 *fill*         0x0000000000404f71        0xf 90909090
 .text          0x0000000000404f80      0x4c6 contiki-native.a(chameleon-bitop)
                0x0000000000404f9b                get_bits_in_byte
                0x0000000000404fc7                get_bits
                0x00000000004051fd                set_bits_in_byte
                0x0000000000405219                set_bits
 *fill*         0x0000000000405446        0x2 90909090
 .text          0x0000000000405448       0x44 contiki-native.a(nullmac.o)
 *fill*         0x000000000040548c        0x4 90909090
 .text          0x0000000000405490      0x176 contiki-native.a(nullrdc.o)
 *fill*         0x0000000000405606        0x2 90909090
 .text          0x0000000000405608       0x1a contiki-native.a(mac.o)
                0x0000000000405608                mac_call_sent_callback
 *fill*         0x0000000000405622        0x2 90909090
 .text          0x0000000000405624       0x88 contiki-native.a(framer-nullmac.)
 *fill*         0x00000000004056ac        0x4 90909090
 .text          0x00000000004056b0      0x3f9 contiki-native.a(process.o)
                0x00000000004056b0                process_alloc_event
                0x00000000004056c1                process_init
                0x00000000004056ed                process_nevents
                0x0000000000405701                process_post
                0x000000000040575b                process_poll
                0x0000000000405778                process_is_running
                0x00000000004058e2                process_post_synch
                0x00000000004058fc                process_start
                0x000000000040598f                process_run
                0x0000000000405a94                process_exit
 *fill*         0x0000000000405aa9        0x3 90909090
 .text          0x0000000000405aac       0x69 contiki-native.a(autostart.o)
                0x0000000000405aac                autostart_start
                0x0000000000405ae3                autostart_exit
 *fill*         0x0000000000405b15        0x3 90909090
 .text          0x0000000000405b18      0x185 contiki-native.a(serial-line.o)
                0x0000000000405c0a                serial_line_input_byte
                0x0000000000405c71                serial_line_init
 *fill*         0x0000000000405c9d        0x3 90909090
 .text          0x0000000000405ca0      0x162 contiki-native.a(list.o)
                0x0000000000405ca0                list_init
                0x0000000000405ca8                list_head
                0x0000000000405cac                list_copy
                0x0000000000405cb3                list_tail
                0x0000000000405cca                list_chop
                0x0000000000405cf8                list_pop
                0x0000000000405d08                list_remove
                0x0000000000405d4b                list_push
                0x0000000000405d7c                list_add
                0x0000000000405dc0                list_length
                0x0000000000405dda                list_insert
                0x0000000000405df3                list_item_next
 *fill*         0x0000000000405e02        0xe 90909090
 .text          0x0000000000405e10      0x2f1 contiki-native.a(etimer.o)
                0x0000000000405e73                etimer_request_poll
                0x0000000000406011                etimer_set
                0x0000000000406024                etimer_reset
                0x0000000000406037                etimer_restart
                0x000000000040604a                etimer_adjust
                0x000000000040605e                etimer_expired
                0x000000000040606a                etimer_expiration_time
                0x0000000000406072                etimer_start_time
                0x0000000000406076                etimer_pending
                0x0000000000406085                etimer_next_expiration_time
                0x000000000040609a                etimer_stop
 *fill*         0x0000000000406101        0xf 90909090
 .text          0x0000000000406110      0x2d0 contiki-native.a(ctimer.o)
                0x00000000004061eb                ctimer_init
                0x0000000000406214                ctimer_set
                0x000000000040628b                ctimer_reset
                0x00000000004062f0                ctimer_restart
                0x0000000000406355                ctimer_stop
                0x000000000040638c                ctimer_expired
 .text          0x00000000004063e0       0x1f contiki-native.a(random.o)
                0x00000000004063e0                random_init
                0x00000000004063f1                random_rand
 *fill*         0x00000000004063ff        0x1 90909090
 .text          0x0000000000406400       0x9d contiki-native.a(ringbuf.o)
                0x0000000000406400                ringbuf_init
                0x0000000000406412                ringbuf_put
                0x0000000000406450                ringbuf_get
                0x0000000000406484                ringbuf_size
                0x000000000040648c                ringbuf_elements
 *fill*         0x000000000040649d        0x3 90909090
 .text          0x00000000004064a0       0x21 contiki-native.a(netstack.o)
                0x00000000004064a0                netstack_init
 *fill*         0x00000000004064c1        0x3 90909090
 .text          0x00000000004064c4      0x41a contiki-native.a(packetbuf.o)
                0x00000000004064c4                packetbuf_clear_hdr
                0x00000000004064cc                packetbuf_copyto_hdr
                0x00000000004064f6                packetbuf_copyto
                0x000000000040658b                packetbuf_hdr_remove
                0x0000000000406593                packetbuf_hdrreduce
                0x00000000004065bb                packetbuf_set_datalen
                0x00000000004065c3                packetbuf_dataptr
                0x00000000004065d1                packetbuf_hdrptr
                0x00000000004065df                packetbuf_is_reference
                0x00000000004065f1                packetbuf_reference_ptr
                0x00000000004065f9                packetbuf_datalen
                0x0000000000406601                packetbuf_compact
                0x0000000000406686                packetbuf_hdrlen
                0x0000000000406692                packetbuf_totlen
                0x00000000004066a6                packetbuf_hdralloc
                0x00000000004066fb                packetbuf_attr_clear
                0x0000000000406738                packetbuf_clear
                0x000000000040676a                packetbuf_reference
                0x000000000040679f                packetbuf_copyfrom
                0x00000000004067ef                packetbuf_attr_copyto
                0x000000000040683b                packetbuf_attr_copyfrom
                0x0000000000406887                packetbuf_set_attr
                0x0000000000406899                packetbuf_attr
                0x00000000004068a6                packetbuf_set_addr
                0x00000000004068cb                packetbuf_addr
 *fill*         0x00000000004068de        0x2 90909090
 .text          0x00000000004068e0      0x25f contiki-native.a(queuebuf.o)
                0x00000000004068e4                queuebuf_init
                0x000000000040690b                queuebuf_new_from_packetbuf
                0x00000000004069c1                queuebuf_update_attr_from_packetbuf
                0x00000000004069e2                queuebuf_free
                0x0000000000406a33                queuebuf_to_packetbuf
                0x0000000000406ac3                queuebuf_dataptr
                0x0000000000406b04                queuebuf_datalen
                0x0000000000406b0d                queuebuf_addr
                0x0000000000406b28                queuebuf_attr
                0x0000000000406b3d                queuebuf_debug_print
 *fill*         0x0000000000406b3f        0x1 90909090
 .text          0x0000000000406b40      0x5a2 contiki-native.a(tcpip.o)
                0x0000000000406b61                tcpip_output
                0x0000000000406e1e                tcpip_set_outputfunc
                0x0000000000406e26                tcp_unlisten
                0x0000000000406e85                tcp_listen
                0x0000000000406efd                tcp_attach
                0x0000000000406f0d                udp_attach
                0x0000000000406f1d                udp_new
                0x0000000000406f3f                udp_broadcast_new
                0x0000000000406f9b                tcpip_input
                0x0000000000406fc1                tcpip_poll_udp
                0x0000000000406fdc                tcpip_poll_tcp
                0x0000000000406ff7                tcp_connect
                0x0000000000407041                tcpip_uipcall
 *fill*         0x00000000004070e2        0xe 90909090
 .text          0x00000000004070f0     0x170a contiki-native.a(uip.o)
                0x0000000000407147                uip_setipid
                0x000000000040714f                uip_add32
                0x000000000040721c                uip_init
                0x0000000000407273                uip_unlisten
                0x00000000004072c9                uip_listen
                0x000000000040731f                uip_htons
                0x0000000000407326                uip_udp_new
                0x0000000000407418                uip_connect
                0x00000000004075d7                uip_udpchksum
                0x00000000004075e3                uip_tcpchksum
                0x00000000004075ef                uip_ipchksum
                0x000000000040761a                uip_process
                0x0000000000408786                uip_chksum
                0x00000000004087a0                uip_htonl
                0x00000000004087b6                uip_send
 *fill*         0x00000000004087fa        0x2 90909090
 .text          0x00000000004087fc       0x40 contiki-native.a(nullradio.o)
 .text          0x000000000040883c       0x5e contiki-native.a(clock.o)
                0x000000000040883c                clock_time
                0x000000000040887e                clock_seconds
                0x0000000000408898                clock_delay
 *fill*         0x000000000040889a        0x6 90909090
 .text          0x00000000004088a0      0x114 contiki-native.a(memb.o)
                0x00000000004088a0                memb_init
                0x00000000004088d3                memb_alloc
                0x000000000040892f                memb_free
                0x000000000040898c                memb_inmemb
 .text          0x00000000004089b4       0x59 contiki-native.a(timer.o)
                0x00000000004089b4                timer_set
                0x00000000004089c6                timer_reset
                0x00000000004089ce                timer_restart
                0x00000000004089dc                timer_expired
                0x00000000004089f8                timer_remaining
 *fill*         0x0000000000408a0d        0x3 90909090
 .text          0x0000000000408a10       0x92 /usr/lib/x86_64-linux-gnu/libc_nonshared.a(elf-init.oS)
                0x0000000000408a10                __libc_csu_init
                0x0000000000408aa0                __libc_csu_fini
 *fill*         0x0000000000408aa2        0xe 90909090
 .text          0x0000000000408ab0       0x36 /usr/lib/gcc/x86_64-linux-gnu/4.6/crtend.o
 *fill*         0x0000000000408ae6        0x2 90909090
 .text          0x0000000000408ae8        0x0 /usr/lib/gcc/x86_64-linux-gnu/4.6/../../../x86_64-linux-gnu/crtn.o
 *(.gnu.warning)

.fini           0x0000000000408ae8        0xe
 *(.fini)
 .fini          0x0000000000408ae8        0x4 /usr/lib/gcc/x86_64-linux-gnu/4.6/../../../x86_64-linux-gnu/crti.o
                0x0000000000408ae8                _fini
 .fini          0x0000000000408aec        0x5 /usr/lib/gcc/x86_64-linux-gnu/4.6/crtbegin.o
 .fini          0x0000000000408af1        0x5 /usr/lib/gcc/x86_64-linux-gnu/4.6/../../../x86_64-linux-gnu/crtn.o
                0x0000000000408af6                PROVIDE (__etext, .)
                0x0000000000408af6                PROVIDE (_etext, .)
                0x0000000000408af6                PROVIDE (etext, .)

.rodata         0x0000000000408b00      0x3f0
 *(.rodata .rodata.* .gnu.linkonce.r.*)
 .rodata.cst4   0x0000000000408b00        0x4 /usr/lib/gcc/x86_64-linux-gnu/4.6/../../../x86_64-linux-gnu/crt1.o
                0x0000000000408b00                _IO_stdin_used
 *fill*         0x0000000000408b04        0xc 00
 .rodata        0x0000000000408b10       0x10 ts_test.co
                0x0000000000408b10                autostart_processes
 .rodata.str1.1
                0x0000000000408b20        0xf ts_test.co
 .rodata.str1.1
                0x0000000000408b2f       0x28 obj_native/timestamp.o
 *fill*         0x0000000000408b57        0x1 00
 .rodata.str1.8
                0x0000000000408b58       0x28 obj_native/timestamp.o
                                         0x21 (size before relaxing)
 .rodata.str1.1
                0x0000000000408b80       0x5e contiki-native.a(contiki-main.o)
                                         0x62 (size before relaxing)
 *fill*         0x0000000000408bde        0x2 00
 .rodata        0x0000000000408be0       0x10 contiki-native.a(contiki-main.o)
 .rodata.str1.1
                0x0000000000408bf0        0x7 contiki-native.a(button-sensor.o)
 *fill*         0x0000000000408bf7        0x9 00
 .rodata        0x0000000000408c00       0x20 contiki-native.a(button-sensor.o)
                0x0000000000408c00                button_sensor
 .rodata.str1.1
                0x0000000000408c20        0x4 contiki-native.a(pir-sensor.o)
 *fill*         0x0000000000408c24       0x1c 00
 .rodata        0x0000000000408c40       0x20 contiki-native.a(pir-sensor.o)
                0x0000000000408c40                pir_sensor
 .rodata.str1.1
                0x0000000000408c60        0xa contiki-native.a(vib-sensor.o)
 *fill*         0x0000000000408c6a       0x16 00
 .rodata        0x0000000000408c80       0x20 contiki-native.a(vib-sensor.o)
                0x0000000000408c80                vib_sensor
 .rodata.str1.1
                0x0000000000408ca0        0x8 contiki-native.a(sensors.o)
 .rodata        0x0000000000408ca8        0x2 contiki-native.a(rimeaddr.o)
                0x0000000000408ca8                rimeaddr_null
 .rodata.str1.1
                0x0000000000408caa        0x5 contiki-native.a(rime.o)
 *fill*         0x0000000000408caf        0x1 00
 .rodata        0x0000000000408cb0       0x18 contiki-native.a(rime.o)
                0x0000000000408cb0                rime_driver
 *fill*         0x0000000000408cc8        0x8 00
 .rodata        0x0000000000408cd0       0x10 contiki-native.a(broadcast-annou)
 .rodata        0x0000000000408ce0       0x14 contiki-native.a(broadcast.o)
 .rodata        0x0000000000408cf4        0x2 contiki-native.a(abc.o)
 *fill*         0x0000000000408cf6        0xa 00
 .rodata        0x0000000000408d00       0x21 contiki-native.a(chameleon-bitop)
                0x0000000000408d00                chameleon_bitopt
 .rodata.str1.1
                0x0000000000408d21        0x8 contiki-native.a(nullmac.o)
 *fill*         0x0000000000408d29       0x17 00
 .rodata        0x0000000000408d40       0x38 contiki-native.a(nullmac.o)
                0x0000000000408d40                nullmac_driver
 .rodata.str1.1
                0x0000000000408d78        0x8 contiki-native.a(nullrdc.o)
 .rodata        0x0000000000408d80       0x40 contiki-native.a(nullrdc.o)
                0x0000000000408d80                nullrdc_driver
 .rodata        0x0000000000408dc0       0x10 contiki-native.a(framer-nullmac.)
                0x0000000000408dc0                framer_nullmac
 .rodata.str1.1
                0x0000000000408dd0        0xe contiki-native.a(serial-line.o)
 .rodata.str1.1
                0x0000000000408dde        0xc contiki-native.a(etimer.o)
 .rodata.str1.1
                0x0000000000408dea        0xf contiki-native.a(ctimer.o)
 .rodata.str1.1
                0x0000000000408df9        0xd contiki-native.a(tcpip.o)
 *fill*         0x0000000000408e06        0x2 00
 .rodata        0x0000000000408e08       0x90 contiki-native.a(uip.o)
                0x0000000000408e90                uip_all_zeroes_addr
                0x0000000000408e94                uip_broadcast_addr
 *fill*         0x0000000000408e98        0x8 00
 .rodata        0x0000000000408ea0       0x50 contiki-native.a(nullradio.o)
                0x0000000000408ea0                nullradio_driver

.rodata1
 *(.rodata1)

.eh_frame_hdr   0x0000000000408ef0      0x82c
 *(.eh_frame_hdr)
 .eh_frame_hdr  0x0000000000408ef0      0x82c /usr/lib/gcc/x86_64-linux-gnu/4.6/../../../x86_64-linux-gnu/crt1.o

.eh_frame       0x0000000000409720     0x1d34
 *(.eh_frame)
 .eh_frame      0x0000000000409720       0x40 /usr/lib/gcc/x86_64-linux-gnu/4.6/../../../x86_64-linux-gnu/crt1.o
 .eh_frame      0x0000000000409760       0x20 ts_test.co
                                         0x38 (size before relaxing)
 .eh_frame      0x0000000000409780      0x180 obj_native/timestamp.o
                                        0x178 (size before relaxing)
 .eh_frame      0x0000000000409900       0xb0 contiki-native.a(contiki-main.o)
                                         0xc0 (size before relaxing)
 .eh_frame      0x00000000004099b0       0x60 contiki-native.a(button-sensor.o)
                                         0x70 (size before relaxing)
 .eh_frame      0x0000000000409a10       0x60 contiki-native.a(pir-sensor.o)
                                         0x70 (size before relaxing)
 .eh_frame      0x0000000000409a70       0x60 contiki-native.a(vib-sensor.o)
                                         0x70 (size before relaxing)
 .eh_frame      0x0000000000409ad0       0xc0 contiki-native.a(sensors.o)
                                         0xc8 (size before relaxing)
 .eh_frame      0x0000000000409b90       0x48 contiki-native.a(rimeaddr.o)
                                         0x58 (size before relaxing)
 .eh_frame      0x0000000000409bd8       0xc8 contiki-native.a(rime.o)
                                         0xe0 (size before relaxing)
 .eh_frame      0x0000000000409ca0      0x128 contiki-native.a(announcement.o)
                                        0x130 (size before relaxing)
 .eh_frame      0x0000000000409dc8      0x108 contiki-native.a(broadcast-annou)
                                        0x118 (size before relaxing)
 .eh_frame      0x0000000000409ed0       0x90 contiki-native.a(broadcast.o)
                                         0xa8 (size before relaxing)
 .eh_frame      0x0000000000409f60       0x80 contiki-native.a(abc.o)
                                         0x98 (size before relaxing)
 .eh_frame      0x0000000000409fe0       0x70 contiki-native.a(chameleon.o)
                                         0x80 (size before relaxing)
 .eh_frame      0x000000000040a050       0x88 contiki-native.a(channel.o)
                                         0x98 (size before relaxing)
 .eh_frame      0x000000000040a0d8      0x120 contiki-native.a(chameleon-bitop)
                                        0x128 (size before relaxing)
 .eh_frame      0x000000000040a1f8       0x90 contiki-native.a(nullmac.o)
                                         0xa0 (size before relaxing)
 .eh_frame      0x000000000040a288       0xe0 contiki-native.a(nullrdc.o)
                                         0xf0 (size before relaxing)
 .eh_frame      0x000000000040a368       0x18 contiki-native.a(mac.o)
                                         0x30 (size before relaxing)
 .eh_frame      0x000000000040a380       0x40 contiki-native.a(framer-nullmac.)
                                         0x50 (size before relaxing)
 .eh_frame      0x000000000040a3c0      0x180 contiki-native.a(process.o)
                                        0x170 (size before relaxing)
 .eh_frame      0x000000000040a540       0x50 contiki-native.a(autostart.o)
                                         0x68 (size before relaxing)
 .eh_frame      0x000000000040a590       0x50 contiki-native.a(serial-line.o)
                                         0x68 (size before relaxing)
 .eh_frame      0x000000000040a5e0      0x130 contiki-native.a(list.o)
                                        0x118 (size before relaxing)
 .eh_frame      0x000000000040a710      0x190 contiki-native.a(etimer.o)
                                        0x180 (size before relaxing)
 .eh_frame      0x000000000040a8a0       0xe8 contiki-native.a(ctimer.o)
 .eh_frame      0x000000000040a988       0x30 contiki-native.a(random.o)
                                         0x48 (size before relaxing)
 .eh_frame      0x000000000040a9b8       0x78 contiki-native.a(ringbuf.o)
                                         0x80 (size before relaxing)
 .eh_frame      0x000000000040aa30       0x18 contiki-native.a(netstack.o)
                                         0x30 (size before relaxing)
 .eh_frame      0x000000000040aa48      0x298 contiki-native.a(packetbuf.o)
                                        0x258 (size before relaxing)
 .eh_frame      0x000000000040ace0      0x140 contiki-native.a(queuebuf.o)
 .eh_frame      0x000000000040ae20      0x1a0 contiki-native.a(tcpip.o)
 .eh_frame      0x000000000040afc0      0x218 contiki-native.a(uip.o)
                                        0x1f8 (size before relaxing)
 .eh_frame      0x000000000040b1d8       0xf0 contiki-native.a(nullradio.o)
                                         0xe0 (size before relaxing)
 .eh_frame      0x000000000040b2c8       0x48 contiki-native.a(clock.o)
                                         0x60 (size before relaxing)
 .eh_frame      0x000000000040b310       0x68 contiki-native.a(memb.o)
                                         0x70 (size before relaxing)
 .eh_frame      0x000000000040b378       0x98 contiki-native.a(timer.o)
                                         0xa0 (size before relaxing)
 .eh_frame      0x000000000040b410       0x40 /usr/lib/x86_64-linux-gnu/libc_nonshared.a(elf-init.oS)
                                         0x58 (size before relaxing)
 .eh_frame      0x000000000040b450        0x4 /usr/lib/gcc/x86_64-linux-gnu/4.6/crtend.o

.gcc_except_table
 *(.gcc_except_table .gcc_except_table.*)

.exception_ranges
 *(.exception_ranges .exception_ranges*)
                0x000000000040b454                . = (ALIGN (0x200000) - ((0x200000 - .) & 0x1fffff))
                0x000000000060be24                . = DATA_SEGMENT_ALIGN (0x200000, 0x1000)

.eh_frame
 *(.eh_frame)

.gcc_except_table
 *(.gcc_except_table .gcc_except_table.*)

.exception_ranges
 *(.exception_ranges .exception_ranges*)

.tdata
 *(.tdata .tdata.* .gnu.linkonce.td.*)

.tbss
 *(.tbss .tbss.* .gnu.linkonce.tb.*)
 *(.tcommon)

.preinit_array  0x000000000060be24        0x0
                0x000000000060be24                PROVIDE (__preinit_array_start, .)
 *(.preinit_array)
                0x000000000060be24                PROVIDE (__preinit_array_end, .)

.init_array     0x000000000060be24        0x0
                0x000000000060be24                PROVIDE (__init_array_start, .)
 *(SORT(.init_array.*) SORT(.ctors.*))
 *(.init_array)
 *(EXCLUDE_FILE(*crtend?.o *crtend.o *crtbegin?.o *crtbegin.o) .ctors)
                0x000000000060be24                PROVIDE (__init_array_end, .)

.fini_array     0x000000000060be24        0x0
                0x000000000060be24                PROVIDE (__fini_array_start, .)
 *(SORT(.fini_array.*) SORT(.dtors.*))
 *(.fini_array)
 *(EXCLUDE_FILE(*crtend?.o *crtend.o *crtbegin?.o *crtbegin.o) .dtors)
                0x000000000060be24                PROVIDE (__fini_array_end, .)

.ctors          0x000000000060be28       0x10
 *crtbegin.o(.ctors)
 .ctors         0x000000000060be28        0x8 /usr/lib/gcc/x86_64-linux-gnu/4.6/crtbegin.o
 *crtbegin?.o(.ctors)
 *(EXCLUDE_FILE(*crtend?.o *crtend.o) .ctors)
 *(SORT(.ctors.*))
 *(.ctors)
 .ctors         0x000000000060be30        0x8 /usr/lib/gcc/x86_64-linux-gnu/4.6/crtend.o

.dtors          0x000000000060be38       0x10
 *crtbegin.o(.dtors)
 .dtors         0x000000000060be38        0x8 /usr/lib/gcc/x86_64-linux-gnu/4.6/crtbegin.o
 *crtbegin?.o(.dtors)
 *(EXCLUDE_FILE(*crtend?.o *crtend.o) .dtors)
 *(SORT(.dtors.*))
 *(.dtors)
 .dtors         0x000000000060be40        0x8 /usr/lib/gcc/x86_64-linux-gnu/4.6/crtend.o
                0x000000000060be40                __DTOR_END__

.jcr            0x000000000060be48        0x8
 *(.jcr)
 .jcr           0x000000000060be48        0x0 /usr/lib/gcc/x86_64-linux-gnu/4.6/crtbegin.o
 .jcr           0x000000000060be48        0x8 /usr/lib/gcc/x86_64-linux-gnu/4.6/crtend.o

.data.rel.ro
 *(.data.rel.ro.local* .gnu.linkonce.d.rel.ro.local.*)
 *(.data.rel.ro* .gnu.linkonce.d.rel.ro.*)

.dynamic        0x000000000060be50      0x190
 *(.dynamic)
 .dynamic       0x000000000060be50      0x190 /usr/lib/gcc/x86_64-linux-gnu/4.6/../../../x86_64-linux-gnu/crt1.o
                0x000000000060be50                _DYNAMIC

.got            0x000000000060bfe0        0x8
 *(.got)
 .got           0x000000000060bfe0        0x8 /usr/lib/gcc/x86_64-linux-gnu/4.6/../../../x86_64-linux-gnu/crt1.o
 *(.igot)
                0x000000000060bfe8                . = DATA_SEGMENT_RELRO_END (., 0x18)

.got.plt        0x000000000060bfe8       0xa0
 *(.got.plt)
 .got.plt       0x000000000060bfe8       0xa0 /usr/lib/gcc/x86_64-linux-gnu/4.6/../../../x86_64-linux-gnu/crt1.o
                0x000000000060bfe8                _GLOBAL_OFFSET_TABLE_
 *(.igot.plt)
 .igot.plt      0x0000000000000000        0x0 /usr/lib/gcc/x86_64-linux-gnu/4.6/../../../x86_64-linux-gnu/crt1.o

.data           0x000000000060c0a0      0x160
 *(.data .data.* .gnu.linkonce.d.*)
 .data          0x000000000060c0a0        0x4 /usr/lib/gcc/x86_64-linux-gnu/4.6/../../../x86_64-linux-gnu/crt1.o
                0x000000000060c0a0                data_start
                0x000000000060c0a0                __data_start
 .data          0x000000000060c0a4        0x0 /usr/lib/gcc/x86_64-linux-gnu/4.6/../../../x86_64-linux-gnu/crti.o
 *fill*         0x000000000060c0a4        0x4 00
 .data          0x000000000060c0a8        0x8 /usr/lib/gcc/x86_64-linux-gnu/4.6/crtbegin.o
                0x000000000060c0a8                __dso_handle
 *fill*         0x000000000060c0b0       0x10 00
 .data          0x000000000060c0c0       0x20 ts_test.co
                0x000000000060c0c0                ts_test
 .data          0x000000000060c0e0        0x0 obj_native/timestamp.o
 .data          0x000000000060c0e0       0x20 contiki-native.a(contiki-main.o)
                0x000000000060c0e0                sensors
 .data          0x000000000060c100        0x0 contiki-native.a(button-sensor.o)
 .data          0x000000000060c100        0x0 contiki-native.a(pir-sensor.o)
 .data          0x000000000060c100        0x0 contiki-native.a(vib-sensor.o)
 .data          0x000000000060c100       0x20 contiki-native.a(sensors.o)
                0x000000000060c100                sensors_process
 .data          0x000000000060c120        0x0 contiki-native.a(rimeaddr.o)
 .data          0x000000000060c120        0x0 contiki-native.a(rime.o)
 .data          0x000000000060c120        0x0 contiki-native.a(announcement.o)
 .data          0x000000000060c120        0x0 contiki-native.a(broadcast-annou)
 .data          0x000000000060c120        0x0 contiki-native.a(broadcast.o)
 .data          0x000000000060c120        0x0 contiki-native.a(abc.o)
 .data          0x000000000060c120        0x0 contiki-native.a(chameleon.o)
 .data          0x000000000060c120        0x0 contiki-native.a(channel.o)
 .data          0x000000000060c120        0x0 contiki-native.a(chameleon-bitop)
 .data          0x000000000060c120        0x0 contiki-native.a(nullmac.o)
 .data          0x000000000060c120        0x0 contiki-native.a(nullrdc.o)
 .data          0x000000000060c120        0x0 contiki-native.a(mac.o)
 .data          0x000000000060c120        0x0 contiki-native.a(framer-nullmac.)
 .data          0x000000000060c120        0x0 contiki-native.a(process.o)
 .data          0x000000000060c120        0x0 contiki-native.a(autostart.o)
 .data          0x000000000060c120       0x20 contiki-native.a(serial-line.o)
                0x000000000060c120                serial_line_process
 .data          0x000000000060c140        0x0 contiki-native.a(list.o)
 .data          0x000000000060c140       0x20 contiki-native.a(etimer.o)
                0x000000000060c140                etimer_process
 .data          0x000000000060c160       0x20 contiki-native.a(ctimer.o)
                0x000000000060c160                ctimer_process
 .data          0x000000000060c180        0x0 contiki-native.a(random.o)
 .data          0x000000000060c180        0x0 contiki-native.a(ringbuf.o)
 .data          0x000000000060c180        0x0 contiki-native.a(netstack.o)
 .data          0x000000000060c180        0x0 contiki-native.a(packetbuf.o)
 .data          0x000000000060c180       0x58 contiki-native.a(queuebuf.o)
 *fill*         0x000000000060c1d8        0x8 00
 .data          0x000000000060c1e0       0x20 contiki-native.a(tcpip.o)
                0x000000000060c1e0                tcpip_process
 .data          0x000000000060c200        0x0 contiki-native.a(uip.o)
 .data          0x000000000060c200        0x0 contiki-native.a(nullradio.o)
 .data          0x000000000060c200        0x0 contiki-native.a(clock.o)
 .data          0x000000000060c200        0x0 contiki-native.a(memb.o)
 .data          0x000000000060c200        0x0 contiki-native.a(timer.o)
 .data          0x000000000060c200        0x0 /usr/lib/x86_64-linux-gnu/libc_nonshared.a(elf-init.oS)
 .data          0x000000000060c200        0x0 /usr/lib/gcc/x86_64-linux-gnu/4.6/crtend.o
 .data          0x000000000060c200        0x0 /usr/lib/gcc/x86_64-linux-gnu/4.6/../../../x86_64-linux-gnu/crtn.o

.data1
 *(.data1)
                0x000000000060c200                _edata = .
                0x000000000060c200                PROVIDE (edata, .)
                0x000000000060c200                __bss_start = .

.bss            0x000000000060c200     0x1cf0
 *(.dynbss)
 .dynbss        0x000000000060c200       0x10 /usr/lib/gcc/x86_64-linux-gnu/4.6/../../../x86_64-linux-gnu/crt1.o
                0x000000000060c200                stdout@@GLIBC_2.2.5
                0x000000000060c208                stderr@@GLIBC_2.2.5
 *(.bss .bss.* .gnu.linkonce.b.*)
 .bss           0x000000000060c210        0x0 /usr/lib/gcc/x86_64-linux-gnu/4.6/../../../x86_64-linux-gnu/crt1.o
 .bss           0x000000000060c210        0x0 /usr/lib/gcc/x86_64-linux-gnu/4.6/../../../x86_64-linux-gnu/crti.o
 .bss           0x000000000060c210       0x10 /usr/lib/gcc/x86_64-linux-gnu/4.6/crtbegin.o
 .bss           0x000000000060c220        0x0 ts_test.co
 .bss           0x000000000060c220        0x0 obj_native/timestamp.o
 .bss           0x000000000060c220       0x64 contiki-native.a(contiki-main.o)
                0x000000000060c220                contiki_argc
 .bss           0x000000000060c284        0x0 contiki-native.a(button-sensor.o)
 .bss           0x000000000060c284        0x4 contiki-native.a(pir-sensor.o)
 .bss           0x000000000060c288        0x4 contiki-native.a(vib-sensor.o)
 .bss           0x000000000060c28c        0xc contiki-native.a(sensors.o)
 .bss           0x000000000060c298        0x0 contiki-native.a(rimeaddr.o)
 .bss           0x000000000060c298        0x8 contiki-native.a(rime.o)
 .bss           0x000000000060c2a0       0x18 contiki-native.a(announcement.o)
 *fill*         0x000000000060c2b8        0x8 00
 .bss           0x000000000060c2c0       0xe0 contiki-native.a(broadcast-annou)
 .bss           0x000000000060c3a0        0x0 contiki-native.a(broadcast.o)
 .bss           0x000000000060c3a0        0x0 contiki-native.a(abc.o)
 .bss           0x000000000060c3a0        0x0 contiki-native.a(chameleon.o)
 .bss           0x000000000060c3a0        0x8 contiki-native.a(channel.o)
 .bss           0x000000000060c3a8        0x0 contiki-native.a(chameleon-bitop)
 .bss           0x000000000060c3a8        0x0 contiki-native.a(nullmac.o)
 .bss           0x000000000060c3a8        0x0 contiki-native.a(nullrdc.o)
 .bss           0x000000000060c3a8        0x0 contiki-native.a(mac.o)
 .bss           0x000000000060c3a8        0x0 contiki-native.a(framer-nullmac.)
 *fill*         0x000000000060c3a8       0x18 00
 .bss           0x000000000060c3c0      0x341 contiki-native.a(process.o)
                0x000000000060c3c0                process_current
                0x000000000060c3c8                process_list
 *fill*         0x000000000060c701        0x3 00
 .bss           0x000000000060c704        0x0 contiki-native.a(autostart.o)
 *fill*         0x000000000060c704       0x1c 00
 .bss           0x000000000060c720      0x140 contiki-native.a(serial-line.o)
 .bss           0x000000000060c860        0x0 contiki-native.a(list.o)
 .bss           0x000000000060c860       0x10 contiki-native.a(etimer.o)
 .bss           0x000000000060c870       0x10 contiki-native.a(ctimer.o)
 .bss           0x000000000060c880        0x0 contiki-native.a(random.o)
 .bss           0x000000000060c880        0x0 contiki-native.a(ringbuf.o)
 .bss           0x000000000060c880        0x0 contiki-native.a(netstack.o)
 .bss           0x000000000060c880       0xd2 contiki-native.a(packetbuf.o)
 *fill*         0x000000000060c952        0xe 00
 .bss           0x000000000060c960      0x6f0 contiki-native.a(queuebuf.o)
 *fill*         0x000000000060d050       0x10 00
 .bss           0x000000000060d060      0x2e4 contiki-native.a(tcpip.o)
 .bss           0x000000000060d344       0x13 contiki-native.a(uip.o)
                0x000000000060d344                uip_lladdr
 *fill*         0x000000000060d357        0x1 00
 .bss           0x000000000060d358        0x0 contiki-native.a(nullradio.o)
 .bss           0x000000000060d358        0x0 contiki-native.a(clock.o)
 .bss           0x000000000060d358        0x0 contiki-native.a(memb.o)
 .bss           0x000000000060d358        0x0 contiki-native.a(timer.o)
 .bss           0x000000000060d358        0x0 /usr/lib/x86_64-linux-gnu/libc_nonshared.a(elf-init.oS)
 .bss           0x000000000060d358        0x0 /usr/lib/gcc/x86_64-linux-gnu/4.6/crtend.o
 .bss           0x000000000060d358        0x0 /usr/lib/gcc/x86_64-linux-gnu/4.6/../../../x86_64-linux-gnu/crtn.o
 *(COMMON)
 COMMON         0x000000000060d358        0xc contiki-native.a(contiki-main.o)
                0x000000000060d358                contiki_argv
                0x000000000060d360                sensors_flags
 COMMON         0x000000000060d364        0x1 contiki-native.a(sensors.o)
                0x000000000060d364                sensors_event
 COMMON         0x000000000060d365        0x2 contiki-native.a(rimeaddr.o)
                0x000000000060d365                rimeaddr_node_addr
 COMMON         0x000000000060d367        0x1 contiki-native.a(serial-line.o)
                0x000000000060d367                serial_line_event_message
 *fill*         0x000000000060d368       0x18 00
 COMMON         0x000000000060d380       0x38 contiki-native.a(packetbuf.o)
                0x000000000060d380                packetbuf_attrs
                0x000000000060d3b0                packetbuf_addrs
 COMMON         0x000000000060d3b8        0x1 contiki-native.a(tcpip.o)
                0x000000000060d3b8                tcpip_event
 *fill*         0x000000000060d3b9        0x7 00
 COMMON         0x000000000060d3c0      0xb30 contiki-native.a(uip.o)
                0x000000000060d3c0                uip_draddr
                0x000000000060d3c4                uip_slen
                0x000000000060d3c6                uip_acc32
                0x000000000060d3e0                uip_conns
                0x000000000060db60                uip_netmask
                0x000000000060db64                uip_hostaddr
                0x000000000060db68                uip_appdata
                0x000000000060db70                uip_flags
                0x000000000060db80                uip_aligned_buf
                0x000000000060dd40                uip_listenports
                0x000000000060dd90                uip_len
                0x000000000060dd98                uip_sappdata
                0x000000000060dda0                uip_udp_conns
                0x000000000060dee0                uip_udp_conn
                0x000000000060dee8                uip_conn
                0x000000000060def0                . = ALIGN ((. != 0x0)?0x8:0x1)

.lbss
 *(.dynlbss)
 *(.lbss .lbss.* .gnu.linkonce.lb.*)
 *(LARGE_COMMON)
                0x000000000060def0                . = ALIGN (0x8)

.lrodata
 *(.lrodata .lrodata.* .gnu.linkonce.lr.*)

.ldata          0x0000000000a0def0        0x0
 *(.ldata .ldata.* .gnu.linkonce.l.*)
                0x0000000000a0def0                . = ALIGN ((. != 0x0)?0x8:0x1)
                0x0000000000a0def0                . = ALIGN (0x8)
                0x0000000000a0def0                _end = .
                0x0000000000a0def0                PROVIDE (end, .)
                0x0000000000a0def0                . = DATA_SEGMENT_END (.)

.stab
 *(.stab)

.stabstr
 *(.stabstr)

.stab.excl
 *(.stab.excl)

.stab.exclstr
 *(.stab.exclstr)

.stab.index
 *(.stab.index)

.stab.indexstr
 *(.stab.indexstr)

.comment        0x0000000000000000       0x2a
 *(.comment)
 .comment       0x0000000000000000       0x2a /usr/lib/gcc/x86_64-linux-gnu/4.6/crtbegin.o
                                         0x2b (size before relaxing)
 .comment       0x0000000000000000       0x2b ts_test.co
 .comment       0x0000000000000000       0x2b obj_native/timestamp.o
 .comment       0x0000000000000000       0x2b contiki-native.a(contiki-main.o)
 .comment       0x0000000000000000       0x2b contiki-native.a(button-sensor.o)
 .comment       0x0000000000000000       0x2b contiki-native.a(pir-sensor.o)
 .comment       0x0000000000000000       0x2b contiki-native.a(vib-sensor.o)
 .comment       0x0000000000000000       0x2b contiki-native.a(sensors.o)
 .comment       0x0000000000000000       0x2b contiki-native.a(rimeaddr.o)
 .comment       0x0000000000000000       0x2b contiki-native.a(rime.o)
 .comment       0x0000000000000000       0x2b contiki-native.a(announcement.o)
 .comment       0x0000000000000000       0x2b contiki-native.a(broadcast-annou)
 .comment       0x0000000000000000       0x2b contiki-native.a(broadcast.o)
 .comment       0x0000000000000000       0x2b contiki-native.a(abc.o)
 .comment       0x0000000000000000       0x2b contiki-native.a(chameleon.o)
 .comment       0x0000000000000000       0x2b contiki-native.a(channel.o)
 .comment       0x0000000000000000       0x2b contiki-native.a(chameleon-bitop)
 .comment       0x0000000000000000       0x2b contiki-native.a(nullmac.o)
 .comment       0x0000000000000000       0x2b contiki-native.a(nullrdc.o)
 .comment       0x0000000000000000       0x2b contiki-native.a(mac.o)
 .comment       0x0000000000000000       0x2b contiki-native.a(framer-nullmac.)
 .comment       0x0000000000000000       0x2b contiki-native.a(process.o)
 .comment       0x0000000000000000       0x2b contiki-native.a(autostart.o)
 .comment       0x0000000000000000       0x2b contiki-native.a(serial-line.o)
 .comment       0x0000000000000000       0x2b contiki-native.a(list.o)
 .comment       0x0000000000000000       0x2b contiki-native.a(etimer.o)
 .comment       0x0000000000000000       0x2b contiki-native.a(ctimer.o)
 .comment       0x0000000000000000       0x2b contiki-native.a(random.o)
 .comment       0x0000000000000000       0x2b contiki-native.a(ringbuf.o)
 .comment       0x0000000000000000       0x2b contiki-native.a(netstack.o)
 .comment       0x0000000000000000       0x2b contiki-native.a(packetbuf.o)
 .comment       0x0000000000000000       0x2b contiki-native.a(queuebuf.o)
 .comment       0x0000000000000000       0x2b contiki-native.a(tcpip.o)
 .comment       0x0000000000000000       0x2b contiki-native.a(uip.o)
 .comment       0x0000000000000000       0x2b contiki-native.a(nullradio.o)
 .comment       0x0000000000000000       0x2b contiki-native.a(clock.o)
 .comment       0x0000000000000000       0x2b contiki-native.a(memb.o)
 .comment       0x0000000000000000       0x2b contiki-native.a(timer.o)
 .comment       0x0000000000000000       0x2b /usr/lib/x86_64-linux-gnu/libc_nonshared.a(elf-init.oS)
 .comment       0x0000000000000000       0x2b /usr/lib/gcc/x86_64-linux-gnu/4.6/crtend.o

.debug
 *(.debug)

.line
 *(.line)

.debug_srcinfo
 *(.debug_srcinfo)

.debug_sfnames
 *(.debug_sfnames)

.debug_aranges  0x0000000000000000      0x6f0
 *(.debug_aranges)
 .debug_aranges
                0x0000000000000000       0x30 ts_test.co
 .debug_aranges
                0x0000000000000030       0x30 obj_native/timestamp.o
 .debug_aranges
                0x0000000000000060       0x30 contiki-native.a(contiki-main.o)
 .debug_aranges
                0x0000000000000090       0x30 contiki-native.a(button-sensor.o)
 .debug_aranges
                0x00000000000000c0       0x30 contiki-native.a(pir-sensor.o)
 .debug_aranges
                0x00000000000000f0       0x30 contiki-native.a(vib-sensor.o)
 .debug_aranges
                0x0000000000000120       0x30 contiki-native.a(sensors.o)
 .debug_aranges
                0x0000000000000150       0x30 contiki-native.a(rimeaddr.o)
 .debug_aranges
                0x0000000000000180       0x30 contiki-native.a(rime.o)
 .debug_aranges
                0x00000000000001b0       0x30 contiki-native.a(announcement.o)
 .debug_aranges
                0x00000000000001e0       0x30 contiki-native.a(broadcast-annou)
 .debug_aranges
                0x0000000000000210       0x30 contiki-native.a(broadcast.o)
 .debug_aranges
                0x0000000000000240       0x30 contiki-native.a(abc.o)
 .debug_aranges
                0x0000000000000270       0x30 contiki-native.a(chameleon.o)
 .debug_aranges
                0x00000000000002a0       0x30 contiki-native.a(channel.o)
 .debug_aranges
                0x00000000000002d0       0x30 contiki-native.a(chameleon-bitop)
 .debug_aranges
                0x0000000000000300       0x30 contiki-native.a(nullmac.o)
 .debug_aranges
                0x0000000000000330       0x30 contiki-native.a(nullrdc.o)
 .debug_aranges
                0x0000000000000360       0x30 contiki-native.a(mac.o)
 .debug_aranges
                0x0000000000000390       0x30 contiki-native.a(framer-nullmac.)
 .debug_aranges
                0x00000000000003c0       0x30 contiki-native.a(process.o)
 .debug_aranges
                0x00000000000003f0       0x30 contiki-native.a(autostart.o)
 .debug_aranges
                0x0000000000000420       0x30 contiki-native.a(serial-line.o)
 .debug_aranges
                0x0000000000000450       0x30 contiki-native.a(list.o)
 .debug_aranges
                0x0000000000000480       0x30 contiki-native.a(etimer.o)
 .debug_aranges
                0x00000000000004b0       0x30 contiki-native.a(ctimer.o)
 .debug_aranges
                0x00000000000004e0       0x30 contiki-native.a(random.o)
 .debug_aranges
                0x0000000000000510       0x30 contiki-native.a(ringbuf.o)
 .debug_aranges
                0x0000000000000540       0x30 contiki-native.a(netstack.o)
 .debug_aranges
                0x0000000000000570       0x30 contiki-native.a(packetbuf.o)
 .debug_aranges
                0x00000000000005a0       0x30 contiki-native.a(queuebuf.o)
 .debug_aranges
                0x00000000000005d0       0x30 contiki-native.a(tcpip.o)
 .debug_aranges
                0x0000000000000600       0x30 contiki-native.a(uip.o)
 .debug_aranges
                0x0000000000000630       0x30 contiki-native.a(nullradio.o)
 .debug_aranges
                0x0000000000000660       0x30 contiki-native.a(clock.o)
 .debug_aranges
                0x0000000000000690       0x30 contiki-native.a(memb.o)
 .debug_aranges
                0x00000000000006c0       0x30 contiki-native.a(timer.o)

.debug_pubnames
 *(.debug_pubnames)

.debug_info     0x0000000000000000     0xb416
 *(.debug_info .gnu.linkonce.wi.*)
 .debug_info    0x0000000000000000      0x57e ts_test.co
 .debug_info    0x000000000000057e      0x6d3 obj_native/timestamp.o
 .debug_info    0x0000000000000c51      0xd98 contiki-native.a(contiki-main.o)
 .debug_info    0x00000000000019e9      0x1c1 contiki-native.a(button-sensor.o)
 .debug_info    0x0000000000001baa      0x1e8 contiki-native.a(pir-sensor.o)
 .debug_info    0x0000000000001d92      0x1d4 contiki-native.a(vib-sensor.o)
 .debug_info    0x0000000000001f66      0x3f2 contiki-native.a(sensors.o)
 .debug_info    0x0000000000002358      0x1ce contiki-native.a(rimeaddr.o)
 .debug_info    0x0000000000002526      0x460 contiki-native.a(rime.o)
 .debug_info    0x0000000000002986      0x451 contiki-native.a(announcement.o)
 .debug_info    0x0000000000002dd7      0x882 contiki-native.a(broadcast-annou)
 .debug_info    0x0000000000003659      0x4c8 contiki-native.a(broadcast.o)
 .debug_info    0x0000000000003b21      0x3d3 contiki-native.a(abc.o)
 .debug_info    0x0000000000003ef4      0x585 contiki-native.a(chameleon.o)
 .debug_info    0x0000000000004479      0x261 contiki-native.a(channel.o)
 .debug_info    0x00000000000046da      0x6de contiki-native.a(chameleon-bitop)
 .debug_info    0x0000000000004db8      0x396 contiki-native.a(nullmac.o)
 .debug_info    0x000000000000514e      0x718 contiki-native.a(nullrdc.o)
 .debug_info    0x0000000000005866      0x11d contiki-native.a(mac.o)
 .debug_info    0x0000000000005983      0x247 contiki-native.a(framer-nullmac.)
 .debug_info    0x0000000000005bca      0x84e contiki-native.a(process.o)
 .debug_info    0x0000000000006418      0x1ca contiki-native.a(autostart.o)
 .debug_info    0x00000000000065e2      0x341 contiki-native.a(serial-line.o)
 .debug_info    0x0000000000006923      0x37d contiki-native.a(list.o)
 .debug_info    0x0000000000006ca0      0x546 contiki-native.a(etimer.o)
 .debug_info    0x00000000000071e6      0x4dc contiki-native.a(ctimer.o)
 .debug_info    0x00000000000076c2       0xcd contiki-native.a(random.o)
 .debug_info    0x000000000000778f      0x1e5 contiki-native.a(ringbuf.o)
 .debug_info    0x0000000000007974      0x3bf contiki-native.a(netstack.o)
 .debug_info    0x0000000000007d33      0x7ee contiki-native.a(packetbuf.o)
 .debug_info    0x0000000000008521      0x754 contiki-native.a(queuebuf.o)
 .debug_info    0x0000000000008c75      0xfc7 contiki-native.a(tcpip.o)
 .debug_info    0x0000000000009c3c      0xfcb contiki-native.a(uip.o)
 .debug_info    0x000000000000ac07      0x319 contiki-native.a(nullradio.o)
 .debug_info    0x000000000000af20      0x145 contiki-native.a(clock.o)
 .debug_info    0x000000000000b065      0x200 contiki-native.a(memb.o)
 .debug_info    0x000000000000b265      0x1b1 contiki-native.a(timer.o)

.debug_abbrev   0x0000000000000000     0x3a86
 *(.debug_abbrev)
 .debug_abbrev  0x0000000000000000      0x197 ts_test.co
 .debug_abbrev  0x0000000000000197      0x1f7 obj_native/timestamp.o
 .debug_abbrev  0x000000000000038e      0x32a contiki-native.a(contiki-main.o)
 .debug_abbrev  0x00000000000006b8       0xb6 contiki-native.a(button-sensor.o)
 .debug_abbrev  0x000000000000076e       0xe5 contiki-native.a(pir-sensor.o)
 .debug_abbrev  0x0000000000000853       0xd4 contiki-native.a(vib-sensor.o)
 .debug_abbrev  0x0000000000000927      0x1f9 contiki-native.a(sensors.o)
 .debug_abbrev  0x0000000000000b20      0x120 contiki-native.a(rimeaddr.o)
 .debug_abbrev  0x0000000000000c40      0x19f contiki-native.a(rime.o)
 .debug_abbrev  0x0000000000000ddf      0x181 contiki-native.a(announcement.o)
 .debug_abbrev  0x0000000000000f60      0x23c contiki-native.a(broadcast-annou)
 .debug_abbrev  0x000000000000119c      0x185 contiki-native.a(broadcast.o)
 .debug_abbrev  0x0000000000001321      0x145 contiki-native.a(abc.o)
 .debug_abbrev  0x0000000000001466      0x153 contiki-native.a(chameleon.o)
 .debug_abbrev  0x00000000000015b9      0x11a contiki-native.a(channel.o)
 .debug_abbrev  0x00000000000016d3      0x27d contiki-native.a(chameleon-bitop)
 .debug_abbrev  0x0000000000001950      0x16b contiki-native.a(nullmac.o)
 .debug_abbrev  0x0000000000001abb      0x224 contiki-native.a(nullrdc.o)
 .debug_abbrev  0x0000000000001cdf       0xa0 contiki-native.a(mac.o)
 .debug_abbrev  0x0000000000001d7f       0xf8 contiki-native.a(framer-nullmac.)
 .debug_abbrev  0x0000000000001e77      0x2cf contiki-native.a(process.o)
 .debug_abbrev  0x0000000000002146       0xf5 contiki-native.a(autostart.o)
 .debug_abbrev  0x000000000000223b      0x1a5 contiki-native.a(serial-line.o)
 .debug_abbrev  0x00000000000023e0      0x160 contiki-native.a(list.o)
 .debug_abbrev  0x0000000000002540      0x1ee contiki-native.a(etimer.o)
 .debug_abbrev  0x000000000000272e      0x1a4 contiki-native.a(ctimer.o)
 .debug_abbrev  0x00000000000028d2       0x67 contiki-native.a(random.o)
 .debug_abbrev  0x0000000000002939       0xe1 contiki-native.a(ringbuf.o)
 .debug_abbrev  0x0000000000002a1a       0xda contiki-native.a(netstack.o)
 .debug_abbrev  0x0000000000002af4      0x2db contiki-native.a(packetbuf.o)
 .debug_abbrev  0x0000000000002dcf      0x206 contiki-native.a(queuebuf.o)
 .debug_abbrev  0x0000000000002fd5      0x3d8 contiki-native.a(tcpip.o)
 .debug_abbrev  0x00000000000033ad      0x302 contiki-native.a(uip.o)
 .debug_abbrev  0x00000000000036af      0x123 contiki-native.a(nullradio.o)
 .debug_abbrev  0x00000000000037d2       0xa1 contiki-native.a(clock.o)
 .debug_abbrev  0x0000000000003873      0x11b contiki-native.a(memb.o)
 .debug_abbrev  0x000000000000398e       0xf8 contiki-native.a(timer.o)

.debug_line     0x0000000000000000     0x3054
 *(.debug_line)
 .debug_line    0x0000000000000000      0x13d ts_test.co
 .debug_line    0x000000000000013d      0x285 obj_native/timestamp.o
 .debug_line    0x00000000000003c2      0x376 contiki-native.a(contiki-main.o)
 .debug_line    0x0000000000000738       0x85 contiki-native.a(button-sensor.o)
 .debug_line    0x00000000000007bd       0x83 contiki-native.a(pir-sensor.o)
 .debug_line    0x0000000000000840       0x83 contiki-native.a(vib-sensor.o)
 .debug_line    0x00000000000008c3      0x131 contiki-native.a(sensors.o)
 .debug_line    0x00000000000009f4       0xed contiki-native.a(rimeaddr.o)
 .debug_line    0x0000000000000ae1      0x130 contiki-native.a(rime.o)
 .debug_line    0x0000000000000c11       0xf5 contiki-native.a(announcement.o)
 .debug_line    0x0000000000000d06      0x262 contiki-native.a(broadcast-annou)
 .debug_line    0x0000000000000f68       0xf1 contiki-native.a(broadcast.o)
 .debug_line    0x0000000000001059       0xc7 contiki-native.a(abc.o)
 .debug_line    0x0000000000001120      0x14b contiki-native.a(chameleon.o)
 .debug_line    0x000000000000126b       0xe1 contiki-native.a(channel.o)
 .debug_line    0x000000000000134c      0x251 contiki-native.a(chameleon-bitop)
 .debug_line    0x000000000000159d       0xa5 contiki-native.a(nullmac.o)
 .debug_line    0x0000000000001642      0x169 contiki-native.a(nullrdc.o)
 .debug_line    0x00000000000017ab       0x6f contiki-native.a(mac.o)
 .debug_line    0x000000000000181a       0xd7 contiki-native.a(framer-nullmac.)
 .debug_line    0x00000000000018f1      0x1cc contiki-native.a(process.o)
 .debug_line    0x0000000000001abd       0x9c contiki-native.a(autostart.o)
 .debug_line    0x0000000000001b59       0xf8 contiki-native.a(serial-line.o)
 .debug_line    0x0000000000001c51       0xe6 contiki-native.a(list.o)
 .debug_line    0x0000000000001d37      0x15a contiki-native.a(etimer.o)
 .debug_line    0x0000000000001e91      0x14a contiki-native.a(ctimer.o)
 .debug_line    0x0000000000001fdb       0x50 contiki-native.a(random.o)
 .debug_line    0x000000000000202b       0xa3 contiki-native.a(ringbuf.o)
 .debug_line    0x00000000000020ce       0xb4 contiki-native.a(netstack.o)
 .debug_line    0x0000000000002182      0x231 contiki-native.a(packetbuf.o)
 .debug_line    0x00000000000023b3      0x194 contiki-native.a(queuebuf.o)
 .debug_line    0x0000000000002547      0x28e contiki-native.a(tcpip.o)
 .debug_line    0x00000000000027d5      0x58a contiki-native.a(uip.o)
 .debug_line    0x0000000000002d5f       0x7c contiki-native.a(nullradio.o)
 .debug_line    0x0000000000002ddb       0xa7 contiki-native.a(clock.o)
 .debug_line    0x0000000000002e82      0x128 contiki-native.a(memb.o)
 .debug_line    0x0000000000002faa       0xaa contiki-native.a(timer.o)

.debug_frame
 *(.debug_frame)

.debug_str      0x0000000000000000     0x23a9
 *(.debug_str)
 .debug_str     0x0000000000000000      0x299 ts_test.co
                                        0x31f (size before relaxing)
 .debug_str     0x0000000000000299       0xf4 obj_native/timestamp.o
                                        0x359 (size before relaxing)
 .debug_str     0x000000000000038d      0x251 contiki-native.a(contiki-main.o)
                                        0x59c (size before relaxing)
 .debug_str     0x00000000000005de       0x37 contiki-native.a(button-sensor.o)
                                        0x112 (size before relaxing)
 .debug_str     0x0000000000000615       0x4d contiki-native.a(pir-sensor.o)
                                        0x125 (size before relaxing)
 .debug_str     0x0000000000000662       0x3a contiki-native.a(vib-sensor.o)
                                        0x112 (size before relaxing)
 .debug_str     0x000000000000069c       0xa2 contiki-native.a(sensors.o)
                                        0x20e (size before relaxing)
 .debug_str     0x000000000000073e       0x8b contiki-native.a(rimeaddr.o)
                                        0x151 (size before relaxing)
 .debug_str     0x00000000000007c9      0x116 contiki-native.a(rime.o)
                                        0x267 (size before relaxing)
 .debug_str     0x00000000000008df      0x19f contiki-native.a(announcement.o)
                                        0x2c3 (size before relaxing)
 .debug_str     0x0000000000000a7e      0x1e1 contiki-native.a(broadcast-annou)
                                        0x3e3 (size before relaxing)
 .debug_str     0x0000000000000c5f      0x345 contiki-native.a(broadcast.o)
                                        0x4b3 (size before relaxing)
 .debug_str     0x0000000000000fa4       0x49 contiki-native.a(abc.o)
                                        0x44c (size before relaxing)
 .debug_str     0x0000000000000fed       0x84 contiki-native.a(chameleon.o)
                                        0x5d5 (size before relaxing)
 .debug_str     0x0000000000001071       0x8b contiki-native.a(channel.o)
                                        0x185 (size before relaxing)
 .debug_str     0x00000000000010fc       0xd5 contiki-native.a(chameleon-bitop)
                                        0x515 (size before relaxing)
 .debug_str     0x00000000000011d1       0x44 contiki-native.a(nullmac.o)
                                        0x19a (size before relaxing)
 .debug_str     0x0000000000001215      0x107 contiki-native.a(nullrdc.o)
                                        0x5e5 (size before relaxing)
 .debug_str     0x000000000000131c       0x30 contiki-native.a(mac.o)
                                        0x148 (size before relaxing)
 .debug_str     0x000000000000134c       0x39 contiki-native.a(framer-nullmac.)
                                        0x3ef (size before relaxing)
 .debug_str     0x0000000000001385      0x15d contiki-native.a(process.o)
                                        0x3ee (size before relaxing)
 .debug_str     0x00000000000014e2       0x3a contiki-native.a(autostart.o)
                                        0x133 (size before relaxing)
 .debug_str     0x000000000000151c       0xab contiki-native.a(serial-line.o)
                                        0x1f2 (size before relaxing)
 .debug_str     0x00000000000015c7       0xa8 contiki-native.a(list.o)
                                        0x101 (size before relaxing)
 .debug_str     0x000000000000166f      0x133 contiki-native.a(etimer.o)
                                        0x288 (size before relaxing)
 .debug_str     0x00000000000017a2       0xb9 contiki-native.a(ctimer.o)
                                        0x21c (size before relaxing)
 .debug_str     0x000000000000185b       0x5a contiki-native.a(random.o)
                                         0xfc (size before relaxing)
 .debug_str     0x00000000000018b5       0x5c contiki-native.a(ringbuf.o)
                                        0x135 (size before relaxing)
 .debug_str     0x0000000000001911       0x28 contiki-native.a(netstack.o)
                                        0x1db (size before relaxing)
 .debug_str     0x0000000000001939      0x243 contiki-native.a(packetbuf.o)
                                        0x645 (size before relaxing)
 .debug_str     0x0000000000001b7c      0x18a contiki-native.a(queuebuf.o)
                                        0x5c8 (size before relaxing)
 .debug_str     0x0000000000001d06      0x2cc contiki-native.a(tcpip.o)
                                        0x617 (size before relaxing)
 .debug_str     0x0000000000001fd2      0x2e9 contiki-native.a(uip.o)
                                        0x5e2 (size before relaxing)
 .debug_str     0x00000000000022bb       0x3c contiki-native.a(nullradio.o)
                                        0x13c (size before relaxing)
 .debug_str     0x00000000000022f7       0x45 contiki-native.a(clock.o)
                                        0x122 (size before relaxing)
 .debug_str     0x000000000000233c       0x46 contiki-native.a(memb.o)
                                        0x118 (size before relaxing)
 .debug_str     0x0000000000002382       0x27 contiki-native.a(timer.o)
                                        0x122 (size before relaxing)

.debug_loc      0x0000000000000000     0x8ecb
 *(.debug_loc)
 .debug_loc     0x0000000000000000      0x129 ts_test.co
 .debug_loc     0x0000000000000129      0xcc8 obj_native/timestamp.o
 .debug_loc     0x0000000000000df1      0x549 contiki-native.a(contiki-main.o)
 .debug_loc     0x000000000000133a       0x4c contiki-native.a(button-sensor.o)
 .debug_loc     0x0000000000001386       0x6f contiki-native.a(pir-sensor.o)
 .debug_loc     0x00000000000013f5       0x4c contiki-native.a(vib-sensor.o)
 .debug_loc     0x0000000000001441      0x3e1 contiki-native.a(sensors.o)
 .debug_loc     0x0000000000001822       0xc8 contiki-native.a(rimeaddr.o)
 .debug_loc     0x00000000000018ea      0x520 contiki-native.a(rime.o)
 .debug_loc     0x0000000000001e0a      0x5ba contiki-native.a(announcement.o)
 .debug_loc     0x00000000000023c4      0x617 contiki-native.a(broadcast-annou)
 .debug_loc     0x00000000000029db      0x397 contiki-native.a(broadcast.o)
 .debug_loc     0x0000000000002d72      0x336 contiki-native.a(abc.o)
 .debug_loc     0x00000000000030a8      0x21c contiki-native.a(chameleon.o)
 .debug_loc     0x00000000000032c4      0x31b contiki-native.a(channel.o)
 .debug_loc     0x00000000000035df      0xa5a contiki-native.a(chameleon-bitop)
 .debug_loc     0x0000000000004039      0x199 contiki-native.a(nullmac.o)
 .debug_loc     0x00000000000041d2      0x519 contiki-native.a(nullrdc.o)
 .debug_loc     0x00000000000046eb      0x111 contiki-native.a(mac.o)
 .debug_loc     0x00000000000047fc      0x104 contiki-native.a(framer-nullmac.)
 .debug_loc     0x0000000000004900      0x733 contiki-native.a(process.o)
 .debug_loc     0x0000000000005033      0x212 contiki-native.a(autostart.o)
 .debug_loc     0x0000000000005245      0x2b3 contiki-native.a(serial-line.o)
 .debug_loc     0x00000000000054f8      0x3bc contiki-native.a(list.o)
 .debug_loc     0x00000000000058b4      0x7c0 contiki-native.a(etimer.o)
 .debug_loc     0x0000000000006074      0x680 contiki-native.a(ctimer.o)
 .debug_loc     0x00000000000066f4       0xbb contiki-native.a(random.o)
 .debug_loc     0x00000000000067af       0x46 contiki-native.a(ringbuf.o)
 .debug_loc     0x00000000000067f5       0x4c contiki-native.a(netstack.o)
 .debug_loc     0x0000000000006841      0x64e contiki-native.a(packetbuf.o)
 .debug_loc     0x0000000000006e8f      0x667 contiki-native.a(queuebuf.o)
 .debug_loc     0x00000000000074f6      0xafb contiki-native.a(tcpip.o)
 .debug_loc     0x0000000000007ff1      0x9a5 contiki-native.a(uip.o)
 .debug_loc     0x0000000000008996       0x46 contiki-native.a(nullradio.o)
 .debug_loc     0x00000000000089dc       0x98 contiki-native.a(clock.o)
 .debug_loc     0x0000000000008a74      0x214 contiki-native.a(memb.o)
 .debug_loc     0x0000000000008c88      0x243 contiki-native.a(timer.o)

.debug_macinfo
 *(.debug_macinfo)

.debug_weaknames
 *(.debug_weaknames)

.debug_funcnames
 *(.debug_funcnames)

.debug_typenames
 *(.debug_typenames)

.debug_varnames
 *(.debug_varnames)

.debug_pubtypes
 *(.debug_pubtypes)

.debug_ranges   0x0000000000000000       0x90
 *(.debug_ranges)
 .debug_ranges  0x0000000000000000       0x90 contiki-native.a(contiki-main.o)

.gnu.attributes
 *(.gnu.attributes)

/DISCARD/
 *(.note.GNU-stack)
 *(.gnu_debuglink)
 *(.gnu.lto_*)
OUTPUT(ts_test.native elf64-x86-64)
