Archive member included because of file (symbol)

contiki-z1.a(rimeaddr.o)      obj_z1/contiki-z1-main.o (rimeaddr_copy)
contiki-z1.a(rime.o)          obj_z1/contiki-z1-main.o (rime_driver)
contiki-z1.a(announcement.o)  contiki-z1.a(rime.o) (announcement_init)
contiki-z1.a(broadcast-annou)
                              contiki-z1.a(rime.o) (broadcast_announcement_init)
contiki-z1.a(broadcast.o)     contiki-z1.a(broadcast-annou) (broadcast_open)
contiki-z1.a(abc.o)           contiki-z1.a(broadcast.o) (abc_open)
contiki-z1.a(chameleon.o)     contiki-z1.a(rime.o) (chameleon_init)
contiki-z1.a(channel.o)       contiki-z1.a(chameleon.o) (channel_init)
contiki-z1.a(chameleon-bitop)
                              contiki-z1.a(chameleon.o) (chameleon_bitopt)
contiki-z1.a(csma.o)          obj_z1/contiki-z1-main.o (csma_driver)
contiki-z1.a(contikimac.o)    obj_z1/contiki-z1-main.o (contikimac_driver)
contiki-z1.a(phase.o)         contiki-z1.a(contikimac.o) (phase_update)
contiki-z1.a(process.o)       obj_z1/contiki-z1-main.o (process_init)
contiki-z1.a(autostart.o)     obj_z1/contiki-z1-main.o (autostart_start)
contiki-z1.a(compower.o)      contiki-z1.a(contikimac.o) (compower_idle_activity)
contiki-z1.a(serial-line.o)   obj_z1/contiki-z1-main.o (serial_line_input_byte)
contiki-z1.a(memb.o)          contiki-z1.a(csma.o) (memb_init)
contiki-z1.a(timer.o)         contiki-z1.a(phase.o) (timer_set)
contiki-z1.a(list.o)          contiki-z1.a(announcement.o) (list_init)
contiki-z1.a(etimer.o)        obj_z1/contiki-z1-main.o (etimer_process)
contiki-z1.a(ctimer.o)        obj_z1/contiki-z1-main.o (ctimer_init)
contiki-z1.a(energest.o)      obj_z1/contiki-z1-main.o (energest_init)
contiki-z1.a(rtimer.o)        obj_z1/contiki-z1-main.o (rtimer_init)
contiki-z1.a(random.o)        contiki-z1.a(broadcast-annou) (random_rand)
contiki-z1.a(ringbuf.o)       contiki-z1.a(serial-line.o) (ringbuf_init)
contiki-z1.a(nbr-table.o)     contiki-z1.a(phase.o) (nbr_table_register)
contiki-z1.a(packetbuf.o)     contiki-z1.a(contikimac.o) (packetbuf_hdr_remove)
contiki-z1.a(queuebuf.o)      contiki-z1.a(rime.o) (queuebuf_init)
contiki-z1.a(contiki-z1-plat)
                              obj_z1/contiki-z1-main.o (init_platform)
contiki-z1.a(msp430.o)        obj_z1/contiki-z1-main.o (msp430_cpu_init)
contiki-z1.a(leds.o)          obj_z1/contiki-z1-main.o (leds_init)
contiki-z1.a(watchdog.o)      burn-nodeid.co (watchdog_start)
contiki-z1.a(xmem.o)          obj_z1/contiki-z1-main.o (xmem_init)
contiki-z1.a(spi.o)           contiki-z1.a(xmem.o) (spi_init)
contiki-z1.a(cc2420.o)        obj_z1/contiki-z1-main.o (cc2420_set_channel)
contiki-z1.a(cc2420-arch.o)   contiki-z1.a(cc2420.o) (cc2420_arch_init)
contiki-z1.a(node-id.o)       burn-nodeid.co (node_id_restore)
contiki-z1.a(sensors.o)       contiki-z1.a(contiki-z1-plat) (sensors_process)
contiki-z1.a(button-sensor.o)
                              obj_z1/contiki-z1-main.o (button_sensor)
contiki-z1.a(uart0.o)         obj_z1/contiki-z1-main.o (uart0_active)
contiki-z1.a(uart0-putchar.o)
                              obj_z1/contiki-z1-main.o (putchar)
contiki-z1.a(adxl345.o)       obj_z1/contiki-z1-main.o (accm_init)
contiki-z1.a(clock.o)         contiki-z1.a(timer.o) (clock_time)
contiki-z1.a(leds-arch.o)     contiki-z1.a(leds.o) (leds_arch_init)
contiki-z1.a(rtimer-arch.o)   contiki-z1.a(rtimer.o) (rtimer_arch_init)
contiki-z1.a(mac.o)           contiki-z1.a(csma.o) (mac_call_sent_callback)
contiki-z1.a(framer-802154.o)
                              contiki-z1.a(contikimac.o) (framer_802154)
contiki-z1.a(i2cmaster.o)     contiki-z1.a(adxl345.o) (i2c_receiveinit)
contiki-z1.a(frame802154.o)   contiki-z1.a(framer-802154.o) (frame802154_hdrlen)
/usr/lib/gcc/msp430/4.5.3/mcpu-430x/mmpy-16/libgcc.a(_mulsi3.o)
                              contiki-z1.a(csma.o) (__mulsi3)
/usr/lib/gcc/msp430/4.5.3/mcpu-430x/mmpy-16/libgcc.a(_udivmodhi4.o)
                              contiki-z1.a(phase.o) (__udivmodhi4)
/usr/lib/gcc/msp430/4.5.3/mcpu-430x/mmpy-16/libgcc.a(_divmodhi4.o)
                              contiki-z1.a(nbr-table.o) (__divmodhi4)
/usr/lib/gcc/msp430/4.5.3/mcpu-430x/mmpy-16/libgcc.a(_udivmodsi4.o)
                              obj_z1/contiki-z1-main.o (__udivmodsi4)
/usr/lib/gcc/msp430/4.5.3/../../../../msp430/lib/mcpu-430x/mmpy-16/libc.a(strncmp.o)
                              contiki-z1.a(sensors.o) (strncmp)
/usr/lib/gcc/msp430/4.5.3/../../../../msp430/lib/mcpu-430x/mmpy-16/libc.a(memcmp.o)
                              contiki-z1.a(rimeaddr.o) (memcmp)
/usr/lib/gcc/msp430/4.5.3/../../../../msp430/lib/mcpu-430x/mmpy-16/libc.a(memcpy.o)
                              contiki-z1.a(broadcast-annou) (memcpy)
/usr/lib/gcc/msp430/4.5.3/../../../../msp430/lib/mcpu-430x/mmpy-16/libc.a(memset.o)
                              obj_z1/contiki-z1-main.o (memset)
/usr/lib/gcc/msp430/4.5.3/../../../../msp430/lib/mcpu-430x/mmpy-16/libc.a(printf.o)
                              burn-nodeid.co (printf)
/usr/lib/gcc/msp430/4.5.3/../../../../msp430/lib/mcpu-430x/mmpy-16/libc.a(vuprintf.o)
                              /usr/lib/gcc/msp430/4.5.3/../../../../msp430/lib/mcpu-430x/mmpy-16/libc.a(printf.o) (vuprintf)
/usr/lib/gcc/msp430/4.5.3/../../../../msp430/lib/mcpu-430x/mmpy-16/libc.a(puts.o)
                              obj_z1/contiki-z1-main.o (puts)
/usr/lib/gcc/msp430/4.5.3/../../../../msp430/lib/mcpu-430x/mmpy-16/libc.a(rand.o)
                              contiki-z1.a(random.o) (rand)
/usr/lib/gcc/msp430/4.5.3/mcpu-430x/mmpy-16/libcrt0.a(_reset_vector__.o)
                              /usr/lib/gcc/msp430/4.5.3/mcpu-430x/mmpy-16/crt0ivtbl32.o (_reset_vector__)
/usr/lib/gcc/msp430/4.5.3/mcpu-430x/mmpy-16/libcrt0.a(__init_stack.o)
                              /usr/lib/gcc/msp430/4.5.3/mcpu-430x/mmpy-16/libcrt0.a(_reset_vector__.o) (__init_stack)
/usr/lib/gcc/msp430/4.5.3/mcpu-430x/mmpy-16/libcrt0.a(__low_level_init.o)
                              /usr/lib/gcc/msp430/4.5.3/mcpu-430x/mmpy-16/libcrt0.a(_reset_vector__.o) (__low_level_init)
/usr/lib/gcc/msp430/4.5.3/mcpu-430x/mmpy-16/libcrt0.a(_copy_data.o)
                              /usr/lib/gcc/msp430/4.5.3/mcpu-430x/mmpy-16/libcrt0.a(_reset_vector__.o) (__do_copy_data)
/usr/lib/gcc/msp430/4.5.3/mcpu-430x/mmpy-16/libcrt0.a(_clear_bss.o)
                              /usr/lib/gcc/msp430/4.5.3/mcpu-430x/mmpy-16/libcrt0.a(_reset_vector__.o) (__do_clear_bss)
/usr/lib/gcc/msp430/4.5.3/mcpu-430x/mmpy-16/libcrt0.a(__stop_progExec__.o)
                              /usr/lib/gcc/msp430/4.5.3/mcpu-430x/mmpy-16/libcrt0.a(_reset_vector__.o) (__stop_progExec__)
/usr/lib/gcc/msp430/4.5.3/mcpu-430x/mmpy-16/libcrt0.a(_endless_loop__.o)
                              /usr/lib/gcc/msp430/4.5.3/mcpu-430x/mmpy-16/libcrt0.a(_reset_vector__.o) (_endless_loop__)
/usr/lib/gcc/msp430/4.5.3/mcpu-430x/mmpy-16/libcrt0.a(_unexpected_.o)
                              /usr/lib/gcc/msp430/4.5.3/mcpu-430x/mmpy-16/crt0ivtbl32.o (_unexpected_)

Allocating common symbols
Common symbol       size              file

compower_idle_activity
                    0x8               contiki-z1.a(compower.o)
energest_total_time
                    0x30              contiki-z1.a(energest.o)
cc2420_last_rssi    0x1               contiki-z1.a(cc2420.o)
accm_int2_cb        0x2               contiki-z1.a(adxl345.o)
cc2420_packets_read
                    0x2               contiki-z1.a(cc2420.o)
cc2420_packets_seen
                    0x2               contiki-z1.a(cc2420.o)
energest_total_count
                    0x2               contiki-z1.a(energest.o)
cc2420_sfd_start_time
                    0x2               contiki-z1.a(cc2420.o)
cc2420_time_of_departure
                    0x2               contiki-z1.a(cc2420.o)
cc2420_time_of_arrival
                    0x2               contiki-z1.a(cc2420.o)
energest_current_mode
                    0xc               contiki-z1.a(energest.o)
packetbuf_addrs     0x8               contiki-z1.a(packetbuf.o)
rimeaddr_node_addr  0x2               contiki-z1.a(rimeaddr.o)
process_maxevents   0x1               contiki-z1.a(process.o)
transmit_data1      0x1               contiki-z1.a(i2cmaster.o)
rx_byte_ctr         0x1               contiki-z1.a(i2cmaster.o)
int2_event          0x1               contiki-z1.a(adxl345.o)
tx_buf_ptr          0x2               contiki-z1.a(i2cmaster.o)
tx_byte_ctr         0x1               contiki-z1.a(i2cmaster.o)
cc2420_last_correlation
                    0x1               contiki-z1.a(cc2420.o)
accm_int1_cb        0x2               contiki-z1.a(adxl345.o)
cc2420_authority_level_of_sender
                    0x2               contiki-z1.a(cc2420.o)
i                   0x2               contiki-z1.a(i2cmaster.o)
packetbuf_attrs     0x30              contiki-z1.a(packetbuf.o)
receive_data        0x1               contiki-z1.a(i2cmaster.o)
cc2420_sfd_counter  0x1               contiki-z1.a(cc2420.o)
rx_buf              0x2               contiki-z1.a(i2cmaster.o)
node_mac            0x8               contiki-z1.a(node-id.o)
transmit_data2      0x1               contiki-z1.a(i2cmaster.o)
energest_current_time
                    0x18              contiki-z1.a(energest.o)
rx_buf_ptr          0x2               contiki-z1.a(i2cmaster.o)
sensors_flags       0x2               obj_z1/contiki-z1-main.o
serial_line_event_message
                    0x1               contiki-z1.a(serial-line.o)
int1_event          0x1               contiki-z1.a(adxl345.o)
cc2420_sfd_end_time
                    0x2               contiki-z1.a(cc2420.o)
sensors_event       0x1               contiki-z1.a(sensors.o)

Memory Configuration

Name             Origin             Length             Attributes
sfr              0x0000000000000000 0x0000000000000010
peripheral_8bit  0x0000000000000010 0x00000000000000f0
peripheral_16bit 0x0000000000000100 0x0000000000000100
infomem          0x0000000000001000 0x0000000000000100
infod            0x0000000000001000 0x0000000000000040
infoc            0x0000000000001040 0x0000000000000040
infob            0x0000000000001080 0x0000000000000040
infoa            0x00000000000010c0 0x0000000000000040
ram              0x0000000000001100 0x0000000000002000 xw
rom              0x0000000000003100 0x000000000000cebe xr
vectors          0x000000000000ffc0 0x0000000000000040
far_rom          0x0000000000010000 0x000000000000a000
bsl              0x0000000000000000 0x0000000000000000
*default*        0x0000000000000000 0xffffffffffffffff

Linker script and memory map

LOAD /usr/lib/gcc/msp430/4.5.3/mcpu-430x/mmpy-16/crt0ivtbl32.o
                0x0000000000000041                __P1SEL2 = 0x41
                0x0000000000000045                __P5SEL2 = 0x45
LOAD burn-nodeid.co
LOAD obj_z1/contiki-z1-main.o
LOAD contiki-z1.a
LOAD /usr/lib/gcc/msp430/4.5.3/mcpu-430x/mmpy-16/libgcc.a
LOAD /usr/lib/gcc/msp430/4.5.3/../../../../msp430/lib/mcpu-430x/mmpy-16/libc.a
LOAD /usr/lib/gcc/msp430/4.5.3/mcpu-430x/mmpy-16/libgcc.a
LOAD /usr/lib/gcc/msp430/4.5.3/mcpu-430x/mmpy-16/libcrt0.a
                0x0000000000000000                __IE1 = 0x0
                0x0000000000000002                __IFG1 = 0x2
                0x0000000000000001                __IE2 = 0x1
                0x0000000000000003                __IFG2 = 0x3
                0x0000000000000006                __UC1IE = 0x6
                0x0000000000000007                __UC1IFG = 0x7
                0x00000000000001a0                __ADC12CTL0 = 0x1a0
                0x00000000000001a2                __ADC12CTL1 = 0x1a2
                0x00000000000001a4                __ADC12IFG = 0x1a4
                0x00000000000001a6                __ADC12IE = 0x1a6
                0x00000000000001a8                __ADC12IV = 0x1a8
                0x0000000000000140                __ADC12MEM0 = 0x140
                0x0000000000000142                __ADC12MEM1 = 0x142
                0x0000000000000144                __ADC12MEM2 = 0x144
                0x0000000000000146                __ADC12MEM3 = 0x146
                0x0000000000000148                __ADC12MEM4 = 0x148
                0x000000000000014a                __ADC12MEM5 = 0x14a
                0x000000000000014c                __ADC12MEM6 = 0x14c
                0x000000000000014e                __ADC12MEM7 = 0x14e
                0x0000000000000150                __ADC12MEM8 = 0x150
                0x0000000000000152                __ADC12MEM9 = 0x152
                0x0000000000000154                __ADC12MEM10 = 0x154
                0x0000000000000156                __ADC12MEM11 = 0x156
                0x0000000000000158                __ADC12MEM12 = 0x158
                0x000000000000015a                __ADC12MEM13 = 0x15a
                0x000000000000015c                __ADC12MEM14 = 0x15c
                0x000000000000015e                __ADC12MEM15 = 0x15e
                0x0000000000000080                __ADC12MCTL0 = 0x80
                0x0000000000000081                __ADC12MCTL1 = 0x81
                0x0000000000000082                __ADC12MCTL2 = 0x82
                0x0000000000000083                __ADC12MCTL3 = 0x83
                0x0000000000000084                __ADC12MCTL4 = 0x84
                0x0000000000000085                __ADC12MCTL5 = 0x85
                0x0000000000000086                __ADC12MCTL6 = 0x86
                0x0000000000000087                __ADC12MCTL7 = 0x87
                0x0000000000000088                __ADC12MCTL8 = 0x88
                0x0000000000000089                __ADC12MCTL9 = 0x89
                0x000000000000008a                __ADC12MCTL10 = 0x8a
                0x000000000000008b                __ADC12MCTL11 = 0x8b
                0x000000000000008c                __ADC12MCTL12 = 0x8c
                0x000000000000008d                __ADC12MCTL13 = 0x8d
                0x000000000000008e                __ADC12MCTL14 = 0x8e
                0x000000000000008f                __ADC12MCTL15 = 0x8f
                0x0000000000000056                __DCOCTL = 0x56
                0x0000000000000057                __BCSCTL1 = 0x57
                0x0000000000000058                __BCSCTL2 = 0x58
                0x0000000000000053                __BCSCTL3 = 0x53
                0x0000000000000059                __CACTL1 = 0x59
                0x000000000000005a                __CACTL2 = 0x5a
                0x000000000000005b                __CAPD = 0x5b
                0x00000000000001c0                __DAC12_0CTL = 0x1c0
                0x00000000000001c2                __DAC12_1CTL = 0x1c2
                0x00000000000001c8                __DAC12_0DAT = 0x1c8
                0x00000000000001ca                __DAC12_1DAT = 0x1ca
                0x0000000000000122                __DMACTL0 = 0x122
                0x0000000000000124                __DMACTL1 = 0x124
                0x0000000000000126                __DMAIV = 0x126
                0x00000000000001d0                __DMA0CTL = 0x1d0
                0x00000000000001dc                __DMA1CTL = 0x1dc
                0x00000000000001e8                __DMA2CTL = 0x1e8
                0x00000000000001d2                __DMA0SA = 0x1d2
                0x00000000000001d2                __DMA0SAL = 0x1d2
                0x00000000000001d6                __DMA0DA = 0x1d6
                0x00000000000001d6                __DMA0DAL = 0x1d6
                0x00000000000001da                __DMA0SZ = 0x1da
                0x00000000000001de                __DMA1SA = 0x1de
                0x00000000000001de                __DMA1SAL = 0x1de
                0x00000000000001e2                __DMA1DA = 0x1e2
                0x00000000000001e2                __DMA1DAL = 0x1e2
                0x00000000000001e6                __DMA1SZ = 0x1e6
                0x00000000000001ea                __DMA2SA = 0x1ea
                0x00000000000001ea                __DMA2SAL = 0x1ea
                0x00000000000001ee                __DMA2DA = 0x1ee
                0x00000000000001ee                __DMA2DAL = 0x1ee
                0x00000000000001f2                __DMA2SZ = 0x1f2
                0x0000000000000128                __FCTL1 = 0x128
                0x000000000000012a                __FCTL2 = 0x12a
                0x000000000000012c                __FCTL3 = 0x12c
                0x00000000000001be                __FCTL4 = 0x1be
                0x0000000000000130                __MPY = 0x130
                0x0000000000000132                __MPYS = 0x132
                0x0000000000000134                __MAC = 0x134
                0x0000000000000136                __MACS = 0x136
                0x0000000000000138                __OP2 = 0x138
                0x000000000000013a                __RESLO = 0x13a
                0x000000000000013c                __RESHI = 0x13c
                0x000000000000013e                __SUMEXT = 0x13e
                0x0000000000000020                __P1IN = 0x20
                0x0000000000000021                __P1OUT = 0x21
                0x0000000000000022                __P1DIR = 0x22
                0x0000000000000023                __P1IFG = 0x23
                0x0000000000000024                __P1IES = 0x24
                0x0000000000000025                __P1IE = 0x25
                0x0000000000000026                __P1SEL = 0x26
                0x0000000000000027                __P1REN = 0x27
                0x0000000000000028                __P2IN = 0x28
                0x0000000000000029                __P2OUT = 0x29
                0x000000000000002a                __P2DIR = 0x2a
                0x000000000000002b                __P2IFG = 0x2b
                0x000000000000002c                __P2IES = 0x2c
                0x000000000000002d                __P2IE = 0x2d
                0x000000000000002e                __P2SEL = 0x2e
                0x000000000000002f                __P2REN = 0x2f
                0x0000000000000018                __P3IN = 0x18
                0x0000000000000019                __P3OUT = 0x19
                0x000000000000001a                __P3DIR = 0x1a
                0x000000000000001b                __P3SEL = 0x1b
                0x0000000000000010                __P3REN = 0x10
                0x000000000000001c                __P4IN = 0x1c
                0x000000000000001d                __P4OUT = 0x1d
                0x000000000000001e                __P4DIR = 0x1e
                0x000000000000001f                __P4SEL = 0x1f
                0x0000000000000011                __P4REN = 0x11
                0x0000000000000030                __P5IN = 0x30
                0x0000000000000031                __P5OUT = 0x31
                0x0000000000000032                __P5DIR = 0x32
                0x0000000000000033                __P5SEL = 0x33
                0x0000000000000012                __P5REN = 0x12
                0x0000000000000034                __P6IN = 0x34
                0x0000000000000035                __P6OUT = 0x35
                0x0000000000000036                __P6DIR = 0x36
                0x0000000000000037                __P6SEL = 0x37
                0x0000000000000013                __P6REN = 0x13
                0x0000000000000038                __P7IN = 0x38
                0x000000000000003a                __P7OUT = 0x3a
                0x000000000000003c                __P7DIR = 0x3c
                0x000000000000003e                __P7SEL = 0x3e
                0x0000000000000014                __P7REN = 0x14
                0x0000000000000039                __P8IN = 0x39
                0x000000000000003b                __P8OUT = 0x3b
                0x000000000000003d                __P8DIR = 0x3d
                0x000000000000003f                __P8SEL = 0x3f
                0x0000000000000015                __P8REN = 0x15
                0x0000000000000038                __PAIN = 0x38
                0x000000000000003a                __PAOUT = 0x3a
                0x000000000000003c                __PADIR = 0x3c
                0x000000000000003e                __PASEL = 0x3e
                0x0000000000000014                __PAREN = 0x14
                0x0000000000000055                __SVSCTL = 0x55
                0x000000000000012e                __TAIV = 0x12e
                0x0000000000000160                __TACTL = 0x160
                0x0000000000000162                __TACCTL0 = 0x162
                0x0000000000000164                __TACCTL1 = 0x164
                0x0000000000000166                __TACCTL2 = 0x166
                0x0000000000000170                __TAR = 0x170
                0x0000000000000172                __TACCR0 = 0x172
                0x0000000000000174                __TACCR1 = 0x174
                0x0000000000000176                __TACCR2 = 0x176
                0x000000000000011e                __TBIV = 0x11e
                0x0000000000000180                __TBCTL = 0x180
                0x0000000000000182                __TBCCTL0 = 0x182
                0x0000000000000184                __TBCCTL1 = 0x184
                0x0000000000000186                __TBCCTL2 = 0x186
                0x0000000000000188                __TBCCTL3 = 0x188
                0x000000000000018a                __TBCCTL4 = 0x18a
                0x000000000000018c                __TBCCTL5 = 0x18c
                0x000000000000018e                __TBCCTL6 = 0x18e
                0x0000000000000190                __TBR = 0x190
                0x0000000000000192                __TBCCR0 = 0x192
                0x0000000000000194                __TBCCR1 = 0x194
                0x0000000000000196                __TBCCR2 = 0x196
                0x0000000000000198                __TBCCR3 = 0x198
                0x000000000000019a                __TBCCR4 = 0x19a
                0x000000000000019c                __TBCCR5 = 0x19c
                0x000000000000019e                __TBCCR6 = 0x19e
                0x0000000000000060                __UCA0CTL0 = 0x60
                0x0000000000000061                __UCA0CTL1 = 0x61
                0x0000000000000062                __UCA0BR0 = 0x62
                0x0000000000000063                __UCA0BR1 = 0x63
                0x0000000000000064                __UCA0MCTL = 0x64
                0x0000000000000065                __UCA0STAT = 0x65
                0x0000000000000066                __UCA0RXBUF = 0x66
                0x0000000000000067                __UCA0TXBUF = 0x67
                0x000000000000005d                __UCA0ABCTL = 0x5d
                0x000000000000005e                __UCA0IRTCTL = 0x5e
                0x000000000000005f                __UCA0IRRCTL = 0x5f
                0x0000000000000068                __UCB0CTL0 = 0x68
                0x0000000000000069                __UCB0CTL1 = 0x69
                0x000000000000006a                __UCB0BR0 = 0x6a
                0x000000000000006b                __UCB0BR1 = 0x6b
                0x000000000000006c                __UCB0I2CIE = 0x6c
                0x000000000000006d                __UCB0STAT = 0x6d
                0x000000000000006e                __UCB0RXBUF = 0x6e
                0x000000000000006f                __UCB0TXBUF = 0x6f
                0x0000000000000118                __UCB0I2COA = 0x118
                0x000000000000011a                __UCB0I2CSA = 0x11a
                0x00000000000000d0                __UCA1CTL0 = 0xd0
                0x00000000000000d1                __UCA1CTL1 = 0xd1
                0x00000000000000d2                __UCA1BR0 = 0xd2
                0x00000000000000d3                __UCA1BR1 = 0xd3
                0x00000000000000d4                __UCA1MCTL = 0xd4
                0x00000000000000d5                __UCA1STAT = 0xd5
                0x00000000000000d6                __UCA1RXBUF = 0xd6
                0x00000000000000d7                __UCA1TXBUF = 0xd7
                0x00000000000000cd                __UCA1ABCTL = 0xcd
                0x00000000000000ce                __UCA1IRTCTL = 0xce
                0x00000000000000cf                __UCA1IRRCTL = 0xcf
                0x00000000000000d8                __UCB1CTL0 = 0xd8
                0x00000000000000d9                __UCB1CTL1 = 0xd9
                0x00000000000000da                __UCB1BR0 = 0xda
                0x00000000000000db                __UCB1BR1 = 0xdb
                0x00000000000000dc                __UCB1I2CIE = 0xdc
                0x00000000000000dd                __UCB1STAT = 0xdd
                0x00000000000000de                __UCB1RXBUF = 0xde
                0x00000000000000df                __UCB1TXBUF = 0xdf
                0x000000000000017c                __UCB1I2COA = 0x17c
                0x000000000000017e                __UCB1I2CSA = 0x17e
                0x0000000000000120                __WDTCTL = 0x120
                0x00000000000010c0                __TLV_CHECKSUM = 0x10c0
                0x00000000000010f6                __TLV_DCO_30_TAG = 0x10f6
                0x00000000000010f7                __TLV_DCO_30_LEN = 0x10f7
                0x00000000000010da                __TLV_ADC12_1_TAG = 0x10da
                0x00000000000010db                __TLV_ADC12_1_LEN = 0x10db
                0x00000000000010f8                __CALDCO_16MHZ = 0x10f8
                0x00000000000010f9                __CALBC1_16MHZ = 0x10f9
                0x00000000000010fa                __CALDCO_12MHZ = 0x10fa
                0x00000000000010fb                __CALBC1_12MHZ = 0x10fb
                0x00000000000010fc                __CALDCO_8MHZ = 0x10fc
                0x00000000000010fd                __CALBC1_8MHZ = 0x10fd
                0x00000000000010fe                __CALDCO_1MHZ = 0x10fe
                0x00000000000010ff                __CALBC1_1MHZ = 0x10ff

.hash
 *(.hash)

.dynsym
 *(.dynsym)

.dynstr
 *(.dynstr)

.gnu.version
 *(.gnu.version)

.gnu.version_d
 *(.gnu.version_d)

.gnu.version_r
 *(.gnu.version_r)

.rel.init
 *(.rel.init)

.rela.init
 *(.rela.init)

.rel.text
 *(.rel.text)
 *(.rel.text.*)
 *(.rel.gnu.linkonce.t*)

.rela.text
 *(.rela.text)
 *(.rela.text.*)
 *(.rela.gnu.linkonce.t*)

.rel.fini
 *(.rel.fini)

.rela.fini
 *(.rela.fini)

.rel.rodata
 *(.rel.rodata)
 *(.rel.rodata.*)
 *(.rel.gnu.linkonce.r*)

.rela.rodata
 *(.rela.rodata)
 *(.rela.rodata.*)
 *(.rela.gnu.linkonce.r*)

.rel.data
 *(.rel.data)
 *(.rel.data.*)
 *(.rel.gnu.linkonce.d*)

.rela.data
 *(.rela.data)
 *(.rela.data.*)
 *(.rela.gnu.linkonce.d*)

.rel.ctors
 *(.rel.ctors)

.rela.ctors
 *(.rela.ctors)

.rel.dtors
 *(.rel.dtors)

.rela.dtors
 *(.rela.dtors)

.rel.got
 *(.rel.got)

.rela.got
 *(.rela.got)

.rel.bss
 *(.rel.bss)

.rela.bss
 *(.rela.bss)

.rel.plt
 *(.rel.plt)

.rela.plt
 *(.rela.plt)

.text           0x0000000000003100     0x5c0c
                0x0000000000003100                . = ALIGN (0x2)
 *(.init)
 *(.init0)
 .init0         0x0000000000003100        0x0 /usr/lib/gcc/msp430/4.5.3/mcpu-430x/mmpy-16/libcrt0.a(_reset_vector__.o)
                0x0000000000003100                _reset_vector__
 *(.init1)
 *(.init2)
 .init2         0x0000000000003100        0x4 /usr/lib/gcc/msp430/4.5.3/mcpu-430x/mmpy-16/libcrt0.a(__init_stack.o)
                0x0000000000003100                __init_stack
 *(.init3)
 .init3         0x0000000000003104        0xa /usr/lib/gcc/msp430/4.5.3/mcpu-430x/mmpy-16/libcrt0.a(__low_level_init.o)
                0x0000000000003104                __low_level_init
 *(.init4)
 .init4         0x000000000000310e       0x16 /usr/lib/gcc/msp430/4.5.3/mcpu-430x/mmpy-16/libcrt0.a(_copy_data.o)
                0x000000000000310e                __do_copy_data
 .init4         0x0000000000003124       0x14 /usr/lib/gcc/msp430/4.5.3/mcpu-430x/mmpy-16/libcrt0.a(_clear_bss.o)
                0x0000000000003124                __do_clear_bss
 *(.init5)
 *(.init6)
 *(.init7)
 *(.init8)
 *(.init9)
 .init9         0x0000000000003138      0x2dc obj_z1/contiki-z1-main.o
                0x0000000000003138                main
 *(.fini9)
 .fini9         0x0000000000003414        0x0 /usr/lib/gcc/msp430/4.5.3/mcpu-430x/mmpy-16/libcrt0.a(__stop_progExec__.o)
                0x0000000000003414                __stop_progExec__
 *(.fini8)
 *(.fini7)
 *(.fini6)
 *(.fini5)
 *(.fini4)
 *(.fini3)
 *(.fini2)
 *(.fini1)
 *(.fini0)
 .fini0         0x0000000000003414        0x6 /usr/lib/gcc/msp430/4.5.3/mcpu-430x/mmpy-16/libcrt0.a(_endless_loop__.o)
                0x0000000000003414                _endless_loop__
 *(.fini)
                0x000000000000341a                . = ALIGN (0x2)
                0x000000000000341a                __ctors_start = .
 *(.ctors)
                0x000000000000341a                __ctors_end = .
                0x000000000000341a                __dtors_start = .
 *(.dtors)
                0x000000000000341a                __dtors_end = .
                0x000000000000341a                . = ALIGN (0x2)
 *(.text)
 .text          0x000000000000341a        0x4 /usr/lib/gcc/msp430/4.5.3/mcpu-430x/mmpy-16/crt0ivtbl32.o
                0x000000000000341a                __isr_14
                0x000000000000341a                __isr_4
                0x000000000000341a                __isr_29
                0x000000000000341a                __isr_11
                0x000000000000341a                __isr_5
                0x000000000000341a                __isr_2
                0x000000000000341a                __isr_10
                0x000000000000341a                __isr_7
                0x000000000000341a                __isr_0
                0x000000000000341a                __isr_28
                0x000000000000341a                __isr_8
                0x000000000000341a                __isr_20
                0x000000000000341a                __isr_3
                0x000000000000341a                __isr_12
                0x000000000000341a                __isr_13
                0x000000000000341a                __isr_27
                0x000000000000341a                __isr_9
                0x000000000000341a                __isr_30
                0x000000000000341a                __isr_6
                0x000000000000341a                __isr_22
                0x000000000000341a                __isr_1
                0x000000000000341a                __isr_15
                0x000000000000341a                __isr_21
 .text          0x000000000000341e       0xd0 burn-nodeid.co
                0x00000000000034ea                autostart_processes
 .text          0x00000000000034ee       0xda obj_z1/contiki-z1-main.o
                0x00000000000034ee                uip_log
 .text          0x00000000000035c8       0x26 contiki-z1.a(rimeaddr.o)
                0x00000000000035c8                rimeaddr_copy
                0x00000000000035ce                rimeaddr_cmp
                0x00000000000035e0                rimeaddr_set_node_addr
                0x00000000000035ec                rimeaddr_null
 .text          0x00000000000035ee       0xf0 contiki-z1.a(rime.o)
                0x000000000000369a                rime_sniffer_add
                0x00000000000036a6                rime_sniffer_remove
                0x00000000000036b2                rime_output
                0x00000000000036d8                rime_driver
 .text          0x00000000000036de      0x124 contiki-z1.a(announcement.o)
                0x00000000000036de                announcement_init
                0x00000000000036e8                announcement_register
                0x0000000000003726                announcement_remove
                0x0000000000003732                announcement_remove_value
                0x0000000000003754                announcement_set_value
                0x000000000000377c                announcement_bump
                0x000000000000379e                announcement_listen
                0x00000000000037aa                announcement_register_listen_callback
                0x00000000000037b0                announcement_register_observer_callback
                0x00000000000037b6                announcement_list
                0x00000000000037c0                announcement_heard
 .text          0x0000000000003802      0x1fc contiki-z1.a(broadcast-annou)
                0x0000000000003986                broadcast_announcement_init
                0x00000000000039ce                broadcast_announcement_stop
                0x00000000000039f0                broadcast_announcement_beacon_interval
 .text          0x00000000000039fe       0x88 contiki-z1.a(broadcast.o)
                0x0000000000003a34                broadcast_open
                0x0000000000003a5e                broadcast_close
                0x0000000000003a64                broadcast_send
 .text          0x0000000000003a86       0x52 contiki-z1.a(abc.o)
                0x0000000000003a86                abc_open
                0x0000000000003aac                abc_close
                0x0000000000003ab2                abc_send
                0x0000000000003ab8                abc_input
                0x0000000000003ac6                abc_sent
 .text          0x0000000000003ad8       0x38 contiki-z1.a(chameleon.o)
                0x0000000000003ad8                chameleon_init
                0x0000000000003ade                chameleon_parse
                0x0000000000003aee                chameleon_create
                0x0000000000003b0a                chameleon_hdrsize
 .text          0x0000000000003b10       0x6a contiki-z1.a(channel.o)
                0x0000000000003b10                channel_init
                0x0000000000003b1a                channel_open
                0x0000000000003b2a                channel_close
                0x0000000000003b36                channel_lookup
                0x0000000000003b56                channel_set_attributes
 .text          0x0000000000003b7a      0x36c contiki-z1.a(chameleon-bitop)
                0x0000000000003b90                get_bits_in_byte
                0x0000000000003bc0                get_bits
                0x0000000000003d48                set_bits_in_byte
                0x0000000000003d6e                set_bits
                0x0000000000003ed6                chameleon_bitopt
 .text          0x0000000000003ee6      0x38c contiki-z1.a(csma.o)
                0x0000000000004264                csma_driver
 .text          0x0000000000004272      0x7b6 contiki-z1.a(contikimac.o)
                0x0000000000004a08                contikimac_debug_print
                0x0000000000004a18                contikimac_driver
 .text          0x0000000000004a28      0x1fa contiki-z1.a(phase.o)
                0x0000000000004a6c                phase_update
                0x0000000000004afc                phase_wait
                0x0000000000004c0e                phase_init
 .text          0x0000000000004c22      0x2ac contiki-z1.a(process.o)
                0x0000000000004d32                process_alloc_event
                0x0000000000004d40                process_exit
                0x0000000000004d4a                process_init
                0x0000000000004d66                process_run
                0x0000000000004e02                process_nevents
                0x0000000000004e0e                process_post
                0x0000000000004e62                process_post_synch
                0x0000000000004e74                process_start
                0x0000000000004ea6                process_poll
                0x0000000000004ec0                process_is_running
 .text          0x0000000000004ece       0x2e contiki-z1.a(autostart.o)
                0x0000000000004ece                autostart_start
                0x0000000000004ee6                autostart_exit
 .text          0x0000000000004efc       0xc8 contiki-z1.a(compower.o)
                0x0000000000004efc                compower_init
                0x0000000000004f0e                compower_accumulate
                0x0000000000004f80                compower_clear
                0x0000000000004f92                compower_attrconv
                0x0000000000004fa2                compower_accumulate_attrs
 .text          0x0000000000004fc4      0x116 contiki-z1.a(serial-line.o)
                0x000000000000506a                serial_line_input_byte
                0x00000000000050b0                serial_line_init
 .text          0x00000000000050da       0xdc contiki-z1.a(memb.o)
                0x00000000000050da                memb_init
                0x0000000000005110                memb_alloc
                0x000000000000514e                memb_free
                0x0000000000005188                memb_inmemb
 .text          0x00000000000051b6       0x94 contiki-z1.a(timer.o)
                0x00000000000051b6                timer_set
                0x00000000000051d2                timer_reset
                0x00000000000051e0                timer_restart
                0x00000000000051f4                timer_expired
                0x0000000000005222                timer_remaining
 .text          0x000000000000524a       0xfc contiki-z1.a(list.o)
                0x000000000000524a                list_init
                0x0000000000005250                list_head
                0x0000000000005254                list_copy
                0x000000000000525a                list_tail
                0x000000000000526e                list_chop
                0x0000000000005298                list_pop
                0x00000000000052a6                list_remove
                0x00000000000052d4                list_push
                0x00000000000052ee                list_add
                0x0000000000005318                list_length
                0x0000000000005328                list_insert
                0x000000000000533e                list_item_next
 .text          0x0000000000005346      0x276 contiki-z1.a(etimer.o)
                0x00000000000053be                etimer_request_poll
                0x00000000000054d6                etimer_set
                0x00000000000054e8                etimer_reset
                0x00000000000054fa                etimer_restart
                0x000000000000550c                etimer_adjust
                0x0000000000005526                etimer_expired
                0x0000000000005534                etimer_expiration_time
                0x0000000000005548                etimer_start_time
                0x0000000000005550                etimer_pending
                0x000000000000555e                etimer_next_expiration_time
                0x0000000000005574                etimer_stop
 .text          0x00000000000055bc      0x1f4 contiki-z1.a(ctimer.o)
                0x0000000000005660                ctimer_init
                0x0000000000005678                ctimer_set
                0x00000000000056d2                ctimer_reset
                0x000000000000570c                ctimer_restart
                0x0000000000005746                ctimer_stop
                0x000000000000576e                ctimer_expired
 .text          0x00000000000057b0       0xcc contiki-z1.a(energest.o)
                0x00000000000057b0                energest_init
                0x00000000000057da                energest_type_time
                0x000000000000581e                energest_leveldevice_leveltime
                0x0000000000005824                energest_type_set
                0x0000000000005832                energest_flush
 .text          0x000000000000587c       0x50 contiki-z1.a(rtimer.o)
                0x000000000000587c                rtimer_init
                0x0000000000005882                rtimer_set
                0x00000000000058a6                rtimer_run_next
 .text          0x00000000000058cc        0xc contiki-z1.a(random.o)
                0x00000000000058cc                random_init
                0x00000000000058d2                random_rand
 .text          0x00000000000058d8       0x9c contiki-z1.a(ringbuf.o)
                0x00000000000058d8                ringbuf_init
                0x00000000000058ec                ringbuf_put
                0x0000000000005928                ringbuf_get
                0x000000000000595a                ringbuf_size
                0x0000000000005962                ringbuf_elements
 .text          0x0000000000005974      0x40c contiki-z1.a(nbr-table.o)
                0x0000000000005b06                nbr_table_register
                0x0000000000005b2c                nbr_table_next
                0x0000000000005b62                nbr_table_head
                0x0000000000005b98                nbr_table_add_lladdr
                0x0000000000005cd6                nbr_table_get_from_lladdr
                0x0000000000005d22                nbr_table_remove
                0x0000000000005d54                nbr_table_lock
                0x0000000000005d64                nbr_table_unlock
                0x0000000000005d74                nbr_table_get_lladdr
 .text          0x0000000000005d80      0x23c contiki-z1.a(packetbuf.o)
                0x0000000000005d80                packetbuf_clear_hdr
                0x0000000000005d88                packetbuf_copyto_hdr
                0x0000000000005da4                packetbuf_copyto
                0x0000000000005df6                packetbuf_hdr_remove
                0x0000000000005dfc                packetbuf_hdrreduce
                0x0000000000005e16                packetbuf_set_datalen
                0x0000000000005e1c                packetbuf_dataptr
                0x0000000000005e26                packetbuf_hdrptr
                0x0000000000005e30                packetbuf_is_reference
                0x0000000000005e3e                packetbuf_compact
                0x0000000000005e86                packetbuf_reference_ptr
                0x0000000000005e8c                packetbuf_datalen
                0x0000000000005e92                packetbuf_hdrlen
                0x0000000000005e9c                packetbuf_totlen
                0x0000000000005eac                packetbuf_hdralloc
                0x0000000000005eda                packetbuf_attr_clear
                0x0000000000005f08                packetbuf_clear
                0x0000000000005f28                packetbuf_reference
                0x0000000000005f42                packetbuf_copyfrom
                0x0000000000005f70                packetbuf_attr_copyto
                0x0000000000005f90                packetbuf_attr_copyfrom
 .text          0x0000000000005fbc      0x1ba contiki-z1.a(queuebuf.o)
                0x0000000000005fbc                queuebuf_init
                0x0000000000005fd6                queuebuf_new_from_packetbuf
                0x0000000000006056                queuebuf_update_attr_from_packetbuf
                0x0000000000006068                queuebuf_free
                0x00000000000060ae                queuebuf_to_packetbuf
                0x000000000000611e                queuebuf_dataptr
                0x0000000000006152                queuebuf_datalen
                0x0000000000006158                queuebuf_addr
                0x0000000000006166                queuebuf_attr
                0x0000000000006174                queuebuf_debug_print
 .text          0x0000000000006176        0xc contiki-z1.a(contiki-z1-plat)
                0x0000000000006176                init_platform
 .text          0x0000000000006182       0xde contiki-z1.a(msp430.o)
                0x0000000000006182                msp430_init_dco
                0x00000000000061ac                msp430_quick_synch_dco
                0x0000000000006232                msp430_cpu_init
                0x0000000000006258                splhigh_
 .text          0x0000000000006260      0x17e contiki-z1.a(leds.o)
                0x000000000000636c                leds_init
                0x000000000000637a                leds_get
                0x0000000000006380                leds_on
                0x0000000000006394                leds_off
                0x00000000000063a8                leds_invert
                0x00000000000063b2                leds_toggle
                0x00000000000063b8                leds_blink
 .text          0x00000000000063de       0x5c contiki-z1.a(watchdog.o)
                0x00000000000063de                __isr_26
                0x00000000000063de                watchdog_interrupt
                0x00000000000063e4                watchdog_start
                0x00000000000063f8                watchdog_periodic
                0x000000000000640a                watchdog_stop
                0x0000000000006420                watchdog_init
                0x0000000000006434                watchdog_reboot
 .text          0x000000000000643a      0x3b6 contiki-z1.a(xmem.o)
                0x00000000000064b2                xmem_init
                0x00000000000064d0                xmem_pread
                0x00000000000065b2                xmem_pwrite
                0x0000000000006726                xmem_erase
 .text          0x00000000000067f0       0x38 contiki-z1.a(spi.o)
                0x00000000000067f0                spi_init
 .text          0x0000000000006828      0xad2 contiki-z1.a(cc2420.o)
                0x0000000000006b42                cc2420_on
                0x0000000000006b64                cc2420_off
                0x0000000000006d90                cc2420_get_channel
                0x0000000000006d96                cc2420_set_channel
                0x0000000000006e10                cc2420_set_pan_addr
                0x0000000000006f5c                cc2420_init
                0x0000000000007030                cc2420_interrupt
                0x0000000000007050                cc2420_set_txpower
                0x000000000000705e                cc2420_get_txpower
                0x0000000000007238                cc2420_rssi
                0x000000000000729c                cc2420_cca_valid
                0x00000000000072c2                cc2420_set_cca_threshold
                0x00000000000072e6                cc2420_driver
 .text          0x00000000000072fa       0x1a contiki-z1.a(cc2420-arch.o)
                0x00000000000072fa                cc2420_arch_init
 .text          0x0000000000007314       0x96 contiki-z1.a(node-id.o)
                0x0000000000007314                node_id_restore
                0x0000000000007360                node_id_burn
 .text          0x00000000000073aa      0x164 contiki-z1.a(sensors.o)
                0x000000000000748e                sensors_first
                0x0000000000007494                sensors_next
                0x00000000000074a2                sensors_changed
                0x00000000000074b6                sensors_find
 .text          0x000000000000750e      0x128 contiki-z1.a(button-sensor.o)
                0x0000000000007594                irq_p2
                0x0000000000007594                __isr_19
                0x000000000000762e                button_sensor
 .text          0x0000000000007636       0xf2 contiki-z1.a(uart0.o)
                0x0000000000007636                uart0_active
                0x0000000000007642                uart0_set_input
                0x0000000000007648                uart0_writeb
                0x0000000000007660                uart0_init
                0x00000000000076a6                __isr_23
                0x00000000000076a6                uart0_rx_interrupt
 .text          0x0000000000007728        0xe contiki-z1.a(uart0-putchar.o)
                0x0000000000007728                putchar
 .text          0x0000000000007736      0x350 contiki-z1.a(adxl345.o)
                0x0000000000007736                accm_write_reg
                0x0000000000007764                accm_write_stream
                0x0000000000007792                accm_read_reg
                0x000000000000783e                accm_read_stream
                0x0000000000007894                accm_read_axis
                0x00000000000078ba                accm_set_grange
                0x00000000000078de                accm_init
                0x000000000000796e                accm_set_irq
                0x000000000000799a                port1_isr
                0x000000000000799a                __isr_18
 .text          0x0000000000007a86      0x1dc contiki-z1.a(clock.o)
                0x0000000000007a86                __isr_24
                0x0000000000007a86                timera1
                0x0000000000007b74                clock_time
                0x0000000000007b8e                clock_set
                0x0000000000007ba4                clock_fine_max
                0x0000000000007baa                clock_fine
                0x0000000000007bb4                clock_init
                0x0000000000007bdc                clock_delay
                0x0000000000007be8                clock_wait
                0x0000000000007c1e                clock_set_seconds
                0x0000000000007c3a                clock_seconds
                0x0000000000007c54                clock_counter
 .text          0x0000000000007c62       0x76 contiki-z1.a(leds-arch.o)
                0x0000000000007c62                leds_arch_init
                0x0000000000007c70                leds_arch_get
                0x0000000000007c9e                leds_arch_set
 .text          0x0000000000007cd8       0x98 contiki-z1.a(rtimer-arch.o)
                0x0000000000007cd8                rtimer_arch_init
                0x0000000000007ce6                rtimer_arch_now
                0x0000000000007cf4                __isr_25
                0x0000000000007cf4                timera0
                0x0000000000007d6a                rtimer_arch_schedule
 .text          0x0000000000007d70       0x14 contiki-z1.a(mac.o)
                0x0000000000007d70                mac_call_sent_callback
 .text          0x0000000000007d84      0x1b2 contiki-z1.a(framer-802154.o)
                0x0000000000007f32                framer_802154
 .text          0x0000000000007f36      0x1a2 contiki-z1.a(i2cmaster.o)
                0x0000000000007f36                i2c_receiveinit
                0x0000000000007f6c                i2c_transmitinit
                0x0000000000007f9c                i2c_receive_n
                0x0000000000007fe0                i2c_busy
                0x0000000000007fea                i2c_enable
                0x000000000000800e                i2c_disable
                0x0000000000008028                i2c_transmit_n
                0x000000000000803c                __isr_16
                0x000000000000803c                i2c_tx_interrupt
                0x00000000000080c0                i2c_rx_interrupt
                0x00000000000080c0                __isr_17
 .text          0x00000000000080d8      0x3d2 contiki-z1.a(frame802154.o)
                0x0000000000008170                frame802154_hdrlen
                0x000000000000819e                frame802154_create
                0x000000000000830a                frame802154_parse
 .text          0x00000000000084aa        0x0 /usr/lib/gcc/msp430/4.5.3/mcpu-430x/mmpy-16/libgcc.a(_mulsi3.o)
 .text          0x00000000000084aa        0x0 /usr/lib/gcc/msp430/4.5.3/mcpu-430x/mmpy-16/libgcc.a(_udivmodhi4.o)
 .text          0x00000000000084aa        0x0 /usr/lib/gcc/msp430/4.5.3/mcpu-430x/mmpy-16/libgcc.a(_divmodhi4.o)
 .text          0x00000000000084aa        0x0 /usr/lib/gcc/msp430/4.5.3/mcpu-430x/mmpy-16/libgcc.a(_udivmodsi4.o)
 .text          0x00000000000084aa       0x30 /usr/lib/gcc/msp430/4.5.3/../../../../msp430/lib/mcpu-430x/mmpy-16/libc.a(strncmp.o)
                0x00000000000084aa                strncmp
 .text          0x00000000000084da       0x34 /usr/lib/gcc/msp430/4.5.3/../../../../msp430/lib/mcpu-430x/mmpy-16/libc.a(memcmp.o)
                0x00000000000084da                memcmp
 .text          0x000000000000850e      0x104 /usr/lib/gcc/msp430/4.5.3/../../../../msp430/lib/mcpu-430x/mmpy-16/libc.a(memcpy.o)
                0x000000000000850e                memcpy
 .text          0x0000000000008612       0x66 /usr/lib/gcc/msp430/4.5.3/../../../../msp430/lib/mcpu-430x/mmpy-16/libc.a(memset.o)
                0x0000000000008612                memset
 .text          0x0000000000008678       0x20 /usr/lib/gcc/msp430/4.5.3/../../../../msp430/lib/mcpu-430x/mmpy-16/libc.a(printf.o)
                0x0000000000008678                printf
                0x000000000000868a                vprintf
 .text          0x0000000000008698      0x476 /usr/lib/gcc/msp430/4.5.3/../../../../msp430/lib/mcpu-430x/mmpy-16/libc.a(vuprintf.o)
                0x00000000000087a4                vuprintf
 .text          0x0000000000008b0e       0x2c /usr/lib/gcc/msp430/4.5.3/../../../../msp430/lib/mcpu-430x/mmpy-16/libc.a(puts.o)
                0x0000000000008b0e                puts
 .text          0x0000000000008b3a      0x134 /usr/lib/gcc/msp430/4.5.3/../../../../msp430/lib/mcpu-430x/mmpy-16/libc.a(rand.o)
                0x0000000000008b3a                rand_r
                0x0000000000008bce                rand
                0x0000000000008c64                srand
 .text          0x0000000000008c6e        0x0 /usr/lib/gcc/msp430/4.5.3/mcpu-430x/mmpy-16/libcrt0.a(_reset_vector__.o)
 .text          0x0000000000008c6e        0x0 /usr/lib/gcc/msp430/4.5.3/mcpu-430x/mmpy-16/libcrt0.a(__init_stack.o)
 .text          0x0000000000008c6e        0x0 /usr/lib/gcc/msp430/4.5.3/mcpu-430x/mmpy-16/libcrt0.a(__low_level_init.o)
 .text          0x0000000000008c6e        0x0 /usr/lib/gcc/msp430/4.5.3/mcpu-430x/mmpy-16/libcrt0.a(_copy_data.o)
 .text          0x0000000000008c6e        0x0 /usr/lib/gcc/msp430/4.5.3/mcpu-430x/mmpy-16/libcrt0.a(_clear_bss.o)
 .text          0x0000000000008c6e        0x0 /usr/lib/gcc/msp430/4.5.3/mcpu-430x/mmpy-16/libcrt0.a(__stop_progExec__.o)
 .text          0x0000000000008c6e        0x0 /usr/lib/gcc/msp430/4.5.3/mcpu-430x/mmpy-16/libcrt0.a(_endless_loop__.o)
 .text          0x0000000000008c6e        0x0 /usr/lib/gcc/msp430/4.5.3/mcpu-430x/mmpy-16/libcrt0.a(_unexpected_.o)
                0x0000000000008c6e                . = ALIGN (0x2)
 *(.text.*)
 .text.crt0     0x0000000000008c6e        0x0 /usr/lib/gcc/msp430/4.5.3/mcpu-430x/mmpy-16/crt0ivtbl32.o
 .text.libgcc   0x0000000000008c6e       0x20 /usr/lib/gcc/msp430/4.5.3/mcpu-430x/mmpy-16/libgcc.a(_mulsi3.o)
                0x0000000000008c6e                __mulsi3
 .text.libgcc   0x0000000000008c8e       0x1c /usr/lib/gcc/msp430/4.5.3/mcpu-430x/mmpy-16/libgcc.a(_udivmodhi4.o)
                0x0000000000008c8e                __udivmodhi4
 .text.libgcc   0x0000000000008caa       0x36 /usr/lib/gcc/msp430/4.5.3/mcpu-430x/mmpy-16/libgcc.a(_divmodhi4.o)
                0x0000000000008caa                __divmodhi4
 .text.libgcc   0x0000000000008ce0       0x2a /usr/lib/gcc/msp430/4.5.3/mcpu-430x/mmpy-16/libgcc.a(_udivmodsi4.o)
                0x0000000000008ce0                __udivmodsi4
 .text.crt0     0x0000000000008d0a        0x2 /usr/lib/gcc/msp430/4.5.3/mcpu-430x/mmpy-16/libcrt0.a(_unexpected_.o)
                0x0000000000008d0a                _unexpected_

.rodata         0x0000000000008d0c        0x0
                0x0000000000008d0c                . = ALIGN (0x2)
 *(.rodata .rodata.* .gnu.linkonce.r.*)
                0x0000000000008d0c                . = ALIGN (0x2)
                0x0000000000008d0c                _etext = .

.data           0x0000000000001100       0xae load address 0x0000000000008d0c
                0x0000000000001100                . = ALIGN (0x2)
                0x0000000000001100                PROVIDE (__data_start, .)
 *(.data)
 .data          0x0000000000001100        0x0 /usr/lib/gcc/msp430/4.5.3/mcpu-430x/mmpy-16/crt0ivtbl32.o
 .data          0x0000000000001100        0xa burn-nodeid.co
                0x0000000000001100                burn_process
 .data          0x000000000000110a        0x4 obj_z1/contiki-z1-main.o
                0x000000000000110a                sensors
 .data          0x000000000000110e        0x0 contiki-z1.a(rimeaddr.o)
 .data          0x000000000000110e        0x0 contiki-z1.a(rime.o)
 .data          0x000000000000110e        0x0 contiki-z1.a(announcement.o)
 .data          0x000000000000110e        0x0 contiki-z1.a(broadcast-annou)
 .data          0x000000000000110e        0x0 contiki-z1.a(broadcast.o)
 .data          0x000000000000110e        0x0 contiki-z1.a(abc.o)
 .data          0x000000000000110e        0x0 contiki-z1.a(chameleon.o)
 .data          0x000000000000110e        0x0 contiki-z1.a(channel.o)
 .data          0x000000000000110e        0x0 contiki-z1.a(chameleon-bitop)
 .data          0x000000000000110e       0x18 contiki-z1.a(csma.o)
 .data          0x0000000000001126        0x0 contiki-z1.a(contikimac.o)
 .data          0x0000000000001126       0x10 contiki-z1.a(phase.o)
 .data          0x0000000000001136        0x0 contiki-z1.a(process.o)
 .data          0x0000000000001136        0x0 contiki-z1.a(autostart.o)
 .data          0x0000000000001136        0x0 contiki-z1.a(compower.o)
 .data          0x0000000000001136        0xa contiki-z1.a(serial-line.o)
                0x0000000000001136                serial_line_process
 .data          0x0000000000001140        0x0 contiki-z1.a(memb.o)
 .data          0x0000000000001140        0x0 contiki-z1.a(timer.o)
 .data          0x0000000000001140        0x0 contiki-z1.a(list.o)
 .data          0x0000000000001140        0xa contiki-z1.a(etimer.o)
                0x0000000000001140                etimer_process
 .data          0x000000000000114a        0xa contiki-z1.a(ctimer.o)
                0x000000000000114a                ctimer_process
 .data          0x0000000000001154        0x0 contiki-z1.a(energest.o)
 .data          0x0000000000001154        0x0 contiki-z1.a(rtimer.o)
 .data          0x0000000000001154        0x0 contiki-z1.a(random.o)
 .data          0x0000000000001154        0x0 contiki-z1.a(ringbuf.o)
 .data          0x0000000000001154        0x8 contiki-z1.a(nbr-table.o)
 .data          0x000000000000115c        0x0 contiki-z1.a(packetbuf.o)
 .data          0x000000000000115c       0x18 contiki-z1.a(queuebuf.o)
 .data          0x0000000000001174        0x0 contiki-z1.a(contiki-z1-plat)
 .data          0x0000000000001174        0x2 contiki-z1.a(msp430.o)
 .data          0x0000000000001176        0x0 contiki-z1.a(leds.o)
 .data          0x0000000000001176        0x0 contiki-z1.a(watchdog.o)
 .data          0x0000000000001176        0x0 contiki-z1.a(xmem.o)
 .data          0x0000000000001176        0x0 contiki-z1.a(spi.o)
 .data          0x0000000000001176        0xa contiki-z1.a(cc2420.o)
                0x0000000000001176                cc2420_process
 .data          0x0000000000001180        0x0 contiki-z1.a(cc2420-arch.o)
 .data          0x0000000000001180        0x0 contiki-z1.a(node-id.o)
 .data          0x0000000000001180        0xa contiki-z1.a(sensors.o)
                0x0000000000001180                sensors_process
 .data          0x000000000000118a        0x0 contiki-z1.a(button-sensor.o)
 .data          0x000000000000118a        0x0 contiki-z1.a(uart0.o)
 .data          0x000000000000118a        0x0 contiki-z1.a(uart0-putchar.o)
 .data          0x000000000000118a       0x20 contiki-z1.a(adxl345.o)
                0x000000000000118a                accmeter_process
 .data          0x00000000000011aa        0x0 contiki-z1.a(clock.o)
 .data          0x00000000000011aa        0x0 contiki-z1.a(leds-arch.o)
 .data          0x00000000000011aa        0x0 contiki-z1.a(rtimer-arch.o)
 .data          0x00000000000011aa        0x0 contiki-z1.a(mac.o)
 .data          0x00000000000011aa        0x0 contiki-z1.a(framer-802154.o)
 .data          0x00000000000011aa        0x0 contiki-z1.a(i2cmaster.o)
 .data          0x00000000000011aa        0x0 contiki-z1.a(frame802154.o)
 .data          0x00000000000011aa        0x0 /usr/lib/gcc/msp430/4.5.3/mcpu-430x/mmpy-16/libgcc.a(_mulsi3.o)
 .data          0x00000000000011aa        0x0 /usr/lib/gcc/msp430/4.5.3/mcpu-430x/mmpy-16/libgcc.a(_udivmodhi4.o)
 .data          0x00000000000011aa        0x0 /usr/lib/gcc/msp430/4.5.3/mcpu-430x/mmpy-16/libgcc.a(_divmodhi4.o)
 .data          0x00000000000011aa        0x0 /usr/lib/gcc/msp430/4.5.3/mcpu-430x/mmpy-16/libgcc.a(_udivmodsi4.o)
 .data          0x00000000000011aa        0x0 /usr/lib/gcc/msp430/4.5.3/../../../../msp430/lib/mcpu-430x/mmpy-16/libc.a(strncmp.o)
 .data          0x00000000000011aa        0x0 /usr/lib/gcc/msp430/4.5.3/../../../../msp430/lib/mcpu-430x/mmpy-16/libc.a(memcmp.o)
 .data          0x00000000000011aa        0x0 /usr/lib/gcc/msp430/4.5.3/../../../../msp430/lib/mcpu-430x/mmpy-16/libc.a(memcpy.o)
 .data          0x00000000000011aa        0x0 /usr/lib/gcc/msp430/4.5.3/../../../../msp430/lib/mcpu-430x/mmpy-16/libc.a(memset.o)
 .data          0x00000000000011aa        0x0 /usr/lib/gcc/msp430/4.5.3/../../../../msp430/lib/mcpu-430x/mmpy-16/libc.a(printf.o)
 .data          0x00000000000011aa        0x0 /usr/lib/gcc/msp430/4.5.3/../../../../msp430/lib/mcpu-430x/mmpy-16/libc.a(vuprintf.o)
 .data          0x00000000000011aa        0x0 /usr/lib/gcc/msp430/4.5.3/../../../../msp430/lib/mcpu-430x/mmpy-16/libc.a(puts.o)
 .data          0x00000000000011aa        0x4 /usr/lib/gcc/msp430/4.5.3/../../../../msp430/lib/mcpu-430x/mmpy-16/libc.a(rand.o)
 .data          0x00000000000011ae        0x0 /usr/lib/gcc/msp430/4.5.3/mcpu-430x/mmpy-16/libcrt0.a(_reset_vector__.o)
 .data          0x00000000000011ae        0x0 /usr/lib/gcc/msp430/4.5.3/mcpu-430x/mmpy-16/libcrt0.a(__init_stack.o)
 .data          0x00000000000011ae        0x0 /usr/lib/gcc/msp430/4.5.3/mcpu-430x/mmpy-16/libcrt0.a(__low_level_init.o)
 .data          0x00000000000011ae        0x0 /usr/lib/gcc/msp430/4.5.3/mcpu-430x/mmpy-16/libcrt0.a(_copy_data.o)
 .data          0x00000000000011ae        0x0 /usr/lib/gcc/msp430/4.5.3/mcpu-430x/mmpy-16/libcrt0.a(_clear_bss.o)
 .data          0x00000000000011ae        0x0 /usr/lib/gcc/msp430/4.5.3/mcpu-430x/mmpy-16/libcrt0.a(__stop_progExec__.o)
 .data          0x00000000000011ae        0x0 /usr/lib/gcc/msp430/4.5.3/mcpu-430x/mmpy-16/libcrt0.a(_endless_loop__.o)
 .data          0x00000000000011ae        0x0 /usr/lib/gcc/msp430/4.5.3/mcpu-430x/mmpy-16/libcrt0.a(_unexpected_.o)
 *(SORT(.data.*))
                0x00000000000011ae                . = ALIGN (0x2)
 *(.gnu.linkonce.d*)
                0x00000000000011ae                . = ALIGN (0x2)
                0x00000000000011ae                _edata = .
                0x0000000000008d0c                PROVIDE (__data_load_start, LOADADDR (.data))
                0x00000000000000ae                PROVIDE (__data_size, SIZEOF (.data))

.bss            0x00000000000011ae      0xcb8 load address 0x0000000000008dba
                0x00000000000011ae                PROVIDE (__bss_start, .)
 *(.bss)
 .bss           0x00000000000011ae        0x0 /usr/lib/gcc/msp430/4.5.3/mcpu-430x/mmpy-16/crt0ivtbl32.o
 .bss           0x00000000000011ae        0xc burn-nodeid.co
 .bss           0x00000000000011ba        0x4 obj_z1/contiki-z1-main.o
 .bss           0x00000000000011be        0x0 contiki-z1.a(rimeaddr.o)
 .bss           0x00000000000011be        0x2 contiki-z1.a(rime.o)
 .bss           0x00000000000011c0        0x6 contiki-z1.a(announcement.o)
 .bss           0x00000000000011c6       0x48 contiki-z1.a(broadcast-annou)
 .bss           0x000000000000120e        0x0 contiki-z1.a(broadcast.o)
 .bss           0x000000000000120e        0x0 contiki-z1.a(abc.o)
 .bss           0x000000000000120e        0x0 contiki-z1.a(chameleon.o)
 .bss           0x000000000000120e        0x2 contiki-z1.a(channel.o)
 .bss           0x0000000000001210        0x0 contiki-z1.a(chameleon-bitop)
 .bss           0x0000000000001210       0xb6 contiki-z1.a(csma.o)
 .bss           0x00000000000012c6       0x78 contiki-z1.a(contikimac.o)
 .bss           0x000000000000133e      0x148 contiki-z1.a(phase.o)
 .bss           0x0000000000001486       0x42 contiki-z1.a(process.o)
                0x0000000000001486                process_list
                0x0000000000001488                process_current
 .bss           0x00000000000014c8        0x0 contiki-z1.a(autostart.o)
 .bss           0x00000000000014c8        0x8 contiki-z1.a(compower.o)
 .bss           0x00000000000014d0      0x10a contiki-z1.a(serial-line.o)
 .bss           0x00000000000015da        0x0 contiki-z1.a(memb.o)
 .bss           0x00000000000015da        0x0 contiki-z1.a(timer.o)
 .bss           0x00000000000015da        0x0 contiki-z1.a(list.o)
 .bss           0x00000000000015da        0x6 contiki-z1.a(etimer.o)
 .bss           0x00000000000015e0        0x4 contiki-z1.a(ctimer.o)
 .bss           0x00000000000015e4        0x0 contiki-z1.a(energest.o)
 .bss           0x00000000000015e4        0x2 contiki-z1.a(rtimer.o)
 .bss           0x00000000000015e6        0x0 contiki-z1.a(random.o)
 .bss           0x00000000000015e6        0x0 contiki-z1.a(ringbuf.o)
 .bss           0x00000000000015e6       0x4c contiki-z1.a(nbr-table.o)
 .bss           0x0000000000001632       0xba contiki-z1.a(packetbuf.o)
 .bss           0x00000000000016ec      0x65e contiki-z1.a(queuebuf.o)
 .bss           0x0000000000001d4a        0x0 contiki-z1.a(contiki-z1-plat)
 .bss           0x0000000000001d4a        0x0 contiki-z1.a(msp430.o)
 .bss           0x0000000000001d4a        0x2 contiki-z1.a(leds.o)
 .bss           0x0000000000001d4c        0x2 contiki-z1.a(watchdog.o)
 .bss           0x0000000000001d4e        0x0 contiki-z1.a(xmem.o)
 .bss           0x0000000000001d4e        0x2 contiki-z1.a(spi.o)
                0x0000000000001d4e                spi_busy
 .bss           0x0000000000001d50        0xa contiki-z1.a(cc2420.o)
 .bss           0x0000000000001d5a        0x0 contiki-z1.a(cc2420-arch.o)
 .bss           0x0000000000001d5a        0x2 contiki-z1.a(node-id.o)
                0x0000000000001d5a                node_id
 .bss           0x0000000000001d5c        0x6 contiki-z1.a(sensors.o)
 .bss           0x0000000000001d62        0x8 contiki-z1.a(button-sensor.o)
 .bss           0x0000000000001d6a        0x4 contiki-z1.a(uart0.o)
 .bss           0x0000000000001d6e        0x0 contiki-z1.a(uart0-putchar.o)
 .bss           0x0000000000001d6e       0x16 contiki-z1.a(adxl345.o)
 .bss           0x0000000000001d84        0xa contiki-z1.a(clock.o)
 .bss           0x0000000000001d8e        0x0 contiki-z1.a(leds-arch.o)
 .bss           0x0000000000001d8e        0x0 contiki-z1.a(rtimer-arch.o)
 .bss           0x0000000000001d8e        0x0 contiki-z1.a(mac.o)
 .bss           0x0000000000001d8e        0x2 contiki-z1.a(framer-802154.o)
 .bss           0x0000000000001d90        0x2 contiki-z1.a(i2cmaster.o)
 .bss           0x0000000000001d92        0x0 contiki-z1.a(frame802154.o)
 .bss           0x0000000000001d92        0x0 /usr/lib/gcc/msp430/4.5.3/mcpu-430x/mmpy-16/libgcc.a(_mulsi3.o)
 .bss           0x0000000000001d92        0x0 /usr/lib/gcc/msp430/4.5.3/mcpu-430x/mmpy-16/libgcc.a(_udivmodhi4.o)
 .bss           0x0000000000001d92        0x0 /usr/lib/gcc/msp430/4.5.3/mcpu-430x/mmpy-16/libgcc.a(_divmodhi4.o)
 .bss           0x0000000000001d92        0x0 /usr/lib/gcc/msp430/4.5.3/mcpu-430x/mmpy-16/libgcc.a(_udivmodsi4.o)
 .bss           0x0000000000001d92        0x0 /usr/lib/gcc/msp430/4.5.3/../../../../msp430/lib/mcpu-430x/mmpy-16/libc.a(strncmp.o)
 .bss           0x0000000000001d92        0x0 /usr/lib/gcc/msp430/4.5.3/../../../../msp430/lib/mcpu-430x/mmpy-16/libc.a(memcmp.o)
 .bss           0x0000000000001d92        0x0 /usr/lib/gcc/msp430/4.5.3/../../../../msp430/lib/mcpu-430x/mmpy-16/libc.a(memcpy.o)
 .bss           0x0000000000001d92        0x0 /usr/lib/gcc/msp430/4.5.3/../../../../msp430/lib/mcpu-430x/mmpy-16/libc.a(memset.o)
 .bss           0x0000000000001d92        0x0 /usr/lib/gcc/msp430/4.5.3/../../../../msp430/lib/mcpu-430x/mmpy-16/libc.a(printf.o)
 .bss           0x0000000000001d92        0x0 /usr/lib/gcc/msp430/4.5.3/../../../../msp430/lib/mcpu-430x/mmpy-16/libc.a(vuprintf.o)
 .bss           0x0000000000001d92        0x0 /usr/lib/gcc/msp430/4.5.3/../../../../msp430/lib/mcpu-430x/mmpy-16/libc.a(puts.o)
 .bss           0x0000000000001d92        0x0 /usr/lib/gcc/msp430/4.5.3/../../../../msp430/lib/mcpu-430x/mmpy-16/libc.a(rand.o)
 .bss           0x0000000000001d92        0x0 /usr/lib/gcc/msp430/4.5.3/mcpu-430x/mmpy-16/libcrt0.a(_reset_vector__.o)
 .bss           0x0000000000001d92        0x0 /usr/lib/gcc/msp430/4.5.3/mcpu-430x/mmpy-16/libcrt0.a(__init_stack.o)
 .bss           0x0000000000001d92        0x0 /usr/lib/gcc/msp430/4.5.3/mcpu-430x/mmpy-16/libcrt0.a(__low_level_init.o)
 .bss           0x0000000000001d92        0x0 /usr/lib/gcc/msp430/4.5.3/mcpu-430x/mmpy-16/libcrt0.a(_copy_data.o)
 .bss           0x0000000000001d92        0x0 /usr/lib/gcc/msp430/4.5.3/mcpu-430x/mmpy-16/libcrt0.a(_clear_bss.o)
 .bss           0x0000000000001d92        0x0 /usr/lib/gcc/msp430/4.5.3/mcpu-430x/mmpy-16/libcrt0.a(__stop_progExec__.o)
 .bss           0x0000000000001d92        0x0 /usr/lib/gcc/msp430/4.5.3/mcpu-430x/mmpy-16/libcrt0.a(_endless_loop__.o)
 .bss           0x0000000000001d92        0x0 /usr/lib/gcc/msp430/4.5.3/mcpu-430x/mmpy-16/libcrt0.a(_unexpected_.o)
 *(SORT(.bss.*))
 *(COMMON)
 COMMON         0x0000000000001d92        0x2 obj_z1/contiki-z1-main.o
                0x0000000000001d92                sensors_flags
 COMMON         0x0000000000001d94        0x2 contiki-z1.a(rimeaddr.o)
                0x0000000000001d94                rimeaddr_node_addr
 COMMON         0x0000000000001d96        0x1 contiki-z1.a(process.o)
                0x0000000000001d96                process_maxevents
 *fill*         0x0000000000001d97        0x1 00
 COMMON         0x0000000000001d98        0x8 contiki-z1.a(compower.o)
                0x0000000000001d98                compower_idle_activity
 COMMON         0x0000000000001da0        0x1 contiki-z1.a(serial-line.o)
                0x0000000000001da0                serial_line_event_message
 *fill*         0x0000000000001da1        0x1 00
 COMMON         0x0000000000001da2       0x56 contiki-z1.a(energest.o)
                0x0000000000001da2                energest_total_time
                0x0000000000001dd2                energest_total_count
                0x0000000000001dd4                energest_current_mode
                0x0000000000001de0                energest_current_time
 COMMON         0x0000000000001df8       0x38 contiki-z1.a(packetbuf.o)
                0x0000000000001df8                packetbuf_addrs
                0x0000000000001e00                packetbuf_attrs
 COMMON         0x0000000000001e30       0x14 contiki-z1.a(cc2420.o)
                0x0000000000001e30                cc2420_last_rssi
                0x0000000000001e32                cc2420_packets_read
                0x0000000000001e34                cc2420_packets_seen
                0x0000000000001e36                cc2420_sfd_start_time
                0x0000000000001e38                cc2420_time_of_departure
                0x0000000000001e3a                cc2420_time_of_arrival
                0x0000000000001e3c                cc2420_last_correlation
                0x0000000000001e3e                cc2420_authority_level_of_sender
                0x0000000000001e40                cc2420_sfd_counter
                0x0000000000001e42                cc2420_sfd_end_time
 COMMON         0x0000000000001e44        0x8 contiki-z1.a(node-id.o)
                0x0000000000001e44                node_mac
 COMMON         0x0000000000001e4c        0x1 contiki-z1.a(sensors.o)
                0x0000000000001e4c                sensors_event
 *fill*         0x0000000000001e4d        0x1 00
 COMMON         0x0000000000001e4e        0x7 contiki-z1.a(adxl345.o)
                0x0000000000001e4e                accm_int2_cb
                0x0000000000001e50                int2_event
                0x0000000000001e52                accm_int1_cb
                0x0000000000001e54                int1_event
 *fill*         0x0000000000001e55        0x1 00
 COMMON         0x0000000000001e56       0x10 contiki-z1.a(i2cmaster.o)
                0x0000000000001e56                transmit_data1
                0x0000000000001e57                rx_byte_ctr
                0x0000000000001e58                tx_buf_ptr
                0x0000000000001e5a                tx_byte_ctr
                0x0000000000001e5c                i
                0x0000000000001e5e                receive_data
                0x0000000000001e60                rx_buf
                0x0000000000001e62                transmit_data2
                0x0000000000001e64                rx_buf_ptr
                0x0000000000001e66                PROVIDE (__bss_end, .)
                0x0000000000001e66                _end = .
                0x0000000000000cb8                PROVIDE (__bss_size, SIZEOF (.bss))

.noinit         0x0000000000001e66        0x0 load address 0x0000000000008dba
                0x0000000000001e66                PROVIDE (__noinit_start, .)
 *(.noinit)
 *(.noinit.*)
 *(COMMON)
                0x0000000000001e66                PROVIDE (__noinit_end, .)
                0x0000000000001e66                _end = .

.infomem        0x0000000000001000        0x0
 *(.infomem)
                0x0000000000001000                . = ALIGN (0x2)
 *(.infomem.*)

.infomemnobits  0x0000000000001000        0x0
                0x0000000000001000                . = ALIGN (0x2)
 *(.infomemnobits)
                0x0000000000001000                . = ALIGN (0x2)
 *(.infomemnobits.*)

.vectors        0x000000000000ffc0       0x40
                0x000000000000ffc0                PROVIDE (__vectors_start, .)
 *(.vectors*)
 .vectors       0x000000000000ffc0       0x40 /usr/lib/gcc/msp430/4.5.3/mcpu-430x/mmpy-16/crt0ivtbl32.o
                0x000000000000ffc0                __ivtbl_32
                0x0000000000010000                _vectors_end = .

.fartext        0x0000000000010000        0x0
                0x0000000000010000                . = ALIGN (0x2)
 *(.fartext)
                0x0000000000010000                . = ALIGN (0x2)
 *(.fartext.*)
                0x0000000000010000                _efartext = .

.profiler
 *(.profiler)

.stab
 *(.stab)

.stabstr
 *(.stabstr)

.stab.excl
 *(.stab.excl)

.stab.exclstr
 *(.stab.exclstr)

.stab.index
 *(.stab.index)

.stab.indexstr
 *(.stab.indexstr)

.comment
 *(.comment)

.debug
 *(.debug)

.line
 *(.line)

.debug_srcinfo
 *(.debug_srcinfo)

.debug_sfnames
 *(.debug_sfnames)

.debug_aranges  0x0000000000000000      0x168
 *(.debug_aranges)
 .debug_aranges
                0x0000000000000000       0x14 /usr/lib/gcc/msp430/4.5.3/mcpu-430x/mmpy-16/libgcc.a(_mulsi3.o)
 .debug_aranges
                0x0000000000000014       0x14 /usr/lib/gcc/msp430/4.5.3/mcpu-430x/mmpy-16/libgcc.a(_udivmodhi4.o)
 .debug_aranges
                0x0000000000000028       0x14 /usr/lib/gcc/msp430/4.5.3/mcpu-430x/mmpy-16/libgcc.a(_divmodhi4.o)
 .debug_aranges
                0x000000000000003c       0x14 /usr/lib/gcc/msp430/4.5.3/mcpu-430x/mmpy-16/libgcc.a(_udivmodsi4.o)
 .debug_aranges
                0x0000000000000050       0x14 /usr/lib/gcc/msp430/4.5.3/../../../../msp430/lib/mcpu-430x/mmpy-16/libc.a(strncmp.o)
 .debug_aranges
                0x0000000000000064       0x14 /usr/lib/gcc/msp430/4.5.3/../../../../msp430/lib/mcpu-430x/mmpy-16/libc.a(memcmp.o)
 .debug_aranges
                0x0000000000000078       0x14 /usr/lib/gcc/msp430/4.5.3/../../../../msp430/lib/mcpu-430x/mmpy-16/libc.a(memcpy.o)
 .debug_aranges
                0x000000000000008c       0x14 /usr/lib/gcc/msp430/4.5.3/../../../../msp430/lib/mcpu-430x/mmpy-16/libc.a(memset.o)
 .debug_aranges
                0x00000000000000a0       0x14 /usr/lib/gcc/msp430/4.5.3/../../../../msp430/lib/mcpu-430x/mmpy-16/libc.a(printf.o)
 .debug_aranges
                0x00000000000000b4       0x14 /usr/lib/gcc/msp430/4.5.3/../../../../msp430/lib/mcpu-430x/mmpy-16/libc.a(vuprintf.o)
 .debug_aranges
                0x00000000000000c8       0x14 /usr/lib/gcc/msp430/4.5.3/../../../../msp430/lib/mcpu-430x/mmpy-16/libc.a(puts.o)
 .debug_aranges
                0x00000000000000dc       0x14 /usr/lib/gcc/msp430/4.5.3/../../../../msp430/lib/mcpu-430x/mmpy-16/libc.a(rand.o)
 .debug_aranges
                0x00000000000000f0       0x14 /usr/lib/gcc/msp430/4.5.3/mcpu-430x/mmpy-16/libcrt0.a(__init_stack.o)
 .debug_aranges
                0x0000000000000104       0x14 /usr/lib/gcc/msp430/4.5.3/mcpu-430x/mmpy-16/libcrt0.a(__low_level_init.o)
 .debug_aranges
                0x0000000000000118       0x14 /usr/lib/gcc/msp430/4.5.3/mcpu-430x/mmpy-16/libcrt0.a(_copy_data.o)
 .debug_aranges
                0x000000000000012c       0x14 /usr/lib/gcc/msp430/4.5.3/mcpu-430x/mmpy-16/libcrt0.a(_clear_bss.o)
 .debug_aranges
                0x0000000000000140       0x14 /usr/lib/gcc/msp430/4.5.3/mcpu-430x/mmpy-16/libcrt0.a(_endless_loop__.o)
 .debug_aranges
                0x0000000000000154       0x14 /usr/lib/gcc/msp430/4.5.3/mcpu-430x/mmpy-16/libcrt0.a(_unexpected_.o)

.debug_pubnames
                0x0000000000000000      0x108
 *(.debug_pubnames)
 .debug_pubnames
                0x0000000000000000       0x1e /usr/lib/gcc/msp430/4.5.3/../../../../msp430/lib/mcpu-430x/mmpy-16/libc.a(strncmp.o)
 .debug_pubnames
                0x000000000000001e       0x1d /usr/lib/gcc/msp430/4.5.3/../../../../msp430/lib/mcpu-430x/mmpy-16/libc.a(memcmp.o)
 .debug_pubnames
                0x000000000000003b       0x1d /usr/lib/gcc/msp430/4.5.3/../../../../msp430/lib/mcpu-430x/mmpy-16/libc.a(memcpy.o)
 .debug_pubnames
                0x0000000000000058       0x1d /usr/lib/gcc/msp430/4.5.3/../../../../msp430/lib/mcpu-430x/mmpy-16/libc.a(memset.o)
 .debug_pubnames
                0x0000000000000075       0x29 /usr/lib/gcc/msp430/4.5.3/../../../../msp430/lib/mcpu-430x/mmpy-16/libc.a(printf.o)
 .debug_pubnames
                0x000000000000009e       0x1f /usr/lib/gcc/msp430/4.5.3/../../../../msp430/lib/mcpu-430x/mmpy-16/libc.a(vuprintf.o)
 .debug_pubnames
                0x00000000000000bd       0x1b /usr/lib/gcc/msp430/4.5.3/../../../../msp430/lib/mcpu-430x/mmpy-16/libc.a(puts.o)
 .debug_pubnames
                0x00000000000000d8       0x30 /usr/lib/gcc/msp430/4.5.3/../../../../msp430/lib/mcpu-430x/mmpy-16/libc.a(rand.o)

.debug_info     0x0000000000000000     0x120d
 *(.debug_info)
 .debug_info    0x0000000000000000       0xe1 /usr/lib/gcc/msp430/4.5.3/mcpu-430x/mmpy-16/libgcc.a(_mulsi3.o)
 .debug_info    0x00000000000000e1       0xe1 /usr/lib/gcc/msp430/4.5.3/mcpu-430x/mmpy-16/libgcc.a(_udivmodhi4.o)
 .debug_info    0x00000000000001c2       0xe1 /usr/lib/gcc/msp430/4.5.3/mcpu-430x/mmpy-16/libgcc.a(_divmodhi4.o)
 .debug_info    0x00000000000002a3       0xe1 /usr/lib/gcc/msp430/4.5.3/mcpu-430x/mmpy-16/libgcc.a(_udivmodsi4.o)
 .debug_info    0x0000000000000384       0xbd /usr/lib/gcc/msp430/4.5.3/../../../../msp430/lib/mcpu-430x/mmpy-16/libc.a(strncmp.o)
 .debug_info    0x0000000000000441       0xe2 /usr/lib/gcc/msp430/4.5.3/../../../../msp430/lib/mcpu-430x/mmpy-16/libc.a(memcmp.o)
 .debug_info    0x0000000000000523      0x111 /usr/lib/gcc/msp430/4.5.3/../../../../msp430/lib/mcpu-430x/mmpy-16/libc.a(memcpy.o)
 .debug_info    0x0000000000000634       0xfe /usr/lib/gcc/msp430/4.5.3/../../../../msp430/lib/mcpu-430x/mmpy-16/libc.a(memset.o)
 .debug_info    0x0000000000000732      0x103 /usr/lib/gcc/msp430/4.5.3/../../../../msp430/lib/mcpu-430x/mmpy-16/libc.a(printf.o)
 .debug_info    0x0000000000000835      0x3b5 /usr/lib/gcc/msp430/4.5.3/../../../../msp430/lib/mcpu-430x/mmpy-16/libc.a(vuprintf.o)
 .debug_info    0x0000000000000bea       0x96 /usr/lib/gcc/msp430/4.5.3/../../../../msp430/lib/mcpu-430x/mmpy-16/libc.a(puts.o)
 .debug_info    0x0000000000000c80      0x137 /usr/lib/gcc/msp430/4.5.3/../../../../msp430/lib/mcpu-430x/mmpy-16/libc.a(rand.o)
 .debug_info    0x0000000000000db7       0xb9 /usr/lib/gcc/msp430/4.5.3/mcpu-430x/mmpy-16/libcrt0.a(__init_stack.o)
 .debug_info    0x0000000000000e70       0xb9 /usr/lib/gcc/msp430/4.5.3/mcpu-430x/mmpy-16/libcrt0.a(__low_level_init.o)
 .debug_info    0x0000000000000f29       0xb9 /usr/lib/gcc/msp430/4.5.3/mcpu-430x/mmpy-16/libcrt0.a(_copy_data.o)
 .debug_info    0x0000000000000fe2       0xb9 /usr/lib/gcc/msp430/4.5.3/mcpu-430x/mmpy-16/libcrt0.a(_clear_bss.o)
 .debug_info    0x000000000000109b       0xb9 /usr/lib/gcc/msp430/4.5.3/mcpu-430x/mmpy-16/libcrt0.a(_endless_loop__.o)
 .debug_info    0x0000000000001154       0xb9 /usr/lib/gcc/msp430/4.5.3/mcpu-430x/mmpy-16/libcrt0.a(_unexpected_.o)
 *(.gnu.linkonce.wi.*)

.debug_abbrev   0x0000000000000000      0x6c7
 *(.debug_abbrev)
 .debug_abbrev  0x0000000000000000       0x14 /usr/lib/gcc/msp430/4.5.3/mcpu-430x/mmpy-16/libgcc.a(_mulsi3.o)
 .debug_abbrev  0x0000000000000014       0x14 /usr/lib/gcc/msp430/4.5.3/mcpu-430x/mmpy-16/libgcc.a(_udivmodhi4.o)
 .debug_abbrev  0x0000000000000028       0x14 /usr/lib/gcc/msp430/4.5.3/mcpu-430x/mmpy-16/libgcc.a(_divmodhi4.o)
 .debug_abbrev  0x000000000000003c       0x14 /usr/lib/gcc/msp430/4.5.3/mcpu-430x/mmpy-16/libgcc.a(_udivmodsi4.o)
 .debug_abbrev  0x0000000000000050       0x6d /usr/lib/gcc/msp430/4.5.3/../../../../msp430/lib/mcpu-430x/mmpy-16/libc.a(strncmp.o)
 .debug_abbrev  0x00000000000000bd       0x8a /usr/lib/gcc/msp430/4.5.3/../../../../msp430/lib/mcpu-430x/mmpy-16/libc.a(memcmp.o)
 .debug_abbrev  0x0000000000000147       0xa6 /usr/lib/gcc/msp430/4.5.3/../../../../msp430/lib/mcpu-430x/mmpy-16/libc.a(memcpy.o)
 .debug_abbrev  0x00000000000001ed       0x8d /usr/lib/gcc/msp430/4.5.3/../../../../msp430/lib/mcpu-430x/mmpy-16/libc.a(memset.o)
 .debug_abbrev  0x000000000000027a       0xce /usr/lib/gcc/msp430/4.5.3/../../../../msp430/lib/mcpu-430x/mmpy-16/libc.a(printf.o)
 .debug_abbrev  0x0000000000000348      0x1cb /usr/lib/gcc/msp430/4.5.3/../../../../msp430/lib/mcpu-430x/mmpy-16/libc.a(vuprintf.o)
 .debug_abbrev  0x0000000000000513       0x60 /usr/lib/gcc/msp430/4.5.3/../../../../msp430/lib/mcpu-430x/mmpy-16/libc.a(puts.o)
 .debug_abbrev  0x0000000000000573       0xdc /usr/lib/gcc/msp430/4.5.3/../../../../msp430/lib/mcpu-430x/mmpy-16/libc.a(rand.o)
 .debug_abbrev  0x000000000000064f       0x14 /usr/lib/gcc/msp430/4.5.3/mcpu-430x/mmpy-16/libcrt0.a(__init_stack.o)
 .debug_abbrev  0x0000000000000663       0x14 /usr/lib/gcc/msp430/4.5.3/mcpu-430x/mmpy-16/libcrt0.a(__low_level_init.o)
 .debug_abbrev  0x0000000000000677       0x14 /usr/lib/gcc/msp430/4.5.3/mcpu-430x/mmpy-16/libcrt0.a(_copy_data.o)
 .debug_abbrev  0x000000000000068b       0x14 /usr/lib/gcc/msp430/4.5.3/mcpu-430x/mmpy-16/libcrt0.a(_clear_bss.o)
 .debug_abbrev  0x000000000000069f       0x14 /usr/lib/gcc/msp430/4.5.3/mcpu-430x/mmpy-16/libcrt0.a(_endless_loop__.o)
 .debug_abbrev  0x00000000000006b3       0x14 /usr/lib/gcc/msp430/4.5.3/mcpu-430x/mmpy-16/libcrt0.a(_unexpected_.o)

.debug_line     0x0000000000000000      0xae3
 *(.debug_line)
 .debug_line    0x0000000000000000       0x9d /usr/lib/gcc/msp430/4.5.3/mcpu-430x/mmpy-16/libgcc.a(_mulsi3.o)
 .debug_line    0x000000000000009d       0x9a /usr/lib/gcc/msp430/4.5.3/mcpu-430x/mmpy-16/libgcc.a(_udivmodhi4.o)
 .debug_line    0x0000000000000137       0xa5 /usr/lib/gcc/msp430/4.5.3/mcpu-430x/mmpy-16/libgcc.a(_divmodhi4.o)
 .debug_line    0x00000000000001dc       0xa1 /usr/lib/gcc/msp430/4.5.3/mcpu-430x/mmpy-16/libgcc.a(_udivmodsi4.o)
 .debug_line    0x000000000000027d       0x76 /usr/lib/gcc/msp430/4.5.3/../../../../msp430/lib/mcpu-430x/mmpy-16/libc.a(strncmp.o)
 .debug_line    0x00000000000002f3       0x7c /usr/lib/gcc/msp430/4.5.3/../../../../msp430/lib/mcpu-430x/mmpy-16/libc.a(memcmp.o)
 .debug_line    0x000000000000036f       0xf3 /usr/lib/gcc/msp430/4.5.3/../../../../msp430/lib/mcpu-430x/mmpy-16/libc.a(memcpy.o)
 .debug_line    0x0000000000000462       0xbd /usr/lib/gcc/msp430/4.5.3/../../../../msp430/lib/mcpu-430x/mmpy-16/libc.a(memset.o)
 .debug_line    0x000000000000051f       0x72 /usr/lib/gcc/msp430/4.5.3/../../../../msp430/lib/mcpu-430x/mmpy-16/libc.a(printf.o)
 .debug_line    0x0000000000000591      0x198 /usr/lib/gcc/msp430/4.5.3/../../../../msp430/lib/mcpu-430x/mmpy-16/libc.a(vuprintf.o)
 .debug_line    0x0000000000000729       0x4d /usr/lib/gcc/msp430/4.5.3/../../../../msp430/lib/mcpu-430x/mmpy-16/libc.a(puts.o)
 .debug_line    0x0000000000000776       0x52 /usr/lib/gcc/msp430/4.5.3/../../../../msp430/lib/mcpu-430x/mmpy-16/libc.a(rand.o)
 .debug_line    0x00000000000007c8       0x82 /usr/lib/gcc/msp430/4.5.3/mcpu-430x/mmpy-16/libcrt0.a(__init_stack.o)
 .debug_line    0x000000000000084a       0x84 /usr/lib/gcc/msp430/4.5.3/mcpu-430x/mmpy-16/libcrt0.a(__low_level_init.o)
 .debug_line    0x00000000000008ce       0x88 /usr/lib/gcc/msp430/4.5.3/mcpu-430x/mmpy-16/libcrt0.a(_copy_data.o)
 .debug_line    0x0000000000000956       0x88 /usr/lib/gcc/msp430/4.5.3/mcpu-430x/mmpy-16/libcrt0.a(_clear_bss.o)
 .debug_line    0x00000000000009de       0x83 /usr/lib/gcc/msp430/4.5.3/mcpu-430x/mmpy-16/libcrt0.a(_endless_loop__.o)
 .debug_line    0x0000000000000a61       0x82 /usr/lib/gcc/msp430/4.5.3/mcpu-430x/mmpy-16/libcrt0.a(_unexpected_.o)

.debug_frame    0x0000000000000000      0x1d0
 *(.debug_frame)
 .debug_frame   0x0000000000000000       0x24 /usr/lib/gcc/msp430/4.5.3/../../../../msp430/lib/mcpu-430x/mmpy-16/libc.a(strncmp.o)
 .debug_frame   0x0000000000000024       0x28 /usr/lib/gcc/msp430/4.5.3/../../../../msp430/lib/mcpu-430x/mmpy-16/libc.a(memcmp.o)
 .debug_frame   0x000000000000004c       0x32 /usr/lib/gcc/msp430/4.5.3/../../../../msp430/lib/mcpu-430x/mmpy-16/libc.a(memcpy.o)
 .debug_frame   0x000000000000007e       0x32 /usr/lib/gcc/msp430/4.5.3/../../../../msp430/lib/mcpu-430x/mmpy-16/libc.a(memset.o)
 .debug_frame   0x00000000000000b0       0x2a /usr/lib/gcc/msp430/4.5.3/../../../../msp430/lib/mcpu-430x/mmpy-16/libc.a(printf.o)
 .debug_frame   0x00000000000000da       0x82 /usr/lib/gcc/msp430/4.5.3/../../../../msp430/lib/mcpu-430x/mmpy-16/libc.a(vuprintf.o)
 .debug_frame   0x000000000000015c       0x24 /usr/lib/gcc/msp430/4.5.3/../../../../msp430/lib/mcpu-430x/mmpy-16/libc.a(puts.o)
 .debug_frame   0x0000000000000180       0x50 /usr/lib/gcc/msp430/4.5.3/../../../../msp430/lib/mcpu-430x/mmpy-16/libc.a(rand.o)

.debug_str      0x0000000000000000      0x2fc
 *(.debug_str)
 .debug_str     0x0000000000000000       0x9b /usr/lib/gcc/msp430/4.5.3/../../../../msp430/lib/mcpu-430x/mmpy-16/libc.a(strncmp.o)
                                         0xd4 (size before relaxing)
 .debug_str     0x000000000000009b       0x19 /usr/lib/gcc/msp430/4.5.3/../../../../msp430/lib/mcpu-430x/mmpy-16/libc.a(memcmp.o)
                                         0xd2 (size before relaxing)
 .debug_str     0x00000000000000b4       0x34 /usr/lib/gcc/msp430/4.5.3/../../../../msp430/lib/mcpu-430x/mmpy-16/libc.a(memcpy.o)
                                         0xed (size before relaxing)
 .debug_str     0x00000000000000e8       0x26 /usr/lib/gcc/msp430/4.5.3/../../../../msp430/lib/mcpu-430x/mmpy-16/libc.a(memset.o)
                                         0xeb (size before relaxing)
 .debug_str     0x000000000000010e       0x40 /usr/lib/gcc/msp430/4.5.3/../../../../msp430/lib/mcpu-430x/mmpy-16/libc.a(printf.o)
                                        0x101 (size before relaxing)
 .debug_str     0x000000000000014e      0x16a /usr/lib/gcc/msp430/4.5.3/../../../../msp430/lib/mcpu-430x/mmpy-16/libc.a(vuprintf.o)
                                        0x25d (size before relaxing)
 .debug_str     0x00000000000002b8       0x15 /usr/lib/gcc/msp430/4.5.3/../../../../msp430/lib/mcpu-430x/mmpy-16/libc.a(puts.o)
                                         0xc7 (size before relaxing)
 .debug_str     0x00000000000002cd       0x2f /usr/lib/gcc/msp430/4.5.3/../../../../msp430/lib/mcpu-430x/mmpy-16/libc.a(rand.o)
                                         0xe6 (size before relaxing)

.debug_loc      0x0000000000000000      0x8aa
 *(.debug_loc)
 .debug_loc     0x0000000000000000       0x63 /usr/lib/gcc/msp430/4.5.3/../../../../msp430/lib/mcpu-430x/mmpy-16/libc.a(strncmp.o)
 .debug_loc     0x0000000000000063       0x59 /usr/lib/gcc/msp430/4.5.3/../../../../msp430/lib/mcpu-430x/mmpy-16/libc.a(memcmp.o)
 .debug_loc     0x00000000000000bc      0x1c4 /usr/lib/gcc/msp430/4.5.3/../../../../msp430/lib/mcpu-430x/mmpy-16/libc.a(memcpy.o)
 .debug_loc     0x0000000000000280       0xf2 /usr/lib/gcc/msp430/4.5.3/../../../../msp430/lib/mcpu-430x/mmpy-16/libc.a(memset.o)
 .debug_loc     0x0000000000000372       0x24 /usr/lib/gcc/msp430/4.5.3/../../../../msp430/lib/mcpu-430x/mmpy-16/libc.a(printf.o)
 .debug_loc     0x0000000000000396      0x49c /usr/lib/gcc/msp430/4.5.3/../../../../msp430/lib/mcpu-430x/mmpy-16/libc.a(vuprintf.o)
 .debug_loc     0x0000000000000832       0x2d /usr/lib/gcc/msp430/4.5.3/../../../../msp430/lib/mcpu-430x/mmpy-16/libc.a(puts.o)
 .debug_loc     0x000000000000085f       0x4b /usr/lib/gcc/msp430/4.5.3/../../../../msp430/lib/mcpu-430x/mmpy-16/libc.a(rand.o)

.debug_macinfo
 *(.debug_macinfo)

.debug_pubtypes
                0x0000000000000000      0x13d
 *(.debug_pubtypes)
 .debug_pubtypes
                0x0000000000000000       0x1d /usr/lib/gcc/msp430/4.5.3/../../../../msp430/lib/mcpu-430x/mmpy-16/libc.a(strncmp.o)
 .debug_pubtypes
                0x000000000000001d       0x1d /usr/lib/gcc/msp430/4.5.3/../../../../msp430/lib/mcpu-430x/mmpy-16/libc.a(memcmp.o)
 .debug_pubtypes
                0x000000000000003a       0x26 /usr/lib/gcc/msp430/4.5.3/../../../../msp430/lib/mcpu-430x/mmpy-16/libc.a(memcpy.o)
 .debug_pubtypes
                0x0000000000000060       0x32 /usr/lib/gcc/msp430/4.5.3/../../../../msp430/lib/mcpu-430x/mmpy-16/libc.a(memset.o)
 .debug_pubtypes
                0x0000000000000092       0x31 /usr/lib/gcc/msp430/4.5.3/../../../../msp430/lib/mcpu-430x/mmpy-16/libc.a(printf.o)
 .debug_pubtypes
                0x00000000000000c3       0x56 /usr/lib/gcc/msp430/4.5.3/../../../../msp430/lib/mcpu-430x/mmpy-16/libc.a(vuprintf.o)
 .debug_pubtypes
                0x0000000000000119       0x12 /usr/lib/gcc/msp430/4.5.3/../../../../msp430/lib/mcpu-430x/mmpy-16/libc.a(puts.o)
 .debug_pubtypes
                0x000000000000012b       0x12 /usr/lib/gcc/msp430/4.5.3/../../../../msp430/lib/mcpu-430x/mmpy-16/libc.a(rand.o)

.debug_ranges   0x0000000000000000        0xc
 *(.debug_ranges)
 .debug_ranges  0x0000000000000000        0xc /usr/lib/gcc/msp430/4.5.3/../../../../msp430/lib/mcpu-430x/mmpy-16/libc.a(vuprintf.o)
                0x0000000000003100                PROVIDE (__stack, (ORIGIN (ram) + 0x2000))
                0x0000000000008d0c                PROVIDE (__data_start_rom, _etext)
                0x0000000000008dba                PROVIDE (__data_end_rom, (_etext + SIZEOF (.data)))
OUTPUT(burn-nodeid.z1 elf32-msp430)
